Mar 14 11:58:34 penas kernel: [    0.000000] Linux version 5.19.0-35-generic (buildd@lcy02-amd64-020) (x86_64-linux-gnu-gcc (Ubuntu 11.3.0-1ubuntu1~22.04) 11.3.0, GNU ld (GNU Binutils for Ubuntu) 2.38) #36~22.04.1-Ubuntu SMP PREEMPT_DYNAMIC Fri Feb 17 15:17:25 UTC 2 (Ubuntu 5.19.0-35.36~22.04.1-generic 5.19.17)
Mar 14 11:58:34 penas kernel: [    0.000000] Command line: BOOT_IMAGE=/boot/vmlinuz-5.19.0-35-generic root=UUID=8d6a4261-191c-40f3-967d-b79762fd1f45 ro quiet splash
Mar 14 11:58:34 penas kernel: [    0.000000] KERNEL supported cpus:
Mar 14 11:58:34 penas kernel: [    0.000000]   Intel GenuineIntel
Mar 14 11:58:34 penas kernel: [    0.000000]   AMD AuthenticAMD
Mar 14 11:58:34 penas kernel: [    0.000000]   Hygon HygonGenuine
Mar 14 11:58:34 penas kernel: [    0.000000]   Centaur CentaurHauls
Mar 14 11:58:34 penas kernel: [    0.000000]   zhaoxin   Shanghai  
Mar 14 11:58:34 penas kernel: [    0.000000] x86/fpu: x87 FPU will use FXSAVE
Mar 14 11:58:34 penas kernel: [    0.000000] signal: max sigframe size: 1440
Mar 14 11:58:34 penas kernel: [    0.000000] BIOS-provided physical RAM map:
Mar 14 11:58:34 penas kernel: [    0.000000] BIOS-e820: [mem 0x0000000000000000-0x000000000009fbff] usable
Mar 14 11:58:34 penas kernel: [    0.000000] BIOS-e820: [mem 0x000000000009fc00-0x000000000009ffff] reserved
Mar 14 11:58:34 penas kernel: [    0.000000] BIOS-e820: [mem 0x00000000000f0000-0x00000000000fffff] reserved
Mar 14 11:58:34 penas kernel: [    0.000000] BIOS-e820: [mem 0x0000000000100000-0x000000007ffeffff] usable
Mar 14 11:58:34 penas kernel: [    0.000000] BIOS-e820: [mem 0x000000007fff0000-0x000000007fffffff] ACPI data
Mar 14 11:58:34 penas kernel: [    0.000000] BIOS-e820: [mem 0x00000000fec00000-0x00000000fec00fff] reserved
Mar 14 11:58:34 penas kernel: [    0.000000] BIOS-e820: [mem 0x00000000fee00000-0x00000000fee00fff] reserved
Mar 14 11:58:34 penas kernel: [    0.000000] BIOS-e820: [mem 0x00000000fffc0000-0x00000000ffffffff] reserved
Mar 14 11:58:34 penas kernel: [    0.000000] NX (Execute Disable) protection: active
Mar 14 11:58:34 penas kernel: [    0.000000] SMBIOS 2.5 present.
Mar 14 11:58:34 penas kernel: [    0.000000] DMI: innotek GmbH VirtualBox/VirtualBox, BIOS VirtualBox 12/01/2006
Mar 14 11:58:34 penas kernel: [    0.000000] Hypervisor detected: KVM
Mar 14 11:58:34 penas kernel: [    0.000000] kvm-clock: Using msrs 4b564d01 and 4b564d00
Mar 14 11:58:34 penas kernel: [    0.000002] kvm-clock: using sched offset of 989372071454 cycles
Mar 14 11:58:34 penas kernel: [    0.000003] clocksource: kvm-clock: mask: 0xffffffffffffffff max_cycles: 0x1cd42e4dffb, max_idle_ns: 881590591483 ns
Mar 14 11:58:34 penas kernel: [    0.000006] tsc: Detected 2496.002 MHz processor
Mar 14 11:58:34 penas kernel: [    0.001396] e820: update [mem 0x00000000-0x00000fff] usable ==> reserved
Mar 14 11:58:34 penas kernel: [    0.001399] e820: remove [mem 0x000a0000-0x000fffff] usable
Mar 14 11:58:34 penas kernel: [    0.001402] last_pfn = 0x7fff0 max_arch_pfn = 0x400000000
Mar 14 11:58:34 penas kernel: [    0.001438] Disabled
Mar 14 11:58:34 penas kernel: [    0.001438] x86/PAT: MTRRs disabled, skipping PAT initialization too.
Mar 14 11:58:34 penas kernel: [    0.001442] CPU MTRRs all blank - virtualized system.
Mar 14 11:58:34 penas kernel: [    0.001444] x86/PAT: Configuration [0-7]: WB  WT  UC- UC  WB  WT  UC- UC  
Mar 14 11:58:34 penas kernel: [    0.001492] found SMP MP-table at [mem 0x0009fff0-0x0009ffff]
Mar 14 11:58:34 penas kernel: [    0.001593] RAMDISK: [mem 0x2f7fd000-0x33bf5fff]
Mar 14 11:58:34 penas kernel: [    0.001597] ACPI: Early table checksum verification disabled
Mar 14 11:58:34 penas kernel: [    0.001600] ACPI: RSDP 0x00000000000E0000 000024 (v02 VBOX  )
Mar 14 11:58:34 penas kernel: [    0.001604] ACPI: XSDT 0x000000007FFF0030 00003C (v01 VBOX   VBOXXSDT 00000001 ASL  00000061)
Mar 14 11:58:34 penas kernel: [    0.001609] ACPI: FACP 0x000000007FFF00F0 0000F4 (v04 VBOX   VBOXFACP 00000001 ASL  00000061)
Mar 14 11:58:34 penas kernel: [    0.001613] ACPI: DSDT 0x000000007FFF0610 002353 (v02 VBOX   VBOXBIOS 00000002 INTL 20100528)
Mar 14 11:58:34 penas kernel: [    0.001616] ACPI: FACS 0x000000007FFF0200 000040
Mar 14 11:58:34 penas kernel: [    0.001618] ACPI: FACS 0x000000007FFF0200 000040
Mar 14 11:58:34 penas kernel: [    0.001621] ACPI: APIC 0x000000007FFF0240 00005C (v02 VBOX   VBOXAPIC 00000001 ASL  00000061)
Mar 14 11:58:34 penas kernel: [    0.001623] ACPI: SSDT 0x000000007FFF02A0 00036C (v01 VBOX   VBOXCPUT 00000002 INTL 20100528)
Mar 14 11:58:34 penas kernel: [    0.001625] ACPI: Reserving FACP table memory at [mem 0x7fff00f0-0x7fff01e3]
Mar 14 11:58:34 penas kernel: [    0.001626] ACPI: Reserving DSDT table memory at [mem 0x7fff0610-0x7fff2962]
Mar 14 11:58:34 penas kernel: [    0.001627] ACPI: Reserving FACS table memory at [mem 0x7fff0200-0x7fff023f]
Mar 14 11:58:34 penas kernel: [    0.001627] ACPI: Reserving FACS table memory at [mem 0x7fff0200-0x7fff023f]
Mar 14 11:58:34 penas kernel: [    0.001627] ACPI: Reserving APIC table memory at [mem 0x7fff0240-0x7fff029b]
Mar 14 11:58:34 penas kernel: [    0.001628] ACPI: Reserving SSDT table memory at [mem 0x7fff02a0-0x7fff060b]
Mar 14 11:58:34 penas kernel: [    0.002237] No NUMA configuration found
Mar 14 11:58:34 penas kernel: [    0.002238] Faking a node at [mem 0x0000000000000000-0x000000007ffeffff]
Mar 14 11:58:34 penas kernel: [    0.002242] NODE_DATA(0) allocated [mem 0x7ffc5000-0x7ffeffff]
Mar 14 11:58:34 penas kernel: [    0.002442] Zone ranges:
Mar 14 11:58:34 penas kernel: [    0.002443]   DMA      [mem 0x0000000000001000-0x0000000000ffffff]
Mar 14 11:58:34 penas kernel: [    0.002444]   DMA32    [mem 0x0000000001000000-0x000000007ffeffff]
Mar 14 11:58:34 penas kernel: [    0.002445]   Normal   empty
Mar 14 11:58:34 penas kernel: [    0.002446]   Device   empty
Mar 14 11:58:34 penas kernel: [    0.002446] Movable zone start for each node
Mar 14 11:58:34 penas kernel: [    0.002447] Early memory node ranges
Mar 14 11:58:34 penas kernel: [    0.002448]   node   0: [mem 0x0000000000001000-0x000000000009efff]
Mar 14 11:58:34 penas kernel: [    0.002449]   node   0: [mem 0x0000000000100000-0x000000007ffeffff]
Mar 14 11:58:34 penas kernel: [    0.002450] Initmem setup node 0 [mem 0x0000000000001000-0x000000007ffeffff]
Mar 14 11:58:34 penas kernel: [    0.002452] On node 0, zone DMA: 1 pages in unavailable ranges
Mar 14 11:58:34 penas kernel: [    0.002470] On node 0, zone DMA: 97 pages in unavailable ranges
Mar 14 11:58:34 penas kernel: [    0.004720] On node 0, zone DMA32: 16 pages in unavailable ranges
Mar 14 11:58:34 penas kernel: [    0.005773] ACPI: PM-Timer IO Port: 0x4008
Mar 14 11:58:34 penas kernel: [    0.005990] IOAPIC[0]: apic_id 2, version 32, address 0xfec00000, GSI 0-23
Mar 14 11:58:34 penas kernel: [    0.005995] ACPI: INT_SRC_OVR (bus 0 bus_irq 0 global_irq 2 dfl dfl)
Mar 14 11:58:34 penas kernel: [    0.005997] ACPI: INT_SRC_OVR (bus 0 bus_irq 9 global_irq 9 low level)
Mar 14 11:58:34 penas kernel: [    0.006002] ACPI: Using ACPI (MADT) for SMP configuration information
Mar 14 11:58:34 penas kernel: [    0.006025] smpboot: Allowing 2 CPUs, 0 hotplug CPUs
Mar 14 11:58:34 penas kernel: [    0.006095] PM: hibernation: Registered nosave memory: [mem 0x00000000-0x00000fff]
Mar 14 11:58:34 penas kernel: [    0.006097] PM: hibernation: Registered nosave memory: [mem 0x0009f000-0x0009ffff]
Mar 14 11:58:34 penas kernel: [    0.006098] PM: hibernation: Registered nosave memory: [mem 0x000a0000-0x000effff]
Mar 14 11:58:34 penas kernel: [    0.006098] PM: hibernation: Registered nosave memory: [mem 0x000f0000-0x000fffff]
Mar 14 11:58:34 penas kernel: [    0.006099] [mem 0x80000000-0xfebfffff] available for PCI devices
Mar 14 11:58:34 penas kernel: [    0.006100] Booting paravirtualized kernel on KVM
Mar 14 11:58:34 penas kernel: [    0.006102] clocksource: refined-jiffies: mask: 0xffffffff max_cycles: 0xffffffff, max_idle_ns: 7645519600211568 ns
Mar 14 11:58:34 penas kernel: [    0.006108] setup_percpu: NR_CPUS:8192 nr_cpumask_bits:2 nr_cpu_ids:2 nr_node_ids:1
Mar 14 11:58:34 penas kernel: [    0.006622] percpu: Embedded 61 pages/cpu s212992 r8192 d28672 u1048576
Mar 14 11:58:34 penas kernel: [    0.006628] pcpu-alloc: s212992 r8192 d28672 u1048576 alloc=1*2097152
Mar 14 11:58:34 penas kernel: [    0.006631] pcpu-alloc: [0] 0 1 
Mar 14 11:58:34 penas kernel: [    0.006696] kvm-guest: PV spinlocks enabled
Mar 14 11:58:34 penas kernel: [    0.006698] PV qspinlock hash table entries: 256 (order: 0, 4096 bytes, linear)
Mar 14 11:58:34 penas kernel: [    0.006703] Fallback order for Node 0: 0 
Mar 14 11:58:34 penas kernel: [    0.006705] Built 1 zonelists, mobility grouping on.  Total pages: 515824
Mar 14 11:58:34 penas kernel: [    0.006706] Policy zone: DMA32
Mar 14 11:58:34 penas kernel: [    0.006707] Kernel command line: BOOT_IMAGE=/boot/vmlinuz-5.19.0-35-generic root=UUID=8d6a4261-191c-40f3-967d-b79762fd1f45 ro quiet splash
Mar 14 11:58:34 penas kernel: [    0.006743] Unknown kernel command line parameters "splash BOOT_IMAGE=/boot/vmlinuz-5.19.0-35-generic", will be passed to user space.
Mar 14 11:58:34 penas kernel: [    0.006854] Dentry cache hash table entries: 262144 (order: 9, 2097152 bytes, linear)
Mar 14 11:58:34 penas kernel: [    0.006909] Inode-cache hash table entries: 131072 (order: 8, 1048576 bytes, linear)
Mar 14 11:58:34 penas kernel: [    0.006946] mem auto-init: stack:off, heap alloc:on, heap free:off
Mar 14 11:58:34 penas kernel: [    0.009803] Memory: 1944520K/2096696K available (18440K kernel code, 4050K rwdata, 11288K rodata, 3168K init, 4908K bss, 151916K reserved, 0K cma-reserved)
Mar 14 11:58:34 penas kernel: [    0.010136] SLUB: HWalign=64, Order=0-3, MinObjects=0, CPUs=2, Nodes=1
Mar 14 11:58:34 penas kernel: [    0.010151] ftrace: allocating 52174 entries in 204 pages
Mar 14 11:58:34 penas kernel: [    0.016898] ftrace: allocated 204 pages with 4 groups
Mar 14 11:58:34 penas kernel: [    0.017512] Dynamic Preempt: voluntary
Mar 14 11:58:34 penas kernel: [    0.017540] rcu: Preemptible hierarchical RCU implementation.
Mar 14 11:58:34 penas kernel: [    0.017541] rcu: 	RCU restricting CPUs from NR_CPUS=8192 to nr_cpu_ids=2.
Mar 14 11:58:34 penas kernel: [    0.017542] 	Trampoline variant of Tasks RCU enabled.
Mar 14 11:58:34 penas kernel: [    0.017542] 	Rude variant of Tasks RCU enabled.
Mar 14 11:58:34 penas kernel: [    0.017542] 	Tracing variant of Tasks RCU enabled.
Mar 14 11:58:34 penas kernel: [    0.017543] rcu: RCU calculated value of scheduler-enlistment delay is 25 jiffies.
Mar 14 11:58:34 penas kernel: [    0.017543] rcu: Adjusting geometry for rcu_fanout_leaf=16, nr_cpu_ids=2
Mar 14 11:58:34 penas kernel: [    0.020254] NR_IRQS: 524544, nr_irqs: 440, preallocated irqs: 16
Mar 14 11:58:34 penas kernel: [    0.020486] rcu: srcu_init: Setting srcu_struct sizes based on contention.
Mar 14 11:58:34 penas kernel: [    0.020672] random: crng init done
Mar 14 11:58:34 penas kernel: [    0.048649] Console: colour VGA+ 80x25
Mar 14 11:58:34 penas kernel: [    0.048657] printk: console [tty0] enabled
Mar 14 11:58:34 penas kernel: [    0.048676] ACPI: Core revision 20220331
Mar 14 11:58:34 penas kernel: [    0.049479] APIC: Switch to symmetric I/O mode setup
Mar 14 11:58:34 penas kernel: [    0.058213] ..TIMER: vector=0x30 apic1=0 pin1=2 apic2=-1 pin2=-1
Mar 14 11:58:34 penas kernel: [    0.058340] clocksource: tsc-early: mask: 0xffffffffffffffff max_cycles: 0x23fa79125d1, max_idle_ns: 440795329579 ns
Mar 14 11:58:34 penas kernel: [    0.058348] Calibrating delay loop (skipped) preset value.. 4992.00 BogoMIPS (lpj=9984008)
Mar 14 11:58:34 penas kernel: [    0.058350] pid_max: default: 32768 minimum: 301
Mar 14 11:58:34 penas kernel: [    0.058365] LSM: Security Framework initializing
Mar 14 11:58:34 penas kernel: [    0.058371] landlock: Up and running.
Mar 14 11:58:34 penas kernel: [    0.058372] Yama: becoming mindful.
Mar 14 11:58:34 penas kernel: [    0.058388] AppArmor: AppArmor initialized
Mar 14 11:58:34 penas kernel: [    0.058408] Mount-cache hash table entries: 4096 (order: 3, 32768 bytes, linear)
Mar 14 11:58:34 penas kernel: [    0.058411] Mountpoint-cache hash table entries: 4096 (order: 3, 32768 bytes, linear)
Mar 14 11:58:34 penas kernel: [    0.059212] Last level iTLB entries: 4KB 0, 2MB 0, 4MB 0
Mar 14 11:58:34 penas kernel: [    0.059214] Last level dTLB entries: 4KB 0, 2MB 0, 4MB 0, 1GB 0
Mar 14 11:58:34 penas kernel: [    0.059217] Spectre V1 : Mitigation: usercopy/swapgs barriers and __user pointer sanitization
Mar 14 11:58:34 penas kernel: [    0.059219] Spectre V2 : Mitigation: Enhanced IBRS
Mar 14 11:58:34 penas kernel: [    0.059219] Spectre V2 : Spectre v2 / SpectreRSB mitigation: Filling RSB on context switch
Mar 14 11:58:34 penas kernel: [    0.059220] Spectre V2 : Spectre v2 / PBRSB-eIBRS: Retire a single CALL on VMEXIT
Mar 14 11:58:34 penas kernel: [    0.059220] RETBleed: Mitigation: Enhanced IBRS
Mar 14 11:58:34 penas kernel: [    0.059220] Speculative Store Bypass: Vulnerable
Mar 14 11:58:34 penas kernel: [    0.062344] Freeing SMP alternatives memory: 44K
Mar 14 11:58:34 penas kernel: [    0.190346] APIC calibration not consistent with PM-Timer: 108ms instead of 100ms
Mar 14 11:58:34 penas kernel: [    0.190350] APIC delta adjusted to PM-Timer: 6253236 (6762259)
Mar 14 11:58:34 penas kernel: [    0.190539] smpboot: CPU0: 12th Gen Intel(R) Core(TM) i5-12400 (family: 0x6, model: 0x97, stepping: 0x2)
Mar 14 11:58:34 penas kernel: [    0.190629] cblist_init_generic: Setting adjustable number of callback queues.
Mar 14 11:58:34 penas kernel: [    0.190630] cblist_init_generic: Setting shift to 1 and lim to 1.
Mar 14 11:58:34 penas kernel: [    0.190639] cblist_init_generic: Setting shift to 1 and lim to 1.
Mar 14 11:58:34 penas kernel: [    0.190646] cblist_init_generic: Setting shift to 1 and lim to 1.
Mar 14 11:58:34 penas kernel: [    0.190651] Performance Events: unsupported p6 CPU model 151 no PMU driver, software events only.
Mar 14 11:58:34 penas kernel: [    0.190672] rcu: Hierarchical SRCU implementation.
Mar 14 11:58:34 penas kernel: [    0.190673] rcu: 	Max phase no-delay instances is 1000.
Mar 14 11:58:34 penas kernel: [    0.190935] NMI watchdog: Perf NMI watchdog permanently disabled
Mar 14 11:58:34 penas kernel: [    0.190966] smp: Bringing up secondary CPUs ...
Mar 14 11:58:34 penas kernel: [    0.191016] x86: Booting SMP configuration:
Mar 14 11:58:34 penas kernel: [    0.191017] .... node  #0, CPUs:      #1
Mar 14 11:58:34 penas kernel: [    0.194344] TSC synchronization [CPU#0 -> CPU#1]:
Mar 14 11:58:34 penas kernel: [    0.194344] Measured 54091 cycles TSC warp between CPUs, turning off TSC clock.
Mar 14 11:58:34 penas kernel: [    0.194344] tsc: Marking TSC unstable due to check_tsc_sync_source failed
Mar 14 11:58:34 penas kernel: [    0.194616] smp: Brought up 1 node, 2 CPUs
Mar 14 11:58:34 penas kernel: [    0.194618] smpboot: Max logical packages: 1
Mar 14 11:58:34 penas kernel: [    0.194619] smpboot: Total of 2 processors activated (9984.00 BogoMIPS)
Mar 14 11:58:34 penas kernel: [    0.194772] devtmpfs: initialized
Mar 14 11:58:34 penas kernel: [    0.194772] x86/mm: Memory block size: 128MB
Mar 14 11:58:34 penas kernel: [    0.194772] clocksource: jiffies: mask: 0xffffffff max_cycles: 0xffffffff, max_idle_ns: 7645041785100000 ns
Mar 14 11:58:34 penas kernel: [    0.194772] futex hash table entries: 512 (order: 3, 32768 bytes, linear)
Mar 14 11:58:34 penas kernel: [    0.194772] pinctrl core: initialized pinctrl subsystem
Mar 14 11:58:34 penas kernel: [    0.194772] PM: RTC time: 03:58:25, date: 2023-03-14
Mar 14 11:58:34 penas kernel: [    0.195479] NET: Registered PF_NETLINK/PF_ROUTE protocol family
Mar 14 11:58:34 penas kernel: [    0.195536] DMA: preallocated 256 KiB GFP_KERNEL pool for atomic allocations
Mar 14 11:58:34 penas kernel: [    0.195555] DMA: preallocated 256 KiB GFP_KERNEL|GFP_DMA pool for atomic allocations
Mar 14 11:58:34 penas kernel: [    0.195565] DMA: preallocated 256 KiB GFP_KERNEL|GFP_DMA32 pool for atomic allocations
Mar 14 11:58:34 penas kernel: [    0.195569] audit: initializing netlink subsys (disabled)
Mar 14 11:58:34 penas kernel: [    0.195641] audit: type=2000 audit(1678767295.040:1): state=initialized audit_enabled=0 res=1
Mar 14 11:58:34 penas kernel: [    0.195641] thermal_sys: Registered thermal governor 'fair_share'
Mar 14 11:58:34 penas kernel: [    0.195641] thermal_sys: Registered thermal governor 'bang_bang'
Mar 14 11:58:34 penas kernel: [    0.195641] thermal_sys: Registered thermal governor 'step_wise'
Mar 14 11:58:34 penas kernel: [    0.195641] thermal_sys: Registered thermal governor 'user_space'
Mar 14 11:58:34 penas kernel: [    0.195641] thermal_sys: Registered thermal governor 'power_allocator'
Mar 14 11:58:34 penas kernel: [    0.195641] EISA bus registered
Mar 14 11:58:34 penas kernel: [    0.195641] cpuidle: using governor ladder
Mar 14 11:58:34 penas kernel: [    0.195641] cpuidle: using governor menu
Mar 14 11:58:34 penas kernel: [    0.195641] acpiphp: ACPI Hot Plug PCI Controller Driver version: 0.5
Mar 14 11:58:34 penas kernel: [    0.195641] PCI: Using configuration type 1 for base access
Mar 14 11:58:34 penas kernel: [    0.198384] kprobes: kprobe jump-optimization is enabled. All kprobes are optimized if possible.
Mar 14 11:58:34 penas kernel: [    0.214732] HugeTLB: can optimize 7 vmemmap pages for hugepages-2048kB
Mar 14 11:58:34 penas kernel: [    0.214732] HugeTLB registered 2.00 MiB page size, pre-allocated 0 pages
Mar 14 11:58:34 penas kernel: [    0.214732] ACPI: Added _OSI(Module Device)
Mar 14 11:58:34 penas kernel: [    0.214732] ACPI: Added _OSI(Processor Device)
Mar 14 11:58:34 penas kernel: [    0.214732] ACPI: Added _OSI(3.0 _SCP Extensions)
Mar 14 11:58:34 penas kernel: [    0.214732] ACPI: Added _OSI(Processor Aggregator Device)
Mar 14 11:58:34 penas kernel: [    0.214732] ACPI: Added _OSI(Linux-Dell-Video)
Mar 14 11:58:34 penas kernel: [    0.214732] ACPI: Added _OSI(Linux-Lenovo-NV-HDMI-Audio)
Mar 14 11:58:34 penas kernel: [    0.214732] ACPI: Added _OSI(Linux-HPI-Hybrid-Graphics)
Mar 14 11:58:34 penas kernel: [    0.216042] ACPI: 2 ACPI AML tables successfully acquired and loaded
Mar 14 11:58:34 penas kernel: [    0.219537] ACPI: Interpreter enabled
Mar 14 11:58:34 penas kernel: [    0.219545] ACPI: PM: (supports S0 S5)
Mar 14 11:58:34 penas kernel: [    0.219546] ACPI: Using IOAPIC for interrupt routing
Mar 14 11:58:34 penas kernel: [    0.219756] PCI: Using host bridge windows from ACPI; if necessary, use "pci=nocrs" and report a bug
Mar 14 11:58:34 penas kernel: [    0.219757] PCI: Using E820 reservations for host bridge windows
Mar 14 11:58:34 penas kernel: [    0.219832] ACPI: Enabled 2 GPEs in block 00 to 07
Mar 14 11:58:34 penas kernel: [    0.223472] ACPI: PCI Root Bridge [PCI0] (domain 0000 [bus 00-ff])
Mar 14 11:58:34 penas kernel: [    0.223477] acpi PNP0A03:00: _OSC: OS supports [ASPM ClockPM Segments MSI EDR HPX-Type3]
Mar 14 11:58:34 penas kernel: [    0.223478] acpi PNP0A03:00: _OSC: not requesting OS control; OS requires [ExtendedConfig ASPM ClockPM MSI]
Mar 14 11:58:34 penas kernel: [    0.223912] acpi PNP0A03:00: fail to add MMCONFIG information, can't access extended PCI configuration space under this bridge.
Mar 14 11:58:34 penas kernel: [    0.224254] PCI host bridge to bus 0000:00
Mar 14 11:58:34 penas kernel: [    0.224255] pci_bus 0000:00: root bus resource [io  0x0000-0x0cf7 window]
Mar 14 11:58:34 penas kernel: [    0.224256] pci_bus 0000:00: root bus resource [io  0x0d00-0xffff window]
Mar 14 11:58:34 penas kernel: [    0.224257] pci_bus 0000:00: root bus resource [mem 0x000a0000-0x000bffff window]
Mar 14 11:58:34 penas kernel: [    0.224258] pci_bus 0000:00: root bus resource [mem 0x80000000-0xfdffffff window]
Mar 14 11:58:34 penas kernel: [    0.224259] pci_bus 0000:00: root bus resource [bus 00-ff]
Mar 14 11:58:34 penas kernel: [    0.224459] pci 0000:00:00.0: [8086:1237] type 00 class 0x060000
Mar 14 11:58:34 penas kernel: [    0.225214] pci 0000:00:01.0: [8086:7000] type 00 class 0x060100
Mar 14 11:58:34 penas kernel: [    0.226343] pci 0000:00:01.1: [8086:7111] type 00 class 0x01018a
Mar 14 11:58:34 penas kernel: [    0.226344] pci 0000:00:01.1: reg 0x20: [io  0xd000-0xd00f]
Mar 14 11:58:34 penas kernel: [    0.226344] pci 0000:00:01.1: legacy IDE quirk: reg 0x10: [io  0x01f0-0x01f7]
Mar 14 11:58:34 penas kernel: [    0.226344] pci 0000:00:01.1: legacy IDE quirk: reg 0x14: [io  0x03f6]
Mar 14 11:58:34 penas kernel: [    0.226344] pci 0000:00:01.1: legacy IDE quirk: reg 0x18: [io  0x0170-0x0177]
Mar 14 11:58:34 penas kernel: [    0.226344] pci 0000:00:01.1: legacy IDE quirk: reg 0x1c: [io  0x0376]
Mar 14 11:58:34 penas kernel: [    0.226344] pci 0000:00:02.0: [15ad:0405] type 00 class 0x030000
Mar 14 11:58:34 penas kernel: [    0.226663] pci 0000:00:02.0: reg 0x10: [io  0xd010-0xd01f]
Mar 14 11:58:34 penas kernel: [    0.227253] pci 0000:00:02.0: reg 0x14: [mem 0xe0000000-0xe0ffffff pref]
Mar 14 11:58:34 penas kernel: [    0.227825] pci 0000:00:02.0: reg 0x18: [mem 0xf0000000-0xf01fffff]
Mar 14 11:58:34 penas kernel: [    0.230131] pci 0000:00:02.0: Video device with shadowed ROM at [mem 0x000c0000-0x000dffff]
Mar 14 11:58:34 penas kernel: [    0.230344] pci 0000:00:03.0: [8086:100e] type 00 class 0x020000
Mar 14 11:58:34 penas kernel: [    0.230344] pci 0000:00:03.0: reg 0x10: [mem 0xf0200000-0xf021ffff]
Mar 14 11:58:34 penas kernel: [    0.230344] pci 0000:00:03.0: reg 0x18: [io  0xd020-0xd027]
Mar 14 11:58:34 penas kernel: [    0.231298] pci 0000:00:04.0: [80ee:cafe] type 00 class 0x088000
Mar 14 11:58:34 penas kernel: [    0.231705] pci 0000:00:04.0: reg 0x10: [io  0xd040-0xd05f]
Mar 14 11:58:34 penas kernel: [    0.232031] pci 0000:00:04.0: reg 0x14: [mem 0xf0400000-0xf07fffff]
Mar 14 11:58:34 penas kernel: [    0.232790] pci 0000:00:04.0: reg 0x18: [mem 0xf0800000-0xf0803fff pref]
Mar 14 11:58:34 penas kernel: [    0.234168] pci 0000:00:05.0: [8086:2415] type 00 class 0x040100
Mar 14 11:58:34 penas kernel: [    0.234344] pci 0000:00:05.0: reg 0x10: [io  0xd100-0xd1ff]
Mar 14 11:58:34 penas kernel: [    0.234344] pci 0000:00:05.0: reg 0x14: [io  0xd200-0xd23f]
Mar 14 11:58:34 penas kernel: [    0.234344] pci 0000:00:06.0: [106b:003f] type 00 class 0x0c0310
Mar 14 11:58:34 penas kernel: [    0.234344] pci 0000:00:06.0: reg 0x10: [mem 0xf0804000-0xf0804fff]
Mar 14 11:58:34 penas kernel: [    0.235225] pci 0000:00:07.0: [8086:7113] type 00 class 0x068000
Mar 14 11:58:34 penas kernel: [    0.235889] pci 0000:00:07.0: quirk: [io  0x4000-0x403f] claimed by PIIX4 ACPI
Mar 14 11:58:34 penas kernel: [    0.235906] pci 0000:00:07.0: quirk: [io  0x4100-0x410f] claimed by PIIX4 SMB
Mar 14 11:58:34 penas kernel: [    0.241543] pci 0000:00:0b.0: [8086:265c] type 00 class 0x0c0320
Mar 14 11:58:34 penas kernel: [    0.241771] pci 0000:00:0b.0: reg 0x10: [mem 0xf0805000-0xf0805fff]
Mar 14 11:58:34 penas kernel: [    0.243651] pci 0000:00:0d.0: [8086:2829] type 00 class 0x010601
Mar 14 11:58:34 penas kernel: [    0.243878] pci 0000:00:0d.0: reg 0x10: [io  0xd240-0xd247]
Mar 14 11:58:34 penas kernel: [    0.244004] pci 0000:00:0d.0: reg 0x14: [io  0xd248-0xd24b]
Mar 14 11:58:34 penas kernel: [    0.244131] pci 0000:00:0d.0: reg 0x18: [io  0xd250-0xd257]
Mar 14 11:58:34 penas kernel: [    0.244255] pci 0000:00:0d.0: reg 0x1c: [io  0xd258-0xd25b]
Mar 14 11:58:34 penas kernel: [    0.244378] pci 0000:00:0d.0: reg 0x20: [io  0xd260-0xd26f]
Mar 14 11:58:34 penas kernel: [    0.244501] pci 0000:00:0d.0: reg 0x24: [mem 0xf0806000-0xf0807fff]
Mar 14 11:58:34 penas kernel: [    0.274638] ACPI: PCI: Interrupt link LNKA configured for IRQ 11
Mar 14 11:58:34 penas kernel: [    0.274919] ACPI: PCI: Interrupt link LNKB configured for IRQ 10
Mar 14 11:58:34 penas kernel: [    0.275018] ACPI: PCI: Interrupt link LNKC configured for IRQ 9
Mar 14 11:58:34 penas kernel: [    0.275116] ACPI: PCI: Interrupt link LNKD configured for IRQ 11
Mar 14 11:58:34 penas kernel: [    0.275297] iommu: Default domain type: Translated 
Mar 14 11:58:34 penas kernel: [    0.275297] iommu: DMA domain TLB invalidation policy: lazy mode 
Mar 14 11:58:34 penas kernel: [    0.275297] SCSI subsystem initialized
Mar 14 11:58:34 penas kernel: [    0.275297] libata version 3.00 loaded.
Mar 14 11:58:34 penas kernel: [    0.275297] ACPI: bus type USB registered
Mar 14 11:58:34 penas kernel: [    0.275297] usbcore: registered new interface driver usbfs
Mar 14 11:58:34 penas kernel: [    0.275297] usbcore: registered new interface driver hub
Mar 14 11:58:34 penas kernel: [    0.275297] usbcore: registered new device driver usb
Mar 14 11:58:34 penas kernel: [    0.275297] pps_core: LinuxPPS API ver. 1 registered
Mar 14 11:58:34 penas kernel: [    0.275297] pps_core: Software ver. 5.3.6 - Copyright 2005-2007 Rodolfo Giometti <giometti@linux.it>
Mar 14 11:58:34 penas kernel: [    0.275297] PTP clock support registered
Mar 14 11:58:34 penas kernel: [    0.275297] EDAC MC: Ver: 3.0.0
Mar 14 11:58:34 penas kernel: [    0.275297] NetLabel: Initializing
Mar 14 11:58:34 penas kernel: [    0.275297] NetLabel:  domain hash size = 128
Mar 14 11:58:34 penas kernel: [    0.275297] NetLabel:  protocols = UNLABELED CIPSOv4 CALIPSO
Mar 14 11:58:34 penas kernel: [    0.275297] NetLabel:  unlabeled traffic allowed by default
Mar 14 11:58:34 penas kernel: [    0.275297] mctp: management component transport protocol core
Mar 14 11:58:34 penas kernel: [    0.275297] NET: Registered PF_MCTP protocol family
Mar 14 11:58:34 penas kernel: [    0.275297] PCI: Using ACPI for IRQ routing
Mar 14 11:58:34 penas kernel: [    0.275297] PCI: pci_cache_line_size set to 64 bytes
Mar 14 11:58:34 penas kernel: [    0.275297] e820: reserve RAM buffer [mem 0x0009fc00-0x0009ffff]
Mar 14 11:58:34 penas kernel: [    0.275297] e820: reserve RAM buffer [mem 0x7fff0000-0x7fffffff]
Mar 14 11:58:34 penas kernel: [    0.275297] pci 0000:00:02.0: vgaarb: setting as boot VGA device
Mar 14 11:58:34 penas kernel: [    0.275297] pci 0000:00:02.0: vgaarb: bridge control possible
Mar 14 11:58:34 penas kernel: [    0.275297] pci 0000:00:02.0: vgaarb: VGA device added: decodes=io+mem,owns=io+mem,locks=none
Mar 14 11:58:34 penas kernel: [    0.275297] vgaarb: loaded
Mar 14 11:58:34 penas kernel: [    0.278949] clocksource: Switched to clocksource kvm-clock
Mar 14 11:58:34 penas kernel: [    0.285581] VFS: Disk quotas dquot_6.6.0
Mar 14 11:58:34 penas kernel: [    0.285588] VFS: Dquot-cache hash table entries: 512 (order 0, 4096 bytes)
Mar 14 11:58:34 penas kernel: [    0.285647] AppArmor: AppArmor Filesystem Enabled
Mar 14 11:58:34 penas kernel: [    0.285658] pnp: PnP ACPI init
Mar 14 11:58:34 penas kernel: [    0.286363] pnp: PnP ACPI: found 2 devices
Mar 14 11:58:34 penas kernel: [    0.311253] clocksource: acpi_pm: mask: 0xffffff max_cycles: 0xffffff, max_idle_ns: 2085701024 ns
Mar 14 11:58:34 penas kernel: [    0.311300] NET: Registered PF_INET protocol family
Mar 14 11:58:34 penas kernel: [    0.311334] IP idents hash table entries: 32768 (order: 6, 262144 bytes, linear)
Mar 14 11:58:34 penas kernel: [    0.311772] tcp_listen_portaddr_hash hash table entries: 1024 (order: 2, 16384 bytes, linear)
Mar 14 11:58:34 penas kernel: [    0.311793] Table-perturb hash table entries: 65536 (order: 6, 262144 bytes, linear)
Mar 14 11:58:34 penas kernel: [    0.311802] TCP established hash table entries: 16384 (order: 5, 131072 bytes, linear)
Mar 14 11:58:34 penas kernel: [    0.311827] TCP bind hash table entries: 16384 (order: 6, 262144 bytes, linear)
Mar 14 11:58:34 penas kernel: [    0.311836] TCP: Hash tables configured (established 16384 bind 16384)
Mar 14 11:58:34 penas kernel: [    0.311873] MPTCP token hash table entries: 2048 (order: 3, 49152 bytes, linear)
Mar 14 11:58:34 penas kernel: [    0.311882] UDP hash table entries: 1024 (order: 3, 32768 bytes, linear)
Mar 14 11:58:34 penas kernel: [    0.311886] UDP-Lite hash table entries: 1024 (order: 3, 32768 bytes, linear)
Mar 14 11:58:34 penas kernel: [    0.311902] NET: Registered PF_UNIX/PF_LOCAL protocol family
Mar 14 11:58:34 penas kernel: [    0.311905] NET: Registered PF_XDP protocol family
Mar 14 11:58:34 penas kernel: [    0.311911] pci_bus 0000:00: resource 4 [io  0x0000-0x0cf7 window]
Mar 14 11:58:34 penas kernel: [    0.311913] pci_bus 0000:00: resource 5 [io  0x0d00-0xffff window]
Mar 14 11:58:34 penas kernel: [    0.311914] pci_bus 0000:00: resource 6 [mem 0x000a0000-0x000bffff window]
Mar 14 11:58:34 penas kernel: [    0.311915] pci_bus 0000:00: resource 7 [mem 0x80000000-0xfdffffff window]
Mar 14 11:58:34 penas kernel: [    0.311951] pci 0000:00:00.0: Limiting direct PCI/PCI transfers
Mar 14 11:58:34 penas kernel: [    0.311967] pci 0000:00:01.0: Activating ISA DMA hang workarounds
Mar 14 11:58:34 penas kernel: [    0.314328] PCI: CLS 0 bytes, default 64
Mar 14 11:58:34 penas kernel: [    0.314359] Trying to unpack rootfs image as initramfs...
Mar 14 11:58:34 penas kernel: [    0.315418] platform rtc_cmos: registered platform RTC device (no PNP device found)
Mar 14 11:58:34 penas kernel: [    0.315939] Initialise system trusted keyrings
Mar 14 11:58:34 penas kernel: [    0.315947] Key type blacklist registered
Mar 14 11:58:34 penas kernel: [    0.315977] workingset: timestamp_bits=36 max_order=19 bucket_order=0
Mar 14 11:58:34 penas kernel: [    0.316853] zbud: loaded
Mar 14 11:58:34 penas kernel: [    0.317046] squashfs: version 4.0 (2009/01/31) Phillip Lougher
Mar 14 11:58:34 penas kernel: [    0.317141] fuse: init (API version 7.36)
Mar 14 11:58:34 penas kernel: [    0.317979] integrity: Platform Keyring initialized
Mar 14 11:58:34 penas kernel: [    0.317981] integrity: Machine keyring initialized
Mar 14 11:58:34 penas kernel: [    0.319197] Key type asymmetric registered
Mar 14 11:58:34 penas kernel: [    0.319197] Asymmetric key parser 'x509' registered
Mar 14 11:58:34 penas kernel: [    0.550817] Freeing initrd memory: 69604K
Mar 14 11:58:34 penas kernel: [    0.555814] alg: self-tests for CTR-KDF (hmac(sha256)) passed
Mar 14 11:58:34 penas kernel: [    0.555834] Block layer SCSI generic (bsg) driver version 0.4 loaded (major 243)
Mar 14 11:58:34 penas kernel: [    0.556060] io scheduler mq-deadline registered
Mar 14 11:58:34 penas kernel: [    0.557512] shpchp: Standard Hot Plug PCI Controller Driver version: 0.4
Mar 14 11:58:34 penas kernel: [    0.557646] ACPI: AC: AC Adapter [AC] (on-line)
Mar 14 11:58:34 penas kernel: [    0.557673] input: Power Button as /devices/LNXSYSTM:00/LNXPWRBN:00/input/input0
Mar 14 11:58:34 penas kernel: [    0.557919] ACPI: button: Power Button [PWRF]
Mar 14 11:58:34 penas kernel: [    0.557978] input: Sleep Button as /devices/LNXSYSTM:00/LNXSLPBN:00/input/input1
Mar 14 11:58:34 penas kernel: [    0.557986] ACPI: button: Sleep Button [SLPF]
Mar 14 11:58:34 penas kernel: [    0.558836] Serial: 8250/16550 driver, 32 ports, IRQ sharing enabled
Mar 14 11:58:34 penas kernel: [    0.559624] Linux agpgart interface v0.103
Mar 14 11:58:34 penas kernel: [    0.560500] loop: module loaded
Mar 14 11:58:34 penas kernel: [    0.560564] ata_piix 0000:00:01.1: version 2.13
Mar 14 11:58:34 penas kernel: [    0.561471] scsi host0: ata_piix
Mar 14 11:58:34 penas kernel: [    0.561733] scsi host1: ata_piix
Mar 14 11:58:34 penas kernel: [    0.561752] ata1: PATA max UDMA/33 cmd 0x1f0 ctl 0x3f6 bmdma 0xd000 irq 14
Mar 14 11:58:34 penas kernel: [    0.561765] ata2: PATA max UDMA/33 cmd 0x170 ctl 0x376 bmdma 0xd008 irq 15
Mar 14 11:58:34 penas kernel: [    0.561903] tun: Universal TUN/TAP device driver, 1.6
Mar 14 11:58:34 penas kernel: [    0.561937] PPP generic driver version 2.4.2
Mar 14 11:58:34 penas kernel: [    0.561960] VFIO - User Level meta-driver version: 0.3
Mar 14 11:58:34 penas kernel: [    0.561987] ehci_hcd: USB 2.0 'Enhanced' Host Controller (EHCI) Driver
Mar 14 11:58:34 penas kernel: [    0.561988] ehci-pci: EHCI PCI platform driver
Mar 14 11:58:34 penas kernel: [    0.562740] ehci-pci 0000:00:0b.0: EHCI Host Controller
Mar 14 11:58:34 penas kernel: [    0.562744] ehci-pci 0000:00:0b.0: new USB bus registered, assigned bus number 1
Mar 14 11:58:34 penas kernel: [    0.563289] ehci-pci 0000:00:0b.0: irq 19, io mem 0xf0805000
Mar 14 11:58:34 penas kernel: [    0.578699] ehci-pci 0000:00:0b.0: USB 2.0 started, EHCI 1.00
Mar 14 11:58:34 penas kernel: [    0.578744] usb usb1: New USB device found, idVendor=1d6b, idProduct=0002, bcdDevice= 5.19
Mar 14 11:58:34 penas kernel: [    0.578746] usb usb1: New USB device strings: Mfr=3, Product=2, SerialNumber=1
Mar 14 11:58:34 penas kernel: [    0.578747] usb usb1: Product: EHCI Host Controller
Mar 14 11:58:34 penas kernel: [    0.578748] usb usb1: Manufacturer: Linux 5.19.0-35-generic ehci_hcd
Mar 14 11:58:34 penas kernel: [    0.578749] usb usb1: SerialNumber: 0000:00:0b.0
Mar 14 11:58:34 penas kernel: [    0.578796] hub 1-0:1.0: USB hub found
Mar 14 11:58:34 penas kernel: [    0.578799] hub 1-0:1.0: 12 ports detected
Mar 14 11:58:34 penas kernel: [    0.579085] ehci-platform: EHCI generic platform driver
Mar 14 11:58:34 penas kernel: [    0.579090] ohci_hcd: USB 1.1 'Open' Host Controller (OHCI) Driver
Mar 14 11:58:34 penas kernel: [    0.579091] ohci-pci: OHCI PCI platform driver
Mar 14 11:58:34 penas kernel: [    0.579935] ohci-pci 0000:00:06.0: OHCI PCI host controller
Mar 14 11:58:34 penas kernel: [    0.579939] ohci-pci 0000:00:06.0: new USB bus registered, assigned bus number 2
Mar 14 11:58:34 penas kernel: [    0.580177] ohci-pci 0000:00:06.0: irq 22, io mem 0xf0804000
Mar 14 11:58:34 penas kernel: [    0.639421] usb usb2: New USB device found, idVendor=1d6b, idProduct=0001, bcdDevice= 5.19
Mar 14 11:58:34 penas kernel: [    0.639424] usb usb2: New USB device strings: Mfr=3, Product=2, SerialNumber=1
Mar 14 11:58:34 penas kernel: [    0.639425] usb usb2: Product: OHCI PCI host controller
Mar 14 11:58:34 penas kernel: [    0.639426] usb usb2: Manufacturer: Linux 5.19.0-35-generic ohci_hcd
Mar 14 11:58:34 penas kernel: [    0.639427] usb usb2: SerialNumber: 0000:00:06.0
Mar 14 11:58:34 penas kernel: [    0.639498] hub 2-0:1.0: USB hub found
Mar 14 11:58:34 penas kernel: [    0.639535] hub 2-0:1.0: 12 ports detected
Mar 14 11:58:34 penas kernel: [    0.640238] ohci-platform: OHCI generic platform driver
Mar 14 11:58:34 penas kernel: [    0.640247] uhci_hcd: USB Universal Host Controller Interface driver
Mar 14 11:58:34 penas kernel: [    0.640285] i8042: PNP: PS/2 Controller [PNP0303:PS2K,PNP0f03:PS2M] at 0x60,0x64 irq 1,12
Mar 14 11:58:34 penas kernel: [    0.641906] serio: i8042 KBD port at 0x60,0x64 irq 1
Mar 14 11:58:34 penas kernel: [    0.641910] serio: i8042 AUX port at 0x60,0x64 irq 12
Mar 14 11:58:34 penas kernel: [    0.641975] mousedev: PS/2 mouse device common for all mice
Mar 14 11:58:34 penas kernel: [    0.642867] input: AT Translated Set 2 keyboard as /devices/platform/i8042/serio0/input/input2
Mar 14 11:58:34 penas kernel: [    0.644516] rtc_cmos rtc_cmos: registered as rtc0
Mar 14 11:58:34 penas kernel: [    0.644673] rtc_cmos rtc_cmos: setting system clock to 2023-03-14T03:58:26 UTC (1678766306)
Mar 14 11:58:34 penas kernel: [    0.644684] rtc_cmos rtc_cmos: alarms up to one day, 114 bytes nvram
Mar 14 11:58:34 penas kernel: [    0.644688] i2c_dev: i2c /dev entries driver
Mar 14 11:58:34 penas kernel: [    0.644699] device-mapper: core: CONFIG_IMA_DISABLE_HTABLE is disabled. Duplicate IMA measurements will not be recorded in the IMA log.
Mar 14 11:58:34 penas kernel: [    0.644715] device-mapper: uevent: version 1.0.3
Mar 14 11:58:34 penas kernel: [    0.644956] device-mapper: ioctl: 4.47.0-ioctl (2022-07-28) initialised: dm-devel@redhat.com
Mar 14 11:58:34 penas kernel: [    0.644969] platform eisa.0: Probing EISA bus 0
Mar 14 11:58:34 penas kernel: [    0.644970] platform eisa.0: EISA: Cannot allocate resource for mainboard
Mar 14 11:58:34 penas kernel: [    0.644971] platform eisa.0: Cannot allocate resource for EISA slot 1
Mar 14 11:58:34 penas kernel: [    0.644971] platform eisa.0: Cannot allocate resource for EISA slot 2
Mar 14 11:58:34 penas kernel: [    0.644972] platform eisa.0: Cannot allocate resource for EISA slot 3
Mar 14 11:58:34 penas kernel: [    0.644973] platform eisa.0: Cannot allocate resource for EISA slot 4
Mar 14 11:58:34 penas kernel: [    0.644973] platform eisa.0: Cannot allocate resource for EISA slot 5
Mar 14 11:58:34 penas kernel: [    0.644974] platform eisa.0: Cannot allocate resource for EISA slot 6
Mar 14 11:58:34 penas kernel: [    0.644974] platform eisa.0: Cannot allocate resource for EISA slot 7
Mar 14 11:58:34 penas kernel: [    0.644975] platform eisa.0: Cannot allocate resource for EISA slot 8
Mar 14 11:58:34 penas kernel: [    0.644976] platform eisa.0: EISA: Detected 0 cards
Mar 14 11:58:34 penas kernel: [    0.644977] intel_pstate: CPU model not supported
Mar 14 11:58:34 penas kernel: [    0.645193] ledtrig-cpu: registered to indicate activity on CPUs
Mar 14 11:58:34 penas kernel: [    0.645233] drop_monitor: Initializing network drop monitor service
Mar 14 11:58:34 penas kernel: [    0.653411] NET: Registered PF_INET6 protocol family
Mar 14 11:58:34 penas kernel: [    0.657521] Segment Routing with IPv6
Mar 14 11:58:34 penas kernel: [    0.657528] In-situ OAM (IOAM) with IPv6
Mar 14 11:58:34 penas kernel: [    0.657542] NET: Registered PF_PACKET protocol family
Mar 14 11:58:34 penas kernel: [    0.657744] Key type dns_resolver registered
Mar 14 11:58:34 penas kernel: [    0.658374] IPI shorthand broadcast: enabled
Mar 14 11:58:34 penas kernel: [    0.658392] sched_clock: Marking stable (620661051, 37687611)->(668169037, -9820375)
Mar 14 11:58:34 penas kernel: [    0.659026] registered taskstats version 1
Mar 14 11:58:34 penas kernel: [    0.659225] Loading compiled-in X.509 certificates
Mar 14 11:58:34 penas kernel: [    0.660274] Loaded X.509 cert 'Build time autogenerated kernel key: 0f8b52ff8b28cb5dd474b5fe37ca4e5d73f537fd'
Mar 14 11:58:34 penas kernel: [    0.660535] Loaded X.509 cert 'Canonical Ltd. Live Patch Signing: 14df34d1a87cf37625abec039ef2bf521249b969'
Mar 14 11:58:34 penas kernel: [    0.660792] Loaded X.509 cert 'Canonical Ltd. Kernel Module Signing: 88f752e560a1e0737e31163a466ad7b70a850c19'
Mar 14 11:58:34 penas kernel: [    0.660792] blacklist: Loading compiled-in revocation X.509 certificates
Mar 14 11:58:34 penas kernel: [    0.660801] Loaded X.509 cert 'Canonical Ltd. Secure Boot Signing: 61482aa2830d0ab2ad5af10b7250da9033ddcef0'
Mar 14 11:58:34 penas kernel: [    0.660809] Loaded X.509 cert 'Canonical Ltd. Secure Boot Signing (2017): 242ade75ac4a15e50d50c84b0d45ff3eae707a03'
Mar 14 11:58:34 penas kernel: [    0.660816] Loaded X.509 cert 'Canonical Ltd. Secure Boot Signing (ESM 2018): 365188c1d374d6b07c3c8f240f8ef722433d6a8b'
Mar 14 11:58:34 penas kernel: [    0.660823] Loaded X.509 cert 'Canonical Ltd. Secure Boot Signing (2019): c0746fd6c5da3ae827864651ad66ae47fe24b3e8'
Mar 14 11:58:34 penas kernel: [    0.660831] Loaded X.509 cert 'Canonical Ltd. Secure Boot Signing (2021 v1): a8d54bbb3825cfb94fa13c9f8a594a195c107b8d'
Mar 14 11:58:34 penas kernel: [    0.660839] Loaded X.509 cert 'Canonical Ltd. Secure Boot Signing (2021 v2): 4cf046892d6fd3c9a5b03f98d845f90851dc6a8c'
Mar 14 11:58:34 penas kernel: [    0.660847] Loaded X.509 cert 'Canonical Ltd. Secure Boot Signing (2021 v3): 100437bb6de6e469b581e61cd66bce3ef4ed53af'
Mar 14 11:58:34 penas kernel: [    0.660854] Loaded X.509 cert 'Canonical Ltd. Secure Boot Signing (Ubuntu Core 2019): c1d57b8f6b743f23ee41f4f7ee292f06eecadfb9'
Mar 14 11:58:34 penas kernel: [    0.661130] zswap: loaded using pool lzo/zbud
Mar 14 11:58:34 penas kernel: [    0.661819] Key type .fscrypt registered
Mar 14 11:58:34 penas kernel: [    0.661820] Key type fscrypt-provisioning registered
Mar 14 11:58:34 penas kernel: [    0.667949] Key type encrypted registered
Mar 14 11:58:34 penas kernel: [    0.667952] AppArmor: AppArmor sha1 policy hashing enabled
Mar 14 11:58:34 penas kernel: [    0.667958] ima: No TPM chip found, activating TPM-bypass!
Mar 14 11:58:34 penas kernel: [    0.667960] Loading compiled-in module X.509 certificates
Mar 14 11:58:34 penas kernel: [    0.668228] Loaded X.509 cert 'Build time autogenerated kernel key: 0f8b52ff8b28cb5dd474b5fe37ca4e5d73f537fd'
Mar 14 11:58:34 penas kernel: [    0.668229] ima: Allocated hash algorithm: sha1
Mar 14 11:58:34 penas kernel: [    0.668233] ima: No architecture policies found
Mar 14 11:58:34 penas kernel: [    0.668238] evm: Initialising EVM extended attributes:
Mar 14 11:58:34 penas kernel: [    0.668239] evm: security.selinux
Mar 14 11:58:34 penas kernel: [    0.668239] evm: security.SMACK64
Mar 14 11:58:34 penas kernel: [    0.668240] evm: security.SMACK64EXEC
Mar 14 11:58:34 penas kernel: [    0.668240] evm: security.SMACK64TRANSMUTE
Mar 14 11:58:34 penas kernel: [    0.668241] evm: security.SMACK64MMAP
Mar 14 11:58:34 penas kernel: [    0.668241] evm: security.apparmor
Mar 14 11:58:34 penas kernel: [    0.668241] evm: security.ima
Mar 14 11:58:34 penas kernel: [    0.668242] evm: security.capability
Mar 14 11:58:34 penas kernel: [    0.668242] evm: HMAC attrs: 0x1
Mar 14 11:58:34 penas kernel: [    0.677874] PM:   Magic number: 15:789:967
Mar 14 11:58:34 penas kernel: [    0.678413] RAS: Correctable Errors collector initialized.
Mar 14 11:58:34 penas kernel: [    0.748516] ata2.00: ATAPI: VBOX CD-ROM, 1.0, max UDMA/133
Mar 14 11:58:34 penas kernel: [    0.751467] scsi 1:0:0:0: CD-ROM            VBOX     CD-ROM           1.0  PQ: 0 ANSI: 5
Mar 14 11:58:34 penas kernel: [    0.780184] sr 1:0:0:0: [sr0] scsi3-mmc drive: 32x/32x xa/form2 tray
Mar 14 11:58:34 penas kernel: [    0.780188] cdrom: Uniform CD-ROM driver Revision: 3.20
Mar 14 11:58:34 penas kernel: [    1.035101] sr 1:0:0:0: Attached scsi CD-ROM sr0
Mar 14 11:58:34 penas kernel: [    1.035457] sr 1:0:0:0: Attached scsi generic sg0 type 5
Mar 14 11:58:34 penas kernel: [    1.037416] Freeing unused decrypted memory: 2036K
Mar 14 11:58:34 penas kernel: [    1.037884] Freeing unused kernel image (initmem) memory: 3168K
Mar 14 11:58:34 penas kernel: [    1.050950] Write protecting the kernel read-only data: 32768k
Mar 14 11:58:34 penas kernel: [    1.051690] Freeing unused kernel image (text/rodata gap) memory: 2036K
Mar 14 11:58:34 penas kernel: [    1.052061] Freeing unused kernel image (rodata/data gap) memory: 1000K
Mar 14 11:58:34 penas kernel: [    1.058555] x86/mm: Checked W+X mappings: passed, no W+X pages found.
Mar 14 11:58:34 penas kernel: [    1.058560] Run /init as init process
Mar 14 11:58:34 penas kernel: [    1.058561]   with arguments:
Mar 14 11:58:34 penas kernel: [    1.058562]     /init
Mar 14 11:58:34 penas kernel: [    1.058562]     splash
Mar 14 11:58:34 penas kernel: [    1.058563]   with environment:
Mar 14 11:58:34 penas kernel: [    1.058563]     HOME=/
Mar 14 11:58:34 penas kernel: [    1.058564]     TERM=linux
Mar 14 11:58:34 penas kernel: [    1.058564]     BOOT_IMAGE=/boot/vmlinuz-5.19.0-35-generic
Mar 14 11:58:34 penas kernel: [    1.095621] usb 2-1: new full-speed USB device number 2 using ohci-pci
Mar 14 11:58:34 penas kernel: [    1.120729] ACPI: video: Video Device [GFX0] (multi-head: yes  rom: no  post: no)
Mar 14 11:58:34 penas kernel: [    1.120785] input: Video Bus as /devices/LNXSYSTM:00/LNXSYBUS:00/PNP0A03:00/LNXVIDEO:00/input/input4
Mar 14 11:58:34 penas kernel: [    1.125288] piix4_smbus 0000:00:07.0: SMBus Host Controller at 0x4100, revision 0
Mar 14 11:58:34 penas kernel: [    1.130630] e1000: Intel(R) PRO/1000 Network Driver
Mar 14 11:58:34 penas kernel: [    1.130632] e1000: Copyright (c) 1999-2006 Intel Corporation.
Mar 14 11:58:34 penas kernel: [    1.130647] ahci 0000:00:0d.0: version 3.0
Mar 14 11:58:34 penas kernel: [    1.135332] ahci 0000:00:0d.0: SSS flag set, parallel bus scan disabled
Mar 14 11:58:34 penas kernel: [    1.135797] ahci 0000:00:0d.0: AHCI 0001.0100 32 slots 1 ports 3 Gbps 0x1 impl SATA mode
Mar 14 11:58:34 penas kernel: [    1.135800] ahci 0000:00:0d.0: flags: 64bit ncq stag only ccc 
Mar 14 11:58:34 penas kernel: [    1.136389] scsi host2: ahci
Mar 14 11:58:34 penas kernel: [    1.136461] ata3: SATA max UDMA/133 abar m8192@0xf0806000 port 0xf0806100 irq 21
Mar 14 11:58:34 penas kernel: [    1.346155] input: ImExPS/2 Generic Explorer Mouse as /devices/platform/i8042/serio1/input/input5
Mar 14 11:58:34 penas kernel: [    1.431860] usb 2-1: New USB device found, idVendor=80ee, idProduct=0021, bcdDevice= 1.00
Mar 14 11:58:34 penas kernel: [    1.431864] usb 2-1: New USB device strings: Mfr=1, Product=3, SerialNumber=0
Mar 14 11:58:34 penas kernel: [    1.431865] usb 2-1: Product: USB Tablet
Mar 14 11:58:34 penas kernel: [    1.431866] usb 2-1: Manufacturer: VirtualBox
Mar 14 11:58:34 penas kernel: [    1.440666] hid: raw HID events driver (C) Jiri Kosina
Mar 14 11:58:34 penas kernel: [    1.455932] ata3: SATA link up 3.0 Gbps (SStatus 123 SControl 300)
Mar 14 11:58:34 penas kernel: [    1.456159] ata3.00: ATA-6: VBOX HARDDISK, 1.0, max UDMA/133
Mar 14 11:58:34 penas kernel: [    1.456162] ata3.00: 83886080 sectors, multi 128: LBA48 NCQ (depth 32)
Mar 14 11:58:34 penas kernel: [    1.456624] ata3.00: configured for UDMA/133
Mar 14 11:58:34 penas kernel: [    1.456667] scsi 2:0:0:0: Direct-Access     ATA      VBOX HARDDISK    1.0  PQ: 0 ANSI: 5
Mar 14 11:58:34 penas kernel: [    1.456781] sd 2:0:0:0: [sda] 83886080 512-byte logical blocks: (42.9 GB/40.0 GiB)
Mar 14 11:58:34 penas kernel: [    1.456786] sd 2:0:0:0: [sda] Write Protect is off
Mar 14 11:58:34 penas kernel: [    1.456787] sd 2:0:0:0: [sda] Mode Sense: 00 3a 00 00
Mar 14 11:58:34 penas kernel: [    1.456792] sd 2:0:0:0: [sda] Write cache: enabled, read cache: enabled, doesn't support DPO or FUA
Mar 14 11:58:34 penas kernel: [    1.456798] sd 2:0:0:0: [sda] Preferred minimum I/O size 512 bytes
Mar 14 11:58:34 penas kernel: [    1.456885] sd 2:0:0:0: Attached scsi generic sg1 type 0
Mar 14 11:58:34 penas kernel: [    1.474039]  sda: sda1 sda2 sda3
Mar 14 11:58:34 penas kernel: [    1.474114] sd 2:0:0:0: [sda] Attached SCSI disk
Mar 14 11:58:34 penas kernel: [    1.497763] usbcore: registered new interface driver usbhid
Mar 14 11:58:34 penas kernel: [    1.497765] usbhid: USB HID core driver
Mar 14 11:58:34 penas kernel: [    1.499625] input: VirtualBox USB Tablet as /devices/pci0000:00/0000:00:06.0/usb2/2-1/2-1:1.0/0003:80EE:0021.0001/input/input6
Mar 14 11:58:34 penas kernel: [    1.499762] hid-generic 0003:80EE:0021.0001: input,hidraw0: USB HID v1.10 Mouse [VirtualBox USB Tablet] on usb-0000:00:06.0-1/input0
Mar 14 11:58:34 penas kernel: [    1.668053] e1000 0000:00:03.0 eth0: (PCI:33MHz:32-bit) 08:00:27:b5:ad:88
Mar 14 11:58:34 penas kernel: [    1.668059] e1000 0000:00:03.0 eth0: Intel(R) PRO/1000 Network Connection
Mar 14 11:58:34 penas kernel: [    1.668937] e1000 0000:00:03.0 enp0s3: renamed from eth0
Mar 14 11:58:34 penas kernel: [    1.741061] EXT4-fs (sda3): mounted filesystem with ordered data mode. Quota mode: none.
Mar 14 11:58:34 penas kernel: [    2.088006] ACPI: bus type drm_connector registered
Mar 14 11:58:34 penas kernel: [    2.109048] EXT4-fs (sda3): re-mounted. Quota mode: none.
Mar 14 11:58:34 penas kernel: [    2.135429] Adding 4392956k swap on /swapfile.  Priority:-2 extents:9 across:4704252k FS
Mar 14 11:58:34 penas kernel: [    2.141794] lp: driver loaded but no devices found
Mar 14 11:58:34 penas kernel: [    2.151694] ppdev: user-space parallel port driver
Mar 14 11:58:34 penas kernel: [    2.205638] loop0: detected capacity change from 0 to 8
Mar 14 11:58:34 penas kernel: [    2.206337] loop1: detected capacity change from 0 to 129600
Mar 14 11:58:34 penas kernel: [    2.207077] vmwgfx 0000:00:02.0: vgaarb: deactivate vga console
Mar 14 11:58:34 penas kernel: [    2.207571] Console: switching to colour dummy device 80x25
Mar 14 11:58:34 penas kernel: [    2.208229] vmwgfx 0000:00:02.0: [drm] FIFO at 0x00000000f0000000 size is 2048 kiB
Mar 14 11:58:34 penas kernel: [    2.208238] vmwgfx 0000:00:02.0: [drm] VRAM at 0x00000000e0000000 size is 16384 kiB
Mar 14 11:58:34 penas kernel: [    2.208269] vmwgfx 0000:00:02.0: [drm] Running on SVGA version 2.
Mar 14 11:58:34 penas kernel: [    2.208286] vmwgfx 0000:00:02.0: [drm] Capabilities: rect copy, cursor, cursor bypass, cursor bypass 2, alpha cursor, extended fifo, pitchlock, irq mask, gmr, traces, gmr2, screen object 2, command buffers, 
Mar 14 11:58:34 penas kernel: [    2.208287] vmwgfx 0000:00:02.0: [drm] DMA map mode: Caching DMA mappings.
Mar 14 11:58:34 penas kernel: [    2.208453] vmwgfx 0000:00:02.0: [drm] Legacy memory limits: VRAM = 16384 kB, FIFO = 2048 kB, surface = 507904 kB
Mar 14 11:58:34 penas kernel: [    2.208455] vmwgfx 0000:00:02.0: [drm] MOB limits: max mob size = 0 kB, max mob pages = 0
Mar 14 11:58:34 penas kernel: [    2.208456] vmwgfx 0000:00:02.0: [drm] Max GMR ids is 8192
Mar 14 11:58:34 penas kernel: [    2.208457] vmwgfx 0000:00:02.0: [drm] Max number of GMR pages is 1048576
Mar 14 11:58:34 penas kernel: [    2.208457] vmwgfx 0000:00:02.0: [drm] Maximum display memory size is 16384 kiB
Mar 14 11:58:34 penas kernel: [    2.210287] loop2: detected capacity change from 0 to 187776
Mar 14 11:58:34 penas kernel: [    2.212526] loop3: detected capacity change from 0 to 709280
Mar 14 11:58:34 penas kernel: [    2.213114] loop4: detected capacity change from 0 to 492776
Mar 14 11:58:34 penas kernel: [    2.215761] loop5: detected capacity change from 0 to 94064
Mar 14 11:58:34 penas kernel: [    2.218007] vmwgfx 0000:00:02.0: [drm] Screen Object display unit initialized
Mar 14 11:58:34 penas kernel: [    2.218688] vmwgfx 0000:00:02.0: [drm] Fifo max 0x00200000 min 0x00001000 cap 0x00000355
Mar 14 11:58:34 penas kernel: [    2.219127] loop6: detected capacity change from 0 to 608
Mar 14 11:58:34 penas kernel: [    2.219235] loop7: detected capacity change from 0 to 102072
Mar 14 11:58:34 penas kernel: [    2.224457] vmwgfx 0000:00:02.0: [drm] Using command buffers with DMA pool.
Mar 14 11:58:34 penas kernel: [    2.224465] vmwgfx 0000:00:02.0: [drm] Available shader model: Legacy.
Mar 14 11:58:34 penas kernel: [    2.224479] [drm:vmw_host_printf [vmwgfx]] *ERROR* Failed to send host log message.
Mar 14 11:58:34 penas kernel: [    2.228848] fbcon: svgadrmfb (fb0) is primary device
Mar 14 11:58:34 penas kernel: [    2.271286] Console: switching to colour frame buffer device 100x37
Mar 14 11:58:34 penas kernel: [    2.271778] [drm] Initialized vmwgfx 2.20.0 20211206 for 0000:00:02.0 on minor 0
Mar 14 11:58:34 penas kernel: [    2.415370] vboxguest: host-version: 7.0.6r155176 0x8000000f
Mar 14 11:58:34 penas kernel: [    2.416221] vbg_heartbeat_init: Setting up heartbeat to trigger every 2000 milliseconds
Mar 14 11:58:34 penas kernel: [    2.419164] input: VirtualBox mouse integration as /devices/pci0000:00/0000:00:04.0/input/input7
Mar 14 11:58:34 penas kernel: [    2.437142] vboxguest: misc device minor 123, IRQ 20, I/O port d040, MMIO at 0x00000000f0400000 (size 0x0000000000400000)
Mar 14 11:58:34 penas kernel: [    2.540416] RAPL PMU: API unit is 2^-32 Joules, 0 fixed counters, 10737418240 ms ovfl timer
Mar 14 11:58:34 penas kernel: [    2.551873] cryptd: max_cpu_qlen set to 1000
Mar 14 11:58:34 penas kernel: [    2.576873] SSE version of gcm_enc/dec engaged.
Mar 14 11:58:34 penas kernel: [    2.859969] intel_rapl_msr: PL4 support detected.
Mar 14 11:58:34 penas kernel: [    2.865498] audit: type=1400 audit(1678766308.716:2): apparmor="STATUS" operation="profile_load" profile="unconfined" name="lsb_release" pid=407 comm="apparmor_parser"
Mar 14 11:58:34 penas kernel: [    2.933132] snd_intel8x0 0000:00:05.0: allow list rate for 1028:0177 is 48000
Mar 14 11:58:34 penas kernel: [    2.965036] audit: type=1400 audit(1678766308.816:3): apparmor="STATUS" operation="profile_load" profile="unconfined" name="nvidia_modprobe" pid=408 comm="apparmor_parser"
Mar 14 11:58:34 penas kernel: [    2.965364] audit: type=1400 audit(1678766308.816:4): apparmor="STATUS" operation="profile_load" profile="unconfined" name="nvidia_modprobe//kmod" pid=408 comm="apparmor_parser"
Mar 14 11:58:34 penas kernel: [    3.111180] audit: type=1400 audit(1678766308.964:5): apparmor="STATUS" operation="profile_load" profile="unconfined" name="/usr/lib/NetworkManager/nm-dhcp-client.action" pid=433 comm="apparmor_parser"
Mar 14 11:58:34 penas kernel: [    3.111830] audit: type=1400 audit(1678766308.964:6): apparmor="STATUS" operation="profile_load" profile="unconfined" name="/usr/lib/NetworkManager/nm-dhcp-helper" pid=433 comm="apparmor_parser"
Mar 14 11:58:34 penas kernel: [    3.112451] audit: type=1400 audit(1678766308.964:7): apparmor="STATUS" operation="profile_load" profile="unconfined" name="/usr/lib/connman/scripts/dhclient-script" pid=433 comm="apparmor_parser"
Mar 14 11:58:34 penas kernel: [    3.113499] audit: type=1400 audit(1678766308.964:8): apparmor="STATUS" operation="profile_load" profile="unconfined" name="/{,usr/}sbin/dhclient" pid=433 comm="apparmor_parser"
Mar 14 11:58:34 penas kernel: [    3.178695] audit: type=1400 audit(1678766308.980:9): apparmor="STATUS" operation="profile_load" profile="unconfined" name="/usr/bin/man" pid=517 comm="apparmor_parser"
Mar 14 11:58:34 penas kernel: [    3.179883] audit: type=1400 audit(1678766309.032:10): apparmor="STATUS" operation="profile_load" profile="unconfined" name="man_filter" pid=517 comm="apparmor_parser"
Mar 14 11:58:34 penas kernel: [    6.608544] kauditd_printk_skb: 16 callbacks suppressed
Mar 14 11:58:34 penas kernel: [    6.608546] audit: type=1400 audit(1678766312.456:27): apparmor="STATUS" operation="profile_load" profile="unconfined" name="libreoffice-soffice" pid=532 comm="apparmor_parser"
Mar 14 11:58:34 penas kernel: [    6.609738] audit: type=1400 audit(1678766312.460:28): apparmor="STATUS" operation="profile_load" profile="unconfined" name="libreoffice-soffice//gpg" pid=532 comm="apparmor_parser"
Mar 14 11:58:34 penas kernel: [    7.001365] audit: type=1400 audit(1678766312.852:29): apparmor="STATUS" operation="profile_load" profile="unconfined" name="/snap/snapd/18357/usr/lib/snapd/snap-confine" pid=551 comm="apparmor_parser"
Mar 14 11:58:34 penas kernel: [    7.002288] audit: type=1400 audit(1678766312.852:30): apparmor="STATUS" operation="profile_load" profile="unconfined" name="/snap/snapd/18357/usr/lib/snapd/snap-confine//mount-namespace-capture-helper" pid=551 comm="apparmor_parser"
Mar 14 11:58:34 penas kernel: [    7.126473] audit: type=1400 audit(1678766312.888:31): apparmor="STATUS" operation="profile_load" profile="unconfined" name="snap-update-ns.firefox" pid=552 comm="apparmor_parser"
Mar 14 11:58:34 penas kernel: [    7.407654] audit: type=1400 audit(1678766313.256:32): apparmor="STATUS" operation="profile_load" profile="unconfined" name="snap-update-ns.snap-store" pid=553 comm="apparmor_parser"
Mar 14 11:58:34 penas kernel: [    7.530683] audit: type=1400 audit(1678766313.384:33): apparmor="STATUS" operation="profile_load" profile="unconfined" name="snap.firefox.firefox" pid=555 comm="apparmor_parser"
Mar 14 11:58:34 penas kernel: [    7.618417] audit: type=1400 audit(1678766313.384:34): apparmor="STATUS" operation="profile_load" profile="unconfined" name="snap-update-ns.snapd-desktop-integration" pid=554 comm="apparmor_parser"
Mar 14 11:58:34 penas kernel: [    7.640404] audit: type=1400 audit(1678766313.492:35): apparmor="STATUS" operation="profile_load" profile="unconfined" name="snap.firefox.geckodriver" pid=556 comm="apparmor_parser"
Mar 14 11:58:34 penas kernel: [    7.714053] audit: type=1400 audit(1678766313.508:36): apparmor="STATUS" operation="profile_load" profile="unconfined" name="snap.firefox.hook.configure" pid=557 comm="apparmor_parser"
Mar 14 11:58:35 penas kernel: [    9.243328] e1000: enp0s3 NIC Link is Up 1000 Mbps Full Duplex, Flow Control: RX
Mar 14 11:58:35 penas kernel: [    9.244953] IPv6: ADDRCONF(NETDEV_CHANGE): enp0s3: link becomes ready
Mar 14 11:58:36 penas kernel: [   10.384649] loop8: detected capacity change from 0 to 8
Mar 14 11:58:37 penas kernel: [   11.992905] kauditd_printk_skb: 13 callbacks suppressed
Mar 14 11:58:37 penas kernel: [   11.992906] audit: type=1400 audit(1678766317.756:50): apparmor="STATUS" operation="profile_replace" info="same as current profile, skipping" profile="unconfined" name="snap-update-ns.snapd-desktop-integration" pid=951 comm="apparmor_parser"
Mar 14 11:58:38 penas kernel: [   12.444097] rfkill: input handler disabled
Mar 14 11:58:38 penas kernel: [   12.597848] audit: type=1400 audit(1678766318.448:51): apparmor="STATUS" operation="profile_replace" info="same as current profile, skipping" profile="unconfined" name="snap-update-ns.firefox" pid=958 comm="apparmor_parser"
Mar 14 11:58:38 penas kernel: [   12.607513] audit: type=1400 audit(1678766318.460:52): apparmor="STATUS" operation="profile_replace" info="same as current profile, skipping" profile="unconfined" name="snap.snap-store.hook.configure" pid=1070 comm="apparmor_parser"
Mar 14 11:58:38 penas kernel: [   12.615437] audit: type=1400 audit(1678766318.468:53): apparmor="STATUS" operation="profile_replace" info="same as current profile, skipping" profile="unconfined" name="snap.snap-store.snap-store" pid=1071 comm="apparmor_parser"
Mar 14 11:58:38 penas kernel: [   12.623855] audit: type=1400 audit(1678766318.476:54): apparmor="STATUS" operation="profile_replace" info="same as current profile, skipping" profile="unconfined" name="snap.snap-store.ubuntu-software" pid=1072 comm="apparmor_parser"
Mar 14 11:58:38 penas kernel: [   12.631717] audit: type=1400 audit(1678766318.484:55): apparmor="STATUS" operation="profile_replace" info="same as current profile, skipping" profile="unconfined" name="snap.snap-store.ubuntu-software-local-file" pid=1073 comm="apparmor_parser"
Mar 14 11:58:38 penas kernel: [   12.637538] audit: type=1400 audit(1678766318.488:56): apparmor="STATUS" operation="profile_replace" info="same as current profile, skipping" profile="unconfined" name="snap.snapd-desktop-integration.hook.configure" pid=1077 comm="apparmor_parser"
Mar 14 11:58:38 penas kernel: [   12.650040] audit: type=1400 audit(1678766318.500:57): apparmor="STATUS" operation="profile_replace" info="same as current profile, skipping" profile="unconfined" name="snap.snapd-desktop-integration.snapd-desktop-integration" pid=1079 comm="apparmor_parser"
Mar 14 11:58:38 penas kernel: [   12.657146] audit: type=1400 audit(1678766318.508:58): apparmor="STATUS" operation="profile_replace" info="same as current profile, skipping" profile="unconfined" name="snap.firefox.firefox" pid=1080 comm="apparmor_parser"
Mar 14 11:58:38 penas kernel: [   12.663004] audit: type=1400 audit(1678766318.516:59): apparmor="STATUS" operation="profile_replace" info="same as current profile, skipping" profile="unconfined" name="snap.firefox.geckodriver" pid=1081 comm="apparmor_parser"
Mar 14 11:58:43 penas kernel: [   17.355058] kauditd_printk_skb: 18 callbacks suppressed
Mar 14 11:58:43 penas kernel: [   17.355060] audit: type=1400 audit(1678766323.208:78): apparmor="STATUS" operation="profile_replace" profile="unconfined" name="snap-update-ns.firefox" pid=1350 comm="apparmor_parser"
Mar 14 11:58:43 penas kernel: [   17.392596] audit: type=1400 audit(1678766323.228:79): apparmor="STATUS" operation="profile_replace" info="same as current profile, skipping" profile="unconfined" name="snap.snap-store.snap-store" pid=1346 comm="apparmor_parser"
Mar 14 11:58:43 penas kernel: [   17.647673] audit: type=1400 audit(1678766323.496:80): apparmor="STATUS" operation="profile_replace" info="same as current profile, skipping" profile="unconfined" name="snap.snap-store.ubuntu-software" pid=1351 comm="apparmor_parser"
Mar 14 11:58:43 penas kernel: [   17.882262] audit: type=1400 audit(1678766323.576:81): apparmor="STATUS" operation="profile_replace" info="same as current profile, skipping" profile="unconfined" name="snap.snap-store.ubuntu-software-local-file" pid=1359 comm="apparmor_parser"
Mar 14 11:58:44 penas kernel: [   18.148305] audit: type=1400 audit(1678766323.896:82): apparmor="STATUS" operation="profile_replace" info="same as current profile, skipping" profile="unconfined" name="snap.snapd-desktop-integration.hook.configure" pid=1360 comm="apparmor_parser"
Mar 14 11:58:44 penas kernel: [   18.384146] audit: type=1400 audit(1678766324.136:83): apparmor="STATUS" operation="profile_replace" info="same as current profile, skipping" profile="unconfined" name="snap.snapd-desktop-integration.snapd-desktop-integration" pid=1361 comm="apparmor_parser"
Mar 14 11:58:44 penas kernel: [   18.473530] audit: type=1400 audit(1678766324.328:84): apparmor="STATUS" operation="profile_replace" info="same as current profile, skipping" profile="unconfined" name="/usr/lib/snapd/snap-confine" pid=1362 comm="apparmor_parser"
Mar 14 11:58:44 penas kernel: [   18.473996] audit: type=1400 audit(1678766324.328:85): apparmor="STATUS" operation="profile_replace" info="same as current profile, skipping" profile="unconfined" name="/usr/lib/snapd/snap-confine//mount-namespace-capture-helper" pid=1362 comm="apparmor_parser"
Mar 14 11:58:44 penas kernel: [   18.658037] audit: type=1400 audit(1678766324.512:86): apparmor="STATUS" operation="profile_replace" profile="unconfined" name="snap.firefox.firefox" pid=1357 comm="apparmor_parser"
Mar 14 11:58:45 penas kernel: [   19.419565] audit: type=1400 audit(1678766325.272:87): apparmor="STATUS" operation="profile_replace" profile="unconfined" name="snap.firefox.geckodriver" pid=1364 comm="apparmor_parser"
Mar 14 11:58:47 penas kernel: [   21.745439] rfkill: input handler enabled
Mar 14 11:58:49 penas kernel: [   23.488971] rfkill: input handler disabled
Mar 14 11:58:54 penas kernel: [   28.742046] kauditd_printk_skb: 6 callbacks suppressed
Mar 14 11:58:54 penas kernel: [   28.742047] audit: type=1400 audit(1678766334.592:94): apparmor="DENIED" operation="capable" class="cap" profile="/snap/snapd/18357/usr/lib/snapd/snap-confine" pid=2170 comm="snap-confine" capability=12  capname="net_admin"
Mar 14 11:58:54 penas kernel: [   28.742537] audit: type=1400 audit(1678766334.596:95): apparmor="DENIED" operation="capable" class="cap" profile="/snap/snapd/18357/usr/lib/snapd/snap-confine" pid=2170 comm="snap-confine" capability=38  capname="perfmon"
Mar 14 11:58:54 penas kernel: [   28.912699] audit: type=1400 audit(1678766334.764:96): apparmor="DENIED" operation="capable" class="cap" profile="/snap/snapd/18357/usr/lib/snapd/snap-confine" pid=2171 comm="snap-confine" capability=12  capname="net_admin"
Mar 14 11:58:54 penas kernel: [   28.912703] audit: type=1400 audit(1678766334.764:97): apparmor="DENIED" operation="capable" class="cap" profile="/snap/snapd/18357/usr/lib/snapd/snap-confine" pid=2171 comm="snap-confine" capability=38  capname="perfmon"
Mar 14 11:58:55 penas kernel: [   29.635042] audit: type=1326 audit(1678766335.488:98): auid=1000 uid=1000 gid=1000 ses=3 subj=snap.snapd-desktop-integration.snapd-desktop-integration pid=2369 comm="snapd-desktop-i" exe="/snap/snapd-desktop-integration/49/usr/bin/snapd-desktop-integration" sig=0 arch=c000003e syscall=314 compat=0 ip=0x7f09a0a8f73d code=0x50000
Mar 14 12:02:28 penas kernel: [    0.000000] Linux version 5.19.0-35-generic (buildd@lcy02-amd64-020) (x86_64-linux-gnu-gcc (Ubuntu 11.3.0-1ubuntu1~22.04) 11.3.0, GNU ld (GNU Binutils for Ubuntu) 2.38) #36~22.04.1-Ubuntu SMP PREEMPT_DYNAMIC Fri Feb 17 15:17:25 UTC 2 (Ubuntu 5.19.0-35.36~22.04.1-generic 5.19.17)
Mar 14 12:02:28 penas kernel: [    0.000000] Command line: BOOT_IMAGE=/boot/vmlinuz-5.19.0-35-generic root=UUID=8d6a4261-191c-40f3-967d-b79762fd1f45 ro quiet splash
Mar 14 12:02:28 penas kernel: [    0.000000] KERNEL supported cpus:
Mar 14 12:02:28 penas kernel: [    0.000000]   Intel GenuineIntel
Mar 14 12:02:28 penas kernel: [    0.000000]   AMD AuthenticAMD
Mar 14 12:02:28 penas kernel: [    0.000000]   Hygon HygonGenuine
Mar 14 12:02:28 penas kernel: [    0.000000]   Centaur CentaurHauls
Mar 14 12:02:28 penas kernel: [    0.000000]   zhaoxin   Shanghai  
Mar 14 12:02:28 penas kernel: [    0.000000] x86/fpu: x87 FPU will use FXSAVE
Mar 14 12:02:28 penas kernel: [    0.000000] signal: max sigframe size: 1440
Mar 14 12:02:28 penas kernel: [    0.000000] BIOS-provided physical RAM map:
Mar 14 12:02:28 penas kernel: [    0.000000] BIOS-e820: [mem 0x0000000000000000-0x000000000009fbff] usable
Mar 14 12:02:28 penas kernel: [    0.000000] BIOS-e820: [mem 0x000000000009fc00-0x000000000009ffff] reserved
Mar 14 12:02:28 penas kernel: [    0.000000] BIOS-e820: [mem 0x00000000000f0000-0x00000000000fffff] reserved
Mar 14 12:02:28 penas kernel: [    0.000000] BIOS-e820: [mem 0x0000000000100000-0x000000007ffeffff] usable
Mar 14 12:02:28 penas kernel: [    0.000000] BIOS-e820: [mem 0x000000007fff0000-0x000000007fffffff] ACPI data
Mar 14 12:02:28 penas kernel: [    0.000000] BIOS-e820: [mem 0x00000000fec00000-0x00000000fec00fff] reserved
Mar 14 12:02:28 penas kernel: [    0.000000] BIOS-e820: [mem 0x00000000fee00000-0x00000000fee00fff] reserved
Mar 14 12:02:28 penas kernel: [    0.000000] BIOS-e820: [mem 0x00000000fffc0000-0x00000000ffffffff] reserved
Mar 14 12:02:28 penas kernel: [    0.000000] NX (Execute Disable) protection: active
Mar 14 12:02:28 penas kernel: [    0.000000] SMBIOS 2.5 present.
Mar 14 12:02:28 penas kernel: [    0.000000] DMI: innotek GmbH VirtualBox/VirtualBox, BIOS VirtualBox 12/01/2006
Mar 14 12:02:28 penas kernel: [    0.000000] Hypervisor detected: KVM
Mar 14 12:02:28 penas kernel: [    0.000000] kvm-clock: Using msrs 4b564d01 and 4b564d00
Mar 14 12:02:28 penas kernel: [    0.000003] kvm-clock: using sched offset of 5495288326 cycles
Mar 14 12:02:28 penas kernel: [    0.000005] clocksource: kvm-clock: mask: 0xffffffffffffffff max_cycles: 0x1cd42e4dffb, max_idle_ns: 881590591483 ns
Mar 14 12:02:28 penas kernel: [    0.000008] tsc: Detected 2496.002 MHz processor
Mar 14 12:02:28 penas kernel: [    0.001616] e820: update [mem 0x00000000-0x00000fff] usable ==> reserved
Mar 14 12:02:28 penas kernel: [    0.001635] e820: remove [mem 0x000a0000-0x000fffff] usable
Mar 14 12:02:28 penas kernel: [    0.001641] last_pfn = 0x7fff0 max_arch_pfn = 0x400000000
Mar 14 12:02:28 penas kernel: [    0.001735] Disabled
Mar 14 12:02:28 penas kernel: [    0.001738] x86/PAT: MTRRs disabled, skipping PAT initialization too.
Mar 14 12:02:28 penas kernel: [    0.001743] CPU MTRRs all blank - virtualized system.
Mar 14 12:02:28 penas kernel: [    0.001746] x86/PAT: Configuration [0-7]: WB  WT  UC- UC  WB  WT  UC- UC  
Mar 14 12:02:28 penas kernel: [    0.001839] found SMP MP-table at [mem 0x0009fff0-0x0009ffff]
Mar 14 12:02:28 penas kernel: [    0.001997] RAMDISK: [mem 0x2f7fd000-0x33bf5fff]
Mar 14 12:02:28 penas kernel: [    0.002007] ACPI: Early table checksum verification disabled
Mar 14 12:02:28 penas kernel: [    0.002011] ACPI: RSDP 0x00000000000E0000 000024 (v02 VBOX  )
Mar 14 12:02:28 penas kernel: [    0.002017] ACPI: XSDT 0x000000007FFF0030 00003C (v01 VBOX   VBOXXSDT 00000001 ASL  00000061)
Mar 14 12:02:28 penas kernel: [    0.002037] ACPI: FACP 0x000000007FFF00F0 0000F4 (v04 VBOX   VBOXFACP 00000001 ASL  00000061)
Mar 14 12:02:28 penas kernel: [    0.002044] ACPI: DSDT 0x000000007FFF0610 002353 (v02 VBOX   VBOXBIOS 00000002 INTL 20100528)
Mar 14 12:02:28 penas kernel: [    0.002048] ACPI: FACS 0x000000007FFF0200 000040
Mar 14 12:02:28 penas kernel: [    0.002051] ACPI: FACS 0x000000007FFF0200 000040
Mar 14 12:02:28 penas kernel: [    0.002054] ACPI: APIC 0x000000007FFF0240 00005C (v02 VBOX   VBOXAPIC 00000001 ASL  00000061)
Mar 14 12:02:28 penas kernel: [    0.002057] ACPI: SSDT 0x000000007FFF02A0 00036C (v01 VBOX   VBOXCPUT 00000002 INTL 20100528)
Mar 14 12:02:28 penas kernel: [    0.002060] ACPI: Reserving FACP table memory at [mem 0x7fff00f0-0x7fff01e3]
Mar 14 12:02:28 penas kernel: [    0.002061] ACPI: Reserving DSDT table memory at [mem 0x7fff0610-0x7fff2962]
Mar 14 12:02:28 penas kernel: [    0.002062] ACPI: Reserving FACS table memory at [mem 0x7fff0200-0x7fff023f]
Mar 14 12:02:28 penas kernel: [    0.002063] ACPI: Reserving FACS table memory at [mem 0x7fff0200-0x7fff023f]
Mar 14 12:02:28 penas kernel: [    0.002064] ACPI: Reserving APIC table memory at [mem 0x7fff0240-0x7fff029b]
Mar 14 12:02:28 penas kernel: [    0.002064] ACPI: Reserving SSDT table memory at [mem 0x7fff02a0-0x7fff060b]
Mar 14 12:02:28 penas kernel: [    0.003105] No NUMA configuration found
Mar 14 12:02:28 penas kernel: [    0.003110] Faking a node at [mem 0x0000000000000000-0x000000007ffeffff]
Mar 14 12:02:28 penas kernel: [    0.003125] NODE_DATA(0) allocated [mem 0x7ffc5000-0x7ffeffff]
Mar 14 12:02:28 penas kernel: [    0.003525] Zone ranges:
Mar 14 12:02:28 penas kernel: [    0.003526]   DMA      [mem 0x0000000000001000-0x0000000000ffffff]
Mar 14 12:02:28 penas kernel: [    0.003530]   DMA32    [mem 0x0000000001000000-0x000000007ffeffff]
Mar 14 12:02:28 penas kernel: [    0.003531]   Normal   empty
Mar 14 12:02:28 penas kernel: [    0.003532]   Device   empty
Mar 14 12:02:28 penas kernel: [    0.003533] Movable zone start for each node
Mar 14 12:02:28 penas kernel: [    0.003534] Early memory node ranges
Mar 14 12:02:28 penas kernel: [    0.003534]   node   0: [mem 0x0000000000001000-0x000000000009efff]
Mar 14 12:02:28 penas kernel: [    0.003536]   node   0: [mem 0x0000000000100000-0x000000007ffeffff]
Mar 14 12:02:28 penas kernel: [    0.003537] Initmem setup node 0 [mem 0x0000000000001000-0x000000007ffeffff]
Mar 14 12:02:28 penas kernel: [    0.003554] On node 0, zone DMA: 1 pages in unavailable ranges
Mar 14 12:02:28 penas kernel: [    0.003595] On node 0, zone DMA: 97 pages in unavailable ranges
Mar 14 12:02:28 penas kernel: [    0.006829] On node 0, zone DMA32: 16 pages in unavailable ranges
Mar 14 12:02:28 penas kernel: [    0.008003] ACPI: PM-Timer IO Port: 0x4008
Mar 14 12:02:28 penas kernel: [    0.008205] IOAPIC[0]: apic_id 2, version 32, address 0xfec00000, GSI 0-23
Mar 14 12:02:28 penas kernel: [    0.008208] ACPI: INT_SRC_OVR (bus 0 bus_irq 0 global_irq 2 dfl dfl)
Mar 14 12:02:28 penas kernel: [    0.008210] ACPI: INT_SRC_OVR (bus 0 bus_irq 9 global_irq 9 low level)
Mar 14 12:02:28 penas kernel: [    0.008214] ACPI: Using ACPI (MADT) for SMP configuration information
Mar 14 12:02:28 penas kernel: [    0.008234] smpboot: Allowing 2 CPUs, 0 hotplug CPUs
Mar 14 12:02:28 penas kernel: [    0.008299] PM: hibernation: Registered nosave memory: [mem 0x00000000-0x00000fff]
Mar 14 12:02:28 penas kernel: [    0.008301] PM: hibernation: Registered nosave memory: [mem 0x0009f000-0x0009ffff]
Mar 14 12:02:28 penas kernel: [    0.008301] PM: hibernation: Registered nosave memory: [mem 0x000a0000-0x000effff]
Mar 14 12:02:28 penas kernel: [    0.008302] PM: hibernation: Registered nosave memory: [mem 0x000f0000-0x000fffff]
Mar 14 12:02:28 penas kernel: [    0.008303] [mem 0x80000000-0xfebfffff] available for PCI devices
Mar 14 12:02:28 penas kernel: [    0.008304] Booting paravirtualized kernel on KVM
Mar 14 12:02:28 penas kernel: [    0.008306] clocksource: refined-jiffies: mask: 0xffffffff max_cycles: 0xffffffff, max_idle_ns: 7645519600211568 ns
Mar 14 12:02:28 penas kernel: [    0.008311] setup_percpu: NR_CPUS:8192 nr_cpumask_bits:2 nr_cpu_ids:2 nr_node_ids:1
Mar 14 12:02:28 penas kernel: [    0.009677] percpu: Embedded 61 pages/cpu s212992 r8192 d28672 u1048576
Mar 14 12:02:28 penas kernel: [    0.009681] pcpu-alloc: s212992 r8192 d28672 u1048576 alloc=1*2097152
Mar 14 12:02:28 penas kernel: [    0.009683] pcpu-alloc: [0] 0 1 
Mar 14 12:02:28 penas kernel: [    0.009741] kvm-guest: PV spinlocks enabled
Mar 14 12:02:28 penas kernel: [    0.009743] PV qspinlock hash table entries: 256 (order: 0, 4096 bytes, linear)
Mar 14 12:02:28 penas kernel: [    0.009750] Fallback order for Node 0: 0 
Mar 14 12:02:28 penas kernel: [    0.009753] Built 1 zonelists, mobility grouping on.  Total pages: 515824
Mar 14 12:02:28 penas kernel: [    0.009754] Policy zone: DMA32
Mar 14 12:02:28 penas kernel: [    0.009754] Kernel command line: BOOT_IMAGE=/boot/vmlinuz-5.19.0-35-generic root=UUID=8d6a4261-191c-40f3-967d-b79762fd1f45 ro quiet splash
Mar 14 12:02:28 penas kernel: [    0.009797] Unknown kernel command line parameters "splash BOOT_IMAGE=/boot/vmlinuz-5.19.0-35-generic", will be passed to user space.
Mar 14 12:02:28 penas kernel: [    0.013646] Dentry cache hash table entries: 262144 (order: 9, 2097152 bytes, linear)
Mar 14 12:02:28 penas kernel: [    0.013785] Inode-cache hash table entries: 131072 (order: 8, 1048576 bytes, linear)
Mar 14 12:02:28 penas kernel: [    0.013827] mem auto-init: stack:off, heap alloc:on, heap free:off
Mar 14 12:02:28 penas kernel: [    0.017368] Memory: 1944520K/2096696K available (18440K kernel code, 4050K rwdata, 11288K rodata, 3168K init, 4908K bss, 151916K reserved, 0K cma-reserved)
Mar 14 12:02:28 penas kernel: [    0.017749] SLUB: HWalign=64, Order=0-3, MinObjects=0, CPUs=2, Nodes=1
Mar 14 12:02:28 penas kernel: [    0.017765] ftrace: allocating 52174 entries in 204 pages
Mar 14 12:02:28 penas kernel: [    0.025172] ftrace: allocated 204 pages with 4 groups
Mar 14 12:02:28 penas kernel: [    0.025827] Dynamic Preempt: voluntary
Mar 14 12:02:28 penas kernel: [    0.025857] rcu: Preemptible hierarchical RCU implementation.
Mar 14 12:02:28 penas kernel: [    0.025858] rcu: 	RCU restricting CPUs from NR_CPUS=8192 to nr_cpu_ids=2.
Mar 14 12:02:28 penas kernel: [    0.025859] 	Trampoline variant of Tasks RCU enabled.
Mar 14 12:02:28 penas kernel: [    0.025859] 	Rude variant of Tasks RCU enabled.
Mar 14 12:02:28 penas kernel: [    0.025859] 	Tracing variant of Tasks RCU enabled.
Mar 14 12:02:28 penas kernel: [    0.025860] rcu: RCU calculated value of scheduler-enlistment delay is 25 jiffies.
Mar 14 12:02:28 penas kernel: [    0.025860] rcu: Adjusting geometry for rcu_fanout_leaf=16, nr_cpu_ids=2
Mar 14 12:02:28 penas kernel: [    0.028651] NR_IRQS: 524544, nr_irqs: 440, preallocated irqs: 16
Mar 14 12:02:28 penas kernel: [    0.028895] rcu: srcu_init: Setting srcu_struct sizes based on contention.
Mar 14 12:02:28 penas kernel: [    0.028998] random: crng init done
Mar 14 12:02:28 penas kernel: [    0.057927] Console: colour VGA+ 80x25
Mar 14 12:02:28 penas kernel: [    0.057935] printk: console [tty0] enabled
Mar 14 12:02:28 penas kernel: [    0.057958] ACPI: Core revision 20220331
Mar 14 12:02:28 penas kernel: [    0.058725] APIC: Switch to symmetric I/O mode setup
Mar 14 12:02:28 penas kernel: [    0.068199] ..TIMER: vector=0x30 apic1=0 pin1=2 apic2=-1 pin2=-1
Mar 14 12:02:28 penas kernel: [    0.068335] clocksource: tsc-early: mask: 0xffffffffffffffff max_cycles: 0x23fa79125d1, max_idle_ns: 440795329579 ns
Mar 14 12:02:28 penas kernel: [    0.068343] Calibrating delay loop (skipped) preset value.. 4992.00 BogoMIPS (lpj=9984008)
Mar 14 12:02:28 penas kernel: [    0.068345] pid_max: default: 32768 minimum: 301
Mar 14 12:02:28 penas kernel: [    0.068367] LSM: Security Framework initializing
Mar 14 12:02:28 penas kernel: [    0.068373] landlock: Up and running.
Mar 14 12:02:28 penas kernel: [    0.068374] Yama: becoming mindful.
Mar 14 12:02:28 penas kernel: [    0.068391] AppArmor: AppArmor initialized
Mar 14 12:02:28 penas kernel: [    0.068412] Mount-cache hash table entries: 4096 (order: 3, 32768 bytes, linear)
Mar 14 12:02:28 penas kernel: [    0.068415] Mountpoint-cache hash table entries: 4096 (order: 3, 32768 bytes, linear)
Mar 14 12:02:28 penas kernel: [    0.069284] Last level iTLB entries: 4KB 0, 2MB 0, 4MB 0
Mar 14 12:02:28 penas kernel: [    0.069285] Last level dTLB entries: 4KB 0, 2MB 0, 4MB 0, 1GB 0
Mar 14 12:02:28 penas kernel: [    0.069289] Spectre V1 : Mitigation: usercopy/swapgs barriers and __user pointer sanitization
Mar 14 12:02:28 penas kernel: [    0.069290] Spectre V2 : Mitigation: Enhanced IBRS
Mar 14 12:02:28 penas kernel: [    0.069291] Spectre V2 : Spectre v2 / SpectreRSB mitigation: Filling RSB on context switch
Mar 14 12:02:28 penas kernel: [    0.069291] Spectre V2 : Spectre v2 / PBRSB-eIBRS: Retire a single CALL on VMEXIT
Mar 14 12:02:28 penas kernel: [    0.069292] RETBleed: Mitigation: Enhanced IBRS
Mar 14 12:02:28 penas kernel: [    0.069292] Speculative Store Bypass: Vulnerable
Mar 14 12:02:28 penas kernel: [    0.072339] Freeing SMP alternatives memory: 44K
Mar 14 12:02:28 penas kernel: [    0.192858] APIC calibration not consistent with PM-Timer: 108ms instead of 100ms
Mar 14 12:02:28 penas kernel: [    0.192863] APIC delta adjusted to PM-Timer: 6404259 (6962360)
Mar 14 12:02:28 penas kernel: [    0.193095] smpboot: CPU0: 12th Gen Intel(R) Core(TM) i5-12400 (family: 0x6, model: 0x97, stepping: 0x2)
Mar 14 12:02:28 penas kernel: [    0.193199] cblist_init_generic: Setting adjustable number of callback queues.
Mar 14 12:02:28 penas kernel: [    0.193200] cblist_init_generic: Setting shift to 1 and lim to 1.
Mar 14 12:02:28 penas kernel: [    0.193210] cblist_init_generic: Setting shift to 1 and lim to 1.
Mar 14 12:02:28 penas kernel: [    0.193216] cblist_init_generic: Setting shift to 1 and lim to 1.
Mar 14 12:02:28 penas kernel: [    0.193224] Performance Events: unsupported p6 CPU model 151 no PMU driver, software events only.
Mar 14 12:02:28 penas kernel: [    0.193247] rcu: Hierarchical SRCU implementation.
Mar 14 12:02:28 penas kernel: [    0.193248] rcu: 	Max phase no-delay instances is 1000.
Mar 14 12:02:28 penas kernel: [    0.193543] NMI watchdog: Perf NMI watchdog permanently disabled
Mar 14 12:02:28 penas kernel: [    0.193575] smp: Bringing up secondary CPUs ...
Mar 14 12:02:28 penas kernel: [    0.193627] x86: Booting SMP configuration:
Mar 14 12:02:28 penas kernel: [    0.193628] .... node  #0, CPUs:      #1
Mar 14 12:02:28 penas kernel: [    0.196339] TSC synchronization [CPU#0 -> CPU#1]:
Mar 14 12:02:28 penas kernel: [    0.196339] Measured 62722 cycles TSC warp between CPUs, turning off TSC clock.
Mar 14 12:02:28 penas kernel: [    0.196339] tsc: Marking TSC unstable due to check_tsc_sync_source failed
Mar 14 12:02:28 penas kernel: [    0.196846] smp: Brought up 1 node, 2 CPUs
Mar 14 12:02:28 penas kernel: [    0.196850] smpboot: Max logical packages: 1
Mar 14 12:02:28 penas kernel: [    0.196851] smpboot: Total of 2 processors activated (9984.00 BogoMIPS)
Mar 14 12:02:28 penas kernel: [    0.197044] devtmpfs: initialized
Mar 14 12:02:28 penas kernel: [    0.197044] x86/mm: Memory block size: 128MB
Mar 14 12:02:28 penas kernel: [    0.197044] clocksource: jiffies: mask: 0xffffffff max_cycles: 0xffffffff, max_idle_ns: 7645041785100000 ns
Mar 14 12:02:28 penas kernel: [    0.197044] futex hash table entries: 512 (order: 3, 32768 bytes, linear)
Mar 14 12:02:28 penas kernel: [    0.197044] pinctrl core: initialized pinctrl subsystem
Mar 14 12:02:28 penas kernel: [    0.197044] PM: RTC time: 04:02:23, date: 2023-03-14
Mar 14 12:02:28 penas kernel: [    0.197716] NET: Registered PF_NETLINK/PF_ROUTE protocol family
Mar 14 12:02:28 penas kernel: [    0.200353] DMA: preallocated 256 KiB GFP_KERNEL pool for atomic allocations
Mar 14 12:02:28 penas kernel: [    0.200376] DMA: preallocated 256 KiB GFP_KERNEL|GFP_DMA pool for atomic allocations
Mar 14 12:02:28 penas kernel: [    0.200390] DMA: preallocated 256 KiB GFP_KERNEL|GFP_DMA32 pool for atomic allocations
Mar 14 12:02:28 penas kernel: [    0.200396] audit: initializing netlink subsys (disabled)
Mar 14 12:02:28 penas kernel: [    0.200500] audit: type=2000 audit(1678766550.658:1): state=initialized audit_enabled=0 res=1
Mar 14 12:02:28 penas kernel: [    0.200502] thermal_sys: Registered thermal governor 'fair_share'
Mar 14 12:02:28 penas kernel: [    0.200503] thermal_sys: Registered thermal governor 'bang_bang'
Mar 14 12:02:28 penas kernel: [    0.200504] thermal_sys: Registered thermal governor 'step_wise'
Mar 14 12:02:28 penas kernel: [    0.200504] thermal_sys: Registered thermal governor 'user_space'
Mar 14 12:02:28 penas kernel: [    0.200505] thermal_sys: Registered thermal governor 'power_allocator'
Mar 14 12:02:28 penas kernel: [    0.200508] EISA bus registered
Mar 14 12:02:28 penas kernel: [    0.200514] cpuidle: using governor ladder
Mar 14 12:02:28 penas kernel: [    0.200516] cpuidle: using governor menu
Mar 14 12:02:28 penas kernel: [    0.200554] acpiphp: ACPI Hot Plug PCI Controller Driver version: 0.5
Mar 14 12:02:28 penas kernel: [    0.200715] PCI: Using configuration type 1 for base access
Mar 14 12:02:28 penas kernel: [    0.201513] kprobes: kprobe jump-optimization is enabled. All kprobes are optimized if possible.
Mar 14 12:02:28 penas kernel: [    0.218951] HugeTLB: can optimize 7 vmemmap pages for hugepages-2048kB
Mar 14 12:02:28 penas kernel: [    0.218951] HugeTLB registered 2.00 MiB page size, pre-allocated 0 pages
Mar 14 12:02:28 penas kernel: [    0.220697] ACPI: Added _OSI(Module Device)
Mar 14 12:02:28 penas kernel: [    0.220697] ACPI: Added _OSI(Processor Device)
Mar 14 12:02:28 penas kernel: [    0.220697] ACPI: Added _OSI(3.0 _SCP Extensions)
Mar 14 12:02:28 penas kernel: [    0.220697] ACPI: Added _OSI(Processor Aggregator Device)
Mar 14 12:02:28 penas kernel: [    0.220697] ACPI: Added _OSI(Linux-Dell-Video)
Mar 14 12:02:28 penas kernel: [    0.220697] ACPI: Added _OSI(Linux-Lenovo-NV-HDMI-Audio)
Mar 14 12:02:28 penas kernel: [    0.220697] ACPI: Added _OSI(Linux-HPI-Hybrid-Graphics)
Mar 14 12:02:28 penas kernel: [    0.222209] ACPI: 2 ACPI AML tables successfully acquired and loaded
Mar 14 12:02:28 penas kernel: [    0.224911] ACPI: Interpreter enabled
Mar 14 12:02:28 penas kernel: [    0.224921] ACPI: PM: (supports S0 S5)
Mar 14 12:02:28 penas kernel: [    0.224922] ACPI: Using IOAPIC for interrupt routing
Mar 14 12:02:28 penas kernel: [    0.225213] PCI: Using host bridge windows from ACPI; if necessary, use "pci=nocrs" and report a bug
Mar 14 12:02:28 penas kernel: [    0.225215] PCI: Using E820 reservations for host bridge windows
Mar 14 12:02:28 penas kernel: [    0.225295] ACPI: Enabled 2 GPEs in block 00 to 07
Mar 14 12:02:28 penas kernel: [    0.229711] ACPI: PCI Root Bridge [PCI0] (domain 0000 [bus 00-ff])
Mar 14 12:02:28 penas kernel: [    0.229717] acpi PNP0A03:00: _OSC: OS supports [ASPM ClockPM Segments MSI EDR HPX-Type3]
Mar 14 12:02:28 penas kernel: [    0.229719] acpi PNP0A03:00: _OSC: not requesting OS control; OS requires [ExtendedConfig ASPM ClockPM MSI]
Mar 14 12:02:28 penas kernel: [    0.230224] acpi PNP0A03:00: fail to add MMCONFIG information, can't access extended PCI configuration space under this bridge.
Mar 14 12:02:28 penas kernel: [    0.230592] PCI host bridge to bus 0000:00
Mar 14 12:02:28 penas kernel: [    0.230594] pci_bus 0000:00: root bus resource [io  0x0000-0x0cf7 window]
Mar 14 12:02:28 penas kernel: [    0.230596] pci_bus 0000:00: root bus resource [io  0x0d00-0xffff window]
Mar 14 12:02:28 penas kernel: [    0.230597] pci_bus 0000:00: root bus resource [mem 0x000a0000-0x000bffff window]
Mar 14 12:02:28 penas kernel: [    0.230599] pci_bus 0000:00: root bus resource [mem 0x80000000-0xfdffffff window]
Mar 14 12:02:28 penas kernel: [    0.230600] pci_bus 0000:00: root bus resource [bus 00-ff]
Mar 14 12:02:28 penas kernel: [    0.230815] pci 0000:00:00.0: [8086:1237] type 00 class 0x060000
Mar 14 12:02:28 penas kernel: [    0.231593] pci 0000:00:01.0: [8086:7000] type 00 class 0x060100
Mar 14 12:02:28 penas kernel: [    0.232339] pci 0000:00:01.1: [8086:7111] type 00 class 0x01018a
Mar 14 12:02:28 penas kernel: [    0.232653] pci 0000:00:01.1: reg 0x20: [io  0xd000-0xd00f]
Mar 14 12:02:28 penas kernel: [    0.232911] pci 0000:00:01.1: legacy IDE quirk: reg 0x10: [io  0x01f0-0x01f7]
Mar 14 12:02:28 penas kernel: [    0.232912] pci 0000:00:01.1: legacy IDE quirk: reg 0x14: [io  0x03f6]
Mar 14 12:02:28 penas kernel: [    0.232913] pci 0000:00:01.1: legacy IDE quirk: reg 0x18: [io  0x0170-0x0177]
Mar 14 12:02:28 penas kernel: [    0.232914] pci 0000:00:01.1: legacy IDE quirk: reg 0x1c: [io  0x0376]
Mar 14 12:02:28 penas kernel: [    0.233237] pci 0000:00:02.0: [15ad:0405] type 00 class 0x030000
Mar 14 12:02:28 penas kernel: [    0.234004] pci 0000:00:02.0: reg 0x10: [io  0xd010-0xd01f]
Mar 14 12:02:28 penas kernel: [    0.234804] pci 0000:00:02.0: reg 0x14: [mem 0xe0000000-0xe0ffffff pref]
Mar 14 12:02:28 penas kernel: [    0.235416] pci 0000:00:02.0: reg 0x18: [mem 0xf0000000-0xf01fffff]
Mar 14 12:02:28 penas kernel: [    0.236422] pci 0000:00:02.0: Video device with shadowed ROM at [mem 0x000c0000-0x000dffff]
Mar 14 12:02:28 penas kernel: [    0.236869] pci 0000:00:03.0: [8086:100e] type 00 class 0x020000
Mar 14 12:02:28 penas kernel: [    0.237132] pci 0000:00:03.0: reg 0x10: [mem 0xf0200000-0xf021ffff]
Mar 14 12:02:28 penas kernel: [    0.237483] pci 0000:00:03.0: reg 0x18: [io  0xd020-0xd027]
Mar 14 12:02:28 penas kernel: [    0.238667] pci 0000:00:04.0: [80ee:cafe] type 00 class 0x088000
Mar 14 12:02:28 penas kernel: [    0.239102] pci 0000:00:04.0: reg 0x10: [io  0xd040-0xd05f]
Mar 14 12:02:28 penas kernel: [    0.239383] pci 0000:00:04.0: reg 0x14: [mem 0xf0400000-0xf07fffff]
Mar 14 12:02:28 penas kernel: [    0.239650] pci 0000:00:04.0: reg 0x18: [mem 0xf0800000-0xf0803fff pref]
Mar 14 12:02:28 penas kernel: [    0.240445] pci 0000:00:05.0: [8086:2415] type 00 class 0x040100
Mar 14 12:02:28 penas kernel: [    0.240651] pci 0000:00:05.0: reg 0x10: [io  0xd100-0xd1ff]
Mar 14 12:02:28 penas kernel: [    0.240771] pci 0000:00:05.0: reg 0x14: [io  0xd200-0xd23f]
Mar 14 12:02:28 penas kernel: [    0.241636] pci 0000:00:06.0: [106b:003f] type 00 class 0x0c0310
Mar 14 12:02:28 penas kernel: [    0.242140] pci 0000:00:06.0: reg 0x10: [mem 0xf0804000-0xf0804fff]
Mar 14 12:02:28 penas kernel: [    0.243342] pci 0000:00:07.0: [8086:7113] type 00 class 0x068000
Mar 14 12:02:28 penas kernel: [    0.244297] pci 0000:00:07.0: quirk: [io  0x4000-0x403f] claimed by PIIX4 ACPI
Mar 14 12:02:28 penas kernel: [    0.244315] pci 0000:00:07.0: quirk: [io  0x4100-0x410f] claimed by PIIX4 SMB
Mar 14 12:02:28 penas kernel: [    0.248738] pci 0000:00:0b.0: [8086:265c] type 00 class 0x0c0320
Mar 14 12:02:28 penas kernel: [    0.248971] pci 0000:00:0b.0: reg 0x10: [mem 0xf0805000-0xf0805fff]
Mar 14 12:02:28 penas kernel: [    0.252285] pci 0000:00:0d.0: [8086:2829] type 00 class 0x010601
Mar 14 12:02:28 penas kernel: [    0.252339] pci 0000:00:0d.0: reg 0x10: [io  0xd240-0xd247]
Mar 14 12:02:28 penas kernel: [    0.252339] pci 0000:00:0d.0: reg 0x14: [io  0xd248-0xd24b]
Mar 14 12:02:28 penas kernel: [    0.252339] pci 0000:00:0d.0: reg 0x18: [io  0xd250-0xd257]
Mar 14 12:02:28 penas kernel: [    0.252339] pci 0000:00:0d.0: reg 0x1c: [io  0xd258-0xd25b]
Mar 14 12:02:28 penas kernel: [    0.252339] pci 0000:00:0d.0: reg 0x20: [io  0xd260-0xd26f]
Mar 14 12:02:28 penas kernel: [    0.252339] pci 0000:00:0d.0: reg 0x24: [mem 0xf0806000-0xf0807fff]
Mar 14 12:02:28 penas kernel: [    0.285303] ACPI: PCI: Interrupt link LNKA configured for IRQ 11
Mar 14 12:02:28 penas kernel: [    0.285733] ACPI: PCI: Interrupt link LNKB configured for IRQ 10
Mar 14 12:02:28 penas kernel: [    0.285879] ACPI: PCI: Interrupt link LNKC configured for IRQ 9
Mar 14 12:02:28 penas kernel: [    0.286024] ACPI: PCI: Interrupt link LNKD configured for IRQ 11
Mar 14 12:02:28 penas kernel: [    0.286306] iommu: Default domain type: Translated 
Mar 14 12:02:28 penas kernel: [    0.286306] iommu: DMA domain TLB invalidation policy: lazy mode 
Mar 14 12:02:28 penas kernel: [    0.286306] SCSI subsystem initialized
Mar 14 12:02:28 penas kernel: [    0.286306] libata version 3.00 loaded.
Mar 14 12:02:28 penas kernel: [    0.286306] ACPI: bus type USB registered
Mar 14 12:02:28 penas kernel: [    0.286306] usbcore: registered new interface driver usbfs
Mar 14 12:02:28 penas kernel: [    0.286306] usbcore: registered new interface driver hub
Mar 14 12:02:28 penas kernel: [    0.286306] usbcore: registered new device driver usb
Mar 14 12:02:28 penas kernel: [    0.286306] pps_core: LinuxPPS API ver. 1 registered
Mar 14 12:02:28 penas kernel: [    0.286306] pps_core: Software ver. 5.3.6 - Copyright 2005-2007 Rodolfo Giometti <giometti@linux.it>
Mar 14 12:02:28 penas kernel: [    0.286306] PTP clock support registered
Mar 14 12:02:28 penas kernel: [    0.286306] EDAC MC: Ver: 3.0.0
Mar 14 12:02:28 penas kernel: [    0.286306] NetLabel: Initializing
Mar 14 12:02:28 penas kernel: [    0.286306] NetLabel:  domain hash size = 128
Mar 14 12:02:28 penas kernel: [    0.286306] NetLabel:  protocols = UNLABELED CIPSOv4 CALIPSO
Mar 14 12:02:28 penas kernel: [    0.286306] NetLabel:  unlabeled traffic allowed by default
Mar 14 12:02:28 penas kernel: [    0.288355] mctp: management component transport protocol core
Mar 14 12:02:28 penas kernel: [    0.288357] NET: Registered PF_MCTP protocol family
Mar 14 12:02:28 penas kernel: [    0.288361] PCI: Using ACPI for IRQ routing
Mar 14 12:02:28 penas kernel: [    0.288362] PCI: pci_cache_line_size set to 64 bytes
Mar 14 12:02:28 penas kernel: [    0.288741] e820: reserve RAM buffer [mem 0x0009fc00-0x0009ffff]
Mar 14 12:02:28 penas kernel: [    0.288743] e820: reserve RAM buffer [mem 0x7fff0000-0x7fffffff]
Mar 14 12:02:28 penas kernel: [    0.288813] pci 0000:00:02.0: vgaarb: setting as boot VGA device
Mar 14 12:02:28 penas kernel: [    0.288813] pci 0000:00:02.0: vgaarb: bridge control possible
Mar 14 12:02:28 penas kernel: [    0.288813] pci 0000:00:02.0: vgaarb: VGA device added: decodes=io+mem,owns=io+mem,locks=none
Mar 14 12:02:28 penas kernel: [    0.288813] vgaarb: loaded
Mar 14 12:02:28 penas kernel: [    0.289007] clocksource: Switched to clocksource kvm-clock
Mar 14 12:02:28 penas kernel: [    0.296434] VFS: Disk quotas dquot_6.6.0
Mar 14 12:02:28 penas kernel: [    0.296434] VFS: Dquot-cache hash table entries: 512 (order 0, 4096 bytes)
Mar 14 12:02:28 penas kernel: [    0.296434] AppArmor: AppArmor Filesystem Enabled
Mar 14 12:02:28 penas kernel: [    0.296434] pnp: PnP ACPI init
Mar 14 12:02:28 penas kernel: [    0.296434] pnp: PnP ACPI: found 2 devices
Mar 14 12:02:28 penas kernel: [    0.328128] clocksource: acpi_pm: mask: 0xffffff max_cycles: 0xffffff, max_idle_ns: 2085701024 ns
Mar 14 12:02:28 penas kernel: [    0.328193] NET: Registered PF_INET protocol family
Mar 14 12:02:28 penas kernel: [    0.328240] IP idents hash table entries: 32768 (order: 6, 262144 bytes, linear)
Mar 14 12:02:28 penas kernel: [    0.329062] tcp_listen_portaddr_hash hash table entries: 1024 (order: 2, 16384 bytes, linear)
Mar 14 12:02:28 penas kernel: [    0.329103] Table-perturb hash table entries: 65536 (order: 6, 262144 bytes, linear)
Mar 14 12:02:28 penas kernel: [    0.329145] TCP established hash table entries: 16384 (order: 5, 131072 bytes, linear)
Mar 14 12:02:28 penas kernel: [    0.329199] TCP bind hash table entries: 16384 (order: 6, 262144 bytes, linear)
Mar 14 12:02:28 penas kernel: [    0.329199] TCP: Hash tables configured (established 16384 bind 16384)
Mar 14 12:02:28 penas kernel: [    0.329327] MPTCP token hash table entries: 2048 (order: 3, 49152 bytes, linear)
Mar 14 12:02:28 penas kernel: [    0.329339] UDP hash table entries: 1024 (order: 3, 32768 bytes, linear)
Mar 14 12:02:28 penas kernel: [    0.329343] UDP-Lite hash table entries: 1024 (order: 3, 32768 bytes, linear)
Mar 14 12:02:28 penas kernel: [    0.329364] NET: Registered PF_UNIX/PF_LOCAL protocol family
Mar 14 12:02:28 penas kernel: [    0.329368] NET: Registered PF_XDP protocol family
Mar 14 12:02:28 penas kernel: [    0.329376] pci_bus 0000:00: resource 4 [io  0x0000-0x0cf7 window]
Mar 14 12:02:28 penas kernel: [    0.329379] pci_bus 0000:00: resource 5 [io  0x0d00-0xffff window]
Mar 14 12:02:28 penas kernel: [    0.329380] pci_bus 0000:00: resource 6 [mem 0x000a0000-0x000bffff window]
Mar 14 12:02:28 penas kernel: [    0.329381] pci_bus 0000:00: resource 7 [mem 0x80000000-0xfdffffff window]
Mar 14 12:02:28 penas kernel: [    0.329421] pci 0000:00:00.0: Limiting direct PCI/PCI transfers
Mar 14 12:02:28 penas kernel: [    0.329439] pci 0000:00:01.0: Activating ISA DMA hang workarounds
Mar 14 12:02:28 penas kernel: [    0.331882] PCI: CLS 0 bytes, default 64
Mar 14 12:02:28 penas kernel: [    0.331917] Trying to unpack rootfs image as initramfs...
Mar 14 12:02:28 penas kernel: [    0.340787] platform rtc_cmos: registered platform RTC device (no PNP device found)
Mar 14 12:02:28 penas kernel: [    0.344781] Initialise system trusted keyrings
Mar 14 12:02:28 penas kernel: [    0.344849] Key type blacklist registered
Mar 14 12:02:28 penas kernel: [    0.344881] workingset: timestamp_bits=36 max_order=19 bucket_order=0
Mar 14 12:02:28 penas kernel: [    0.345410] zbud: loaded
Mar 14 12:02:28 penas kernel: [    0.345547] squashfs: version 4.0 (2009/01/31) Phillip Lougher
Mar 14 12:02:28 penas kernel: [    0.345613] fuse: init (API version 7.36)
Mar 14 12:02:28 penas kernel: [    0.346285] integrity: Platform Keyring initialized
Mar 14 12:02:28 penas kernel: [    0.346287] integrity: Machine keyring initialized
Mar 14 12:02:28 penas kernel: [    0.351683] Key type asymmetric registered
Mar 14 12:02:28 penas kernel: [    0.351685] Asymmetric key parser 'x509' registered
Mar 14 12:02:28 penas kernel: [    1.010523] Freeing initrd memory: 69604K
Mar 14 12:02:28 penas kernel: [    1.015398] alg: self-tests for CTR-KDF (hmac(sha256)) passed
Mar 14 12:02:28 penas kernel: [    1.015425] Block layer SCSI generic (bsg) driver version 0.4 loaded (major 243)
Mar 14 12:02:28 penas kernel: [    1.015759] io scheduler mq-deadline registered
Mar 14 12:02:28 penas kernel: [    1.018126] shpchp: Standard Hot Plug PCI Controller Driver version: 0.4
Mar 14 12:02:28 penas kernel: [    1.018278] ACPI: AC: AC Adapter [AC] (on-line)
Mar 14 12:02:28 penas kernel: [    1.018308] input: Power Button as /devices/LNXSYSTM:00/LNXPWRBN:00/input/input0
Mar 14 12:02:28 penas kernel: [    1.018553] ACPI: button: Power Button [PWRF]
Mar 14 12:02:28 penas kernel: [    1.018609] input: Sleep Button as /devices/LNXSYSTM:00/LNXSLPBN:00/input/input1
Mar 14 12:02:28 penas kernel: [    1.018618] ACPI: button: Sleep Button [SLPF]
Mar 14 12:02:28 penas kernel: [    1.019325] Serial: 8250/16550 driver, 32 ports, IRQ sharing enabled
Mar 14 12:02:28 penas kernel: [    1.020574] Linux agpgart interface v0.103
Mar 14 12:02:28 penas kernel: [    1.022212] loop: module loaded
Mar 14 12:02:28 penas kernel: [    1.022282] ata_piix 0000:00:01.1: version 2.13
Mar 14 12:02:28 penas kernel: [    1.023554] scsi host0: ata_piix
Mar 14 12:02:28 penas kernel: [    1.024228] scsi host1: ata_piix
Mar 14 12:02:28 penas kernel: [    1.024270] ata1: PATA max UDMA/33 cmd 0x1f0 ctl 0x3f6 bmdma 0xd000 irq 14
Mar 14 12:02:28 penas kernel: [    1.024272] ata2: PATA max UDMA/33 cmd 0x170 ctl 0x376 bmdma 0xd008 irq 15
Mar 14 12:02:28 penas kernel: [    1.024584] tun: Universal TUN/TAP device driver, 1.6
Mar 14 12:02:28 penas kernel: [    1.024617] PPP generic driver version 2.4.2
Mar 14 12:02:28 penas kernel: [    1.024657] VFIO - User Level meta-driver version: 0.3
Mar 14 12:02:28 penas kernel: [    1.024809] ehci_hcd: USB 2.0 'Enhanced' Host Controller (EHCI) Driver
Mar 14 12:02:28 penas kernel: [    1.024811] ehci-pci: EHCI PCI platform driver
Mar 14 12:02:28 penas kernel: [    1.025768] ehci-pci 0000:00:0b.0: EHCI Host Controller
Mar 14 12:02:28 penas kernel: [    1.025773] ehci-pci 0000:00:0b.0: new USB bus registered, assigned bus number 1
Mar 14 12:02:28 penas kernel: [    1.026406] ehci-pci 0000:00:0b.0: irq 19, io mem 0xf0805000
Mar 14 12:02:28 penas kernel: [    1.040471] ehci-pci 0000:00:0b.0: USB 2.0 started, EHCI 1.00
Mar 14 12:02:28 penas kernel: [    1.040533] usb usb1: New USB device found, idVendor=1d6b, idProduct=0002, bcdDevice= 5.19
Mar 14 12:02:28 penas kernel: [    1.040535] usb usb1: New USB device strings: Mfr=3, Product=2, SerialNumber=1
Mar 14 12:02:28 penas kernel: [    1.040536] usb usb1: Product: EHCI Host Controller
Mar 14 12:02:28 penas kernel: [    1.040537] usb usb1: Manufacturer: Linux 5.19.0-35-generic ehci_hcd
Mar 14 12:02:28 penas kernel: [    1.040539] usb usb1: SerialNumber: 0000:00:0b.0
Mar 14 12:02:28 penas kernel: [    1.040656] hub 1-0:1.0: USB hub found
Mar 14 12:02:28 penas kernel: [    1.040661] hub 1-0:1.0: 12 ports detected
Mar 14 12:02:28 penas kernel: [    1.041085] ehci-platform: EHCI generic platform driver
Mar 14 12:02:28 penas kernel: [    1.041096] ohci_hcd: USB 1.1 'Open' Host Controller (OHCI) Driver
Mar 14 12:02:28 penas kernel: [    1.041099] ohci-pci: OHCI PCI platform driver
Mar 14 12:02:28 penas kernel: [    1.041834] ohci-pci 0000:00:06.0: OHCI PCI host controller
Mar 14 12:02:28 penas kernel: [    1.041843] ohci-pci 0000:00:06.0: new USB bus registered, assigned bus number 2
Mar 14 12:02:28 penas kernel: [    1.042137] ohci-pci 0000:00:06.0: irq 22, io mem 0xf0804000
Mar 14 12:02:28 penas kernel: [    1.102473] usb usb2: New USB device found, idVendor=1d6b, idProduct=0001, bcdDevice= 5.19
Mar 14 12:02:28 penas kernel: [    1.102479] usb usb2: New USB device strings: Mfr=3, Product=2, SerialNumber=1
Mar 14 12:02:28 penas kernel: [    1.102480] usb usb2: Product: OHCI PCI host controller
Mar 14 12:02:28 penas kernel: [    1.102482] usb usb2: Manufacturer: Linux 5.19.0-35-generic ohci_hcd
Mar 14 12:02:28 penas kernel: [    1.102483] usb usb2: SerialNumber: 0000:00:06.0
Mar 14 12:02:28 penas kernel: [    1.102573] hub 2-0:1.0: USB hub found
Mar 14 12:02:28 penas kernel: [    1.102636] hub 2-0:1.0: 12 ports detected
Mar 14 12:02:28 penas kernel: [    1.103490] ohci-platform: OHCI generic platform driver
Mar 14 12:02:28 penas kernel: [    1.103503] uhci_hcd: USB Universal Host Controller Interface driver
Mar 14 12:02:28 penas kernel: [    1.103653] i8042: PNP: PS/2 Controller [PNP0303:PS2K,PNP0f03:PS2M] at 0x60,0x64 irq 1,12
Mar 14 12:02:28 penas kernel: [    1.106146] serio: i8042 KBD port at 0x60,0x64 irq 1
Mar 14 12:02:28 penas kernel: [    1.106154] serio: i8042 AUX port at 0x60,0x64 irq 12
Mar 14 12:02:28 penas kernel: [    1.106258] mousedev: PS/2 mouse device common for all mice
Mar 14 12:02:28 penas kernel: [    1.107217] input: AT Translated Set 2 keyboard as /devices/platform/i8042/serio0/input/input2
Mar 14 12:02:28 penas kernel: [    1.109216] rtc_cmos rtc_cmos: registered as rtc0
Mar 14 12:02:28 penas kernel: [    1.109389] rtc_cmos rtc_cmos: setting system clock to 2023-03-14T04:02:24 UTC (1678766544)
Mar 14 12:02:28 penas kernel: [    1.109399] rtc_cmos rtc_cmos: alarms up to one day, 114 bytes nvram
Mar 14 12:02:28 penas kernel: [    1.109405] i2c_dev: i2c /dev entries driver
Mar 14 12:02:28 penas kernel: [    1.109416] device-mapper: core: CONFIG_IMA_DISABLE_HTABLE is disabled. Duplicate IMA measurements will not be recorded in the IMA log.
Mar 14 12:02:28 penas kernel: [    1.109435] device-mapper: uevent: version 1.0.3
Mar 14 12:02:28 penas kernel: [    1.109461] device-mapper: ioctl: 4.47.0-ioctl (2022-07-28) initialised: dm-devel@redhat.com
Mar 14 12:02:28 penas kernel: [    1.109471] platform eisa.0: Probing EISA bus 0
Mar 14 12:02:28 penas kernel: [    1.109473] platform eisa.0: EISA: Cannot allocate resource for mainboard
Mar 14 12:02:28 penas kernel: [    1.109473] platform eisa.0: Cannot allocate resource for EISA slot 1
Mar 14 12:02:28 penas kernel: [    1.109474] platform eisa.0: Cannot allocate resource for EISA slot 2
Mar 14 12:02:28 penas kernel: [    1.109475] platform eisa.0: Cannot allocate resource for EISA slot 3
Mar 14 12:02:28 penas kernel: [    1.109475] platform eisa.0: Cannot allocate resource for EISA slot 4
Mar 14 12:02:28 penas kernel: [    1.109476] platform eisa.0: Cannot allocate resource for EISA slot 5
Mar 14 12:02:28 penas kernel: [    1.109477] platform eisa.0: Cannot allocate resource for EISA slot 6
Mar 14 12:02:28 penas kernel: [    1.109477] platform eisa.0: Cannot allocate resource for EISA slot 7
