Mar 14 03:42:09 ubuntu kernel: [    0.000000] Linux version 5.19.0-32-generic (buildd@lcy02-amd64-026) (x86_64-linux-gnu-gcc (Ubuntu 11.3.0-1ubuntu1~22.04) 11.3.0, GNU ld (GNU Binutils for Ubuntu) 2.38) #33~22.04.1-Ubuntu SMP PREEMPT_DYNAMIC Mon Jan 30 17:03:34 UTC 2 (Ubuntu 5.19.0-32.33~22.04.1-generic 5.19.17)
Mar 14 03:42:09 ubuntu kernel: [    0.000000] Command line: BOOT_IMAGE=/casper/vmlinuz file=/cdrom/preseed/ubuntu.seed maybe-ubiquity quiet splash ---
Mar 14 03:42:09 ubuntu kernel: [    0.000000] KERNEL supported cpus:
Mar 14 03:42:09 ubuntu kernel: [    0.000000]   Intel GenuineIntel
Mar 14 03:42:09 ubuntu kernel: [    0.000000]   AMD AuthenticAMD
Mar 14 03:42:09 ubuntu kernel: [    0.000000]   Hygon HygonGenuine
Mar 14 03:42:09 ubuntu kernel: [    0.000000]   Centaur CentaurHauls
Mar 14 03:42:09 ubuntu kernel: [    0.000000]   zhaoxin   Shanghai  
Mar 14 03:42:09 ubuntu kernel: [    0.000000] x86/fpu: x87 FPU will use FXSAVE
Mar 14 03:42:09 ubuntu kernel: [    0.000000] signal: max sigframe size: 1440
Mar 14 03:42:09 ubuntu kernel: [    0.000000] BIOS-provided physical RAM map:
Mar 14 03:42:09 ubuntu kernel: [    0.000000] BIOS-e820: [mem 0x0000000000000000-0x000000000009fbff] usable
Mar 14 03:42:09 ubuntu kernel: [    0.000000] BIOS-e820: [mem 0x000000000009fc00-0x000000000009ffff] reserved
Mar 14 03:42:09 ubuntu kernel: [    0.000000] BIOS-e820: [mem 0x00000000000f0000-0x00000000000fffff] reserved
Mar 14 03:42:09 ubuntu kernel: [    0.000000] BIOS-e820: [mem 0x0000000000100000-0x000000007ffeffff] usable
Mar 14 03:42:09 ubuntu kernel: [    0.000000] BIOS-e820: [mem 0x000000007fff0000-0x000000007fffffff] ACPI data
Mar 14 03:42:09 ubuntu kernel: [    0.000000] BIOS-e820: [mem 0x00000000fec00000-0x00000000fec00fff] reserved
Mar 14 03:42:09 ubuntu kernel: [    0.000000] BIOS-e820: [mem 0x00000000fee00000-0x00000000fee00fff] reserved
Mar 14 03:42:09 ubuntu kernel: [    0.000000] BIOS-e820: [mem 0x00000000fffc0000-0x00000000ffffffff] reserved
Mar 14 03:42:09 ubuntu kernel: [    0.000000] NX (Execute Disable) protection: active
Mar 14 03:42:09 ubuntu kernel: [    0.000000] SMBIOS 2.5 present.
Mar 14 03:42:09 ubuntu kernel: [    0.000000] DMI: innotek GmbH VirtualBox/VirtualBox, BIOS VirtualBox 12/01/2006
Mar 14 03:42:09 ubuntu kernel: [    0.000000] Hypervisor detected: KVM
Mar 14 03:42:09 ubuntu kernel: [    0.000000] kvm-clock: Using msrs 4b564d01 and 4b564d00
Mar 14 03:42:09 ubuntu kernel: [    0.000002] kvm-clock: using sched offset of 5390021183 cycles
Mar 14 03:42:09 ubuntu kernel: [    0.000003] clocksource: kvm-clock: mask: 0xffffffffffffffff max_cycles: 0x1cd42e4dffb, max_idle_ns: 881590591483 ns
Mar 14 03:42:09 ubuntu kernel: [    0.000005] tsc: Detected 2496.002 MHz processor
Mar 14 03:42:09 ubuntu kernel: [    0.001361] e820: update [mem 0x00000000-0x00000fff] usable ==> reserved
Mar 14 03:42:09 ubuntu kernel: [    0.001364] e820: remove [mem 0x000a0000-0x000fffff] usable
Mar 14 03:42:09 ubuntu kernel: [    0.001368] last_pfn = 0x7fff0 max_arch_pfn = 0x400000000
Mar 14 03:42:09 ubuntu kernel: [    0.001403] Disabled
Mar 14 03:42:09 ubuntu kernel: [    0.001404] x86/PAT: MTRRs disabled, skipping PAT initialization too.
Mar 14 03:42:09 ubuntu kernel: [    0.001408] CPU MTRRs all blank - virtualized system.
Mar 14 03:42:09 ubuntu kernel: [    0.001409] x86/PAT: Configuration [0-7]: WB  WT  UC- UC  WB  WT  UC- UC  
Mar 14 03:42:09 ubuntu kernel: [    0.001458] found SMP MP-table at [mem 0x0009fff0-0x0009ffff]
Mar 14 03:42:09 ubuntu kernel: [    0.001541] RAMDISK: [mem 0x27a65000-0x2fd29fff]
Mar 14 03:42:09 ubuntu kernel: [    0.001545] ACPI: Early table checksum verification disabled
Mar 14 03:42:09 ubuntu kernel: [    0.001548] ACPI: RSDP 0x00000000000E0000 000024 (v02 VBOX  )
Mar 14 03:42:09 ubuntu kernel: [    0.001552] ACPI: XSDT 0x000000007FFF0030 00003C (v01 VBOX   VBOXXSDT 00000001 ASL  00000061)
Mar 14 03:42:09 ubuntu kernel: [    0.001556] ACPI: FACP 0x000000007FFF00F0 0000F4 (v04 VBOX   VBOXFACP 00000001 ASL  00000061)
Mar 14 03:42:09 ubuntu kernel: [    0.001561] ACPI: DSDT 0x000000007FFF0610 002353 (v02 VBOX   VBOXBIOS 00000002 INTL 20100528)
Mar 14 03:42:09 ubuntu kernel: [    0.001564] ACPI: FACS 0x000000007FFF0200 000040
Mar 14 03:42:09 ubuntu kernel: [    0.001566] ACPI: FACS 0x000000007FFF0200 000040
Mar 14 03:42:09 ubuntu kernel: [    0.001568] ACPI: APIC 0x000000007FFF0240 00005C (v02 VBOX   VBOXAPIC 00000001 ASL  00000061)
Mar 14 03:42:09 ubuntu kernel: [    0.001571] ACPI: SSDT 0x000000007FFF02A0 00036C (v01 VBOX   VBOXCPUT 00000002 INTL 20100528)
Mar 14 03:42:09 ubuntu kernel: [    0.001573] ACPI: Reserving FACP table memory at [mem 0x7fff00f0-0x7fff01e3]
Mar 14 03:42:09 ubuntu kernel: [    0.001574] ACPI: Reserving DSDT table memory at [mem 0x7fff0610-0x7fff2962]
Mar 14 03:42:09 ubuntu kernel: [    0.001574] ACPI: Reserving FACS table memory at [mem 0x7fff0200-0x7fff023f]
Mar 14 03:42:09 ubuntu kernel: [    0.001575] ACPI: Reserving FACS table memory at [mem 0x7fff0200-0x7fff023f]
Mar 14 03:42:09 ubuntu kernel: [    0.001575] ACPI: Reserving APIC table memory at [mem 0x7fff0240-0x7fff029b]
Mar 14 03:42:09 ubuntu kernel: [    0.001576] ACPI: Reserving SSDT table memory at [mem 0x7fff02a0-0x7fff060b]
Mar 14 03:42:09 ubuntu kernel: [    0.002186] No NUMA configuration found
Mar 14 03:42:09 ubuntu kernel: [    0.002187] Faking a node at [mem 0x0000000000000000-0x000000007ffeffff]
Mar 14 03:42:09 ubuntu kernel: [    0.002192] NODE_DATA(0) allocated [mem 0x7ffc5000-0x7ffeffff]
Mar 14 03:42:09 ubuntu kernel: [    0.002394] Zone ranges:
Mar 14 03:42:09 ubuntu kernel: [    0.002395]   DMA      [mem 0x0000000000001000-0x0000000000ffffff]
Mar 14 03:42:09 ubuntu kernel: [    0.002396]   DMA32    [mem 0x0000000001000000-0x000000007ffeffff]
Mar 14 03:42:09 ubuntu kernel: [    0.002397]   Normal   empty
Mar 14 03:42:09 ubuntu kernel: [    0.002398]   Device   empty
Mar 14 03:42:09 ubuntu kernel: [    0.002398] Movable zone start for each node
Mar 14 03:42:09 ubuntu kernel: [    0.002400] Early memory node ranges
Mar 14 03:42:09 ubuntu kernel: [    0.002400]   node   0: [mem 0x0000000000001000-0x000000000009efff]
Mar 14 03:42:09 ubuntu kernel: [    0.002401]   node   0: [mem 0x0000000000100000-0x000000007ffeffff]
Mar 14 03:42:09 ubuntu kernel: [    0.002402] Initmem setup node 0 [mem 0x0000000000001000-0x000000007ffeffff]
Mar 14 03:42:09 ubuntu kernel: [    0.002405] On node 0, zone DMA: 1 pages in unavailable ranges
Mar 14 03:42:09 ubuntu kernel: [    0.002422] On node 0, zone DMA: 97 pages in unavailable ranges
Mar 14 03:42:09 ubuntu kernel: [    0.004725] On node 0, zone DMA32: 16 pages in unavailable ranges
Mar 14 03:42:09 ubuntu kernel: [    0.005804] ACPI: PM-Timer IO Port: 0x4008
Mar 14 03:42:09 ubuntu kernel: [    0.005976] IOAPIC[0]: apic_id 2, version 32, address 0xfec00000, GSI 0-23
Mar 14 03:42:09 ubuntu kernel: [    0.005979] ACPI: INT_SRC_OVR (bus 0 bus_irq 0 global_irq 2 dfl dfl)
Mar 14 03:42:09 ubuntu kernel: [    0.005980] ACPI: INT_SRC_OVR (bus 0 bus_irq 9 global_irq 9 low level)
Mar 14 03:42:09 ubuntu kernel: [    0.005984] ACPI: Using ACPI (MADT) for SMP configuration information
Mar 14 03:42:09 ubuntu kernel: [    0.006002] smpboot: Allowing 2 CPUs, 0 hotplug CPUs
Mar 14 03:42:09 ubuntu kernel: [    0.006060] PM: hibernation: Registered nosave memory: [mem 0x00000000-0x00000fff]
Mar 14 03:42:09 ubuntu kernel: [    0.006061] PM: hibernation: Registered nosave memory: [mem 0x0009f000-0x0009ffff]
Mar 14 03:42:09 ubuntu kernel: [    0.006061] PM: hibernation: Registered nosave memory: [mem 0x000a0000-0x000effff]
Mar 14 03:42:09 ubuntu kernel: [    0.006062] PM: hibernation: Registered nosave memory: [mem 0x000f0000-0x000fffff]
Mar 14 03:42:09 ubuntu kernel: [    0.006063] [mem 0x80000000-0xfebfffff] available for PCI devices
Mar 14 03:42:09 ubuntu kernel: [    0.006064] Booting paravirtualized kernel on KVM
Mar 14 03:42:09 ubuntu kernel: [    0.006065] clocksource: refined-jiffies: mask: 0xffffffff max_cycles: 0xffffffff, max_idle_ns: 7645519600211568 ns
Mar 14 03:42:09 ubuntu kernel: [    0.006069] setup_percpu: NR_CPUS:8192 nr_cpumask_bits:2 nr_cpu_ids:2 nr_node_ids:1
Mar 14 03:42:09 ubuntu kernel: [    0.006224] percpu: Embedded 61 pages/cpu s212992 r8192 d28672 u1048576
Mar 14 03:42:09 ubuntu kernel: [    0.006227] pcpu-alloc: s212992 r8192 d28672 u1048576 alloc=1*2097152
Mar 14 03:42:09 ubuntu kernel: [    0.006228] pcpu-alloc: [0] 0 1 
Mar 14 03:42:09 ubuntu kernel: [    0.006272] kvm-guest: PV spinlocks enabled
Mar 14 03:42:09 ubuntu kernel: [    0.006274] PV qspinlock hash table entries: 256 (order: 0, 4096 bytes, linear)
Mar 14 03:42:09 ubuntu kernel: [    0.006279] Fallback order for Node 0: 0 
Mar 14 03:42:09 ubuntu kernel: [    0.006281] Built 1 zonelists, mobility grouping on.  Total pages: 515824
Mar 14 03:42:09 ubuntu kernel: [    0.006282] Policy zone: DMA32
Mar 14 03:42:09 ubuntu kernel: [    0.006283] Kernel command line: BOOT_IMAGE=/casper/vmlinuz file=/cdrom/preseed/ubuntu.seed maybe-ubiquity quiet splash ---
Mar 14 03:42:09 ubuntu kernel: [    0.006339] Unknown kernel command line parameters "maybe-ubiquity splash --- BOOT_IMAGE=/casper/vmlinuz file=/cdrom/preseed/ubuntu.seed", will be passed to user space.
Mar 14 03:42:09 ubuntu kernel: [    0.006456] Dentry cache hash table entries: 262144 (order: 9, 2097152 bytes, linear)
Mar 14 03:42:09 ubuntu kernel: [    0.006599] Inode-cache hash table entries: 131072 (order: 8, 1048576 bytes, linear)
Mar 14 03:42:09 ubuntu kernel: [    0.006637] mem auto-init: stack:off, heap alloc:on, heap free:off
Mar 14 03:42:09 ubuntu kernel: [    0.009461] Memory: 1880216K/2096696K available (18440K kernel code, 4050K rwdata, 11288K rodata, 3168K init, 4908K bss, 216220K reserved, 0K cma-reserved)
Mar 14 03:42:09 ubuntu kernel: [    0.009793] SLUB: HWalign=64, Order=0-3, MinObjects=0, CPUs=2, Nodes=1
Mar 14 03:42:09 ubuntu kernel: [    0.009808] ftrace: allocating 52169 entries in 204 pages
Mar 14 03:42:09 ubuntu kernel: [    0.016396] ftrace: allocated 204 pages with 4 groups
Mar 14 03:42:09 ubuntu kernel: [    0.017013] Dynamic Preempt: voluntary
Mar 14 03:42:09 ubuntu kernel: [    0.017040] rcu: Preemptible hierarchical RCU implementation.
Mar 14 03:42:09 ubuntu kernel: [    0.017041] rcu: 	RCU restricting CPUs from NR_CPUS=8192 to nr_cpu_ids=2.
Mar 14 03:42:09 ubuntu kernel: [    0.017042] 	Trampoline variant of Tasks RCU enabled.
Mar 14 03:42:09 ubuntu kernel: [    0.017042] 	Rude variant of Tasks RCU enabled.
Mar 14 03:42:09 ubuntu kernel: [    0.017043] 	Tracing variant of Tasks RCU enabled.
Mar 14 03:42:09 ubuntu kernel: [    0.017043] rcu: RCU calculated value of scheduler-enlistment delay is 25 jiffies.
Mar 14 03:42:09 ubuntu kernel: [    0.017044] rcu: Adjusting geometry for rcu_fanout_leaf=16, nr_cpu_ids=2
Mar 14 03:42:09 ubuntu kernel: [    0.019687] NR_IRQS: 524544, nr_irqs: 440, preallocated irqs: 16
Mar 14 03:42:09 ubuntu kernel: [    0.019924] rcu: srcu_init: Setting srcu_struct sizes based on contention.
Mar 14 03:42:09 ubuntu kernel: [    0.020030] random: crng init done
Mar 14 03:42:09 ubuntu kernel: [    0.047967] Console: colour VGA+ 80x25
Mar 14 03:42:09 ubuntu kernel: [    0.047974] printk: console [tty0] enabled
Mar 14 03:42:09 ubuntu kernel: [    0.047991] ACPI: Core revision 20220331
Mar 14 03:42:09 ubuntu kernel: [    0.048731] APIC: Switch to symmetric I/O mode setup
Mar 14 03:42:09 ubuntu kernel: [    0.057500] ..TIMER: vector=0x30 apic1=0 pin1=2 apic2=-1 pin2=-1
Mar 14 03:42:09 ubuntu kernel: [    0.057626] clocksource: tsc-early: mask: 0xffffffffffffffff max_cycles: 0x23fa79125d1, max_idle_ns: 440795329579 ns
Mar 14 03:42:09 ubuntu kernel: [    0.057632] Calibrating delay loop (skipped) preset value.. 4992.00 BogoMIPS (lpj=9984008)
Mar 14 03:42:09 ubuntu kernel: [    0.057634] pid_max: default: 32768 minimum: 301
Mar 14 03:42:09 ubuntu kernel: [    0.057650] LSM: Security Framework initializing
Mar 14 03:42:09 ubuntu kernel: [    0.057656] landlock: Up and running.
Mar 14 03:42:09 ubuntu kernel: [    0.057657] Yama: becoming mindful.
Mar 14 03:42:09 ubuntu kernel: [    0.057672] AppArmor: AppArmor initialized
Mar 14 03:42:09 ubuntu kernel: [    0.057692] Mount-cache hash table entries: 4096 (order: 3, 32768 bytes, linear)
Mar 14 03:42:09 ubuntu kernel: [    0.057695] Mountpoint-cache hash table entries: 4096 (order: 3, 32768 bytes, linear)
Mar 14 03:42:09 ubuntu kernel: [    0.058526] Last level iTLB entries: 4KB 0, 2MB 0, 4MB 0
Mar 14 03:42:09 ubuntu kernel: [    0.058528] Last level dTLB entries: 4KB 0, 2MB 0, 4MB 0, 1GB 0
Mar 14 03:42:09 ubuntu kernel: [    0.058532] Spectre V1 : Mitigation: usercopy/swapgs barriers and __user pointer sanitization
Mar 14 03:42:09 ubuntu kernel: [    0.058533] Spectre V2 : Mitigation: Enhanced IBRS
Mar 14 03:42:09 ubuntu kernel: [    0.058534] Spectre V2 : Spectre v2 / SpectreRSB mitigation: Filling RSB on context switch
Mar 14 03:42:09 ubuntu kernel: [    0.058534] Spectre V2 : Spectre v2 / PBRSB-eIBRS: Retire a single CALL on VMEXIT
Mar 14 03:42:09 ubuntu kernel: [    0.058535] RETBleed: Mitigation: Enhanced IBRS
Mar 14 03:42:09 ubuntu kernel: [    0.058535] Speculative Store Bypass: Vulnerable
Mar 14 03:42:09 ubuntu kernel: [    0.061629] Freeing SMP alternatives memory: 44K
Mar 14 03:42:09 ubuntu kernel: [    0.185996] APIC calibration not consistent with PM-Timer: 105ms instead of 100ms
Mar 14 03:42:09 ubuntu kernel: [    0.185999] APIC delta adjusted to PM-Timer: 6387616 (6723081)
Mar 14 03:42:09 ubuntu kernel: [    0.186189] smpboot: CPU0: 12th Gen Intel(R) Core(TM) i5-12400 (family: 0x6, model: 0x97, stepping: 0x2)
Mar 14 03:42:09 ubuntu kernel: [    0.186279] cblist_init_generic: Setting adjustable number of callback queues.
Mar 14 03:42:09 ubuntu kernel: [    0.186281] cblist_init_generic: Setting shift to 1 and lim to 1.
Mar 14 03:42:09 ubuntu kernel: [    0.186290] cblist_init_generic: Setting shift to 1 and lim to 1.
Mar 14 03:42:09 ubuntu kernel: [    0.186297] cblist_init_generic: Setting shift to 1 and lim to 1.
Mar 14 03:42:09 ubuntu kernel: [    0.186303] Performance Events: unsupported p6 CPU model 151 no PMU driver, software events only.
Mar 14 03:42:09 ubuntu kernel: [    0.186324] rcu: Hierarchical SRCU implementation.
Mar 14 03:42:09 ubuntu kernel: [    0.186325] rcu: 	Max phase no-delay instances is 1000.
Mar 14 03:42:09 ubuntu kernel: [    0.186679] NMI watchdog: Perf NMI watchdog permanently disabled
Mar 14 03:42:09 ubuntu kernel: [    0.186710] smp: Bringing up secondary CPUs ...
Mar 14 03:42:09 ubuntu kernel: [    0.186761] x86: Booting SMP configuration:
Mar 14 03:42:09 ubuntu kernel: [    0.186762] .... node  #0, CPUs:      #1
Mar 14 03:42:09 ubuntu kernel: [    0.189629] TSC synchronization [CPU#0 -> CPU#1]:
Mar 14 03:42:09 ubuntu kernel: [    0.189629] Measured 54148 cycles TSC warp between CPUs, turning off TSC clock.
Mar 14 03:42:09 ubuntu kernel: [    0.189629] tsc: Marking TSC unstable due to check_tsc_sync_source failed
Mar 14 03:42:09 ubuntu kernel: [    0.190048] smp: Brought up 1 node, 2 CPUs
Mar 14 03:42:09 ubuntu kernel: [    0.190051] smpboot: Max logical packages: 1
Mar 14 03:42:09 ubuntu kernel: [    0.190052] smpboot: Total of 2 processors activated (9984.00 BogoMIPS)
Mar 14 03:42:09 ubuntu kernel: [    0.190271] devtmpfs: initialized
Mar 14 03:42:09 ubuntu kernel: [    0.190271] x86/mm: Memory block size: 128MB
Mar 14 03:42:09 ubuntu kernel: [    0.190271] clocksource: jiffies: mask: 0xffffffff max_cycles: 0xffffffff, max_idle_ns: 7645041785100000 ns
Mar 14 03:42:09 ubuntu kernel: [    0.190271] futex hash table entries: 512 (order: 3, 32768 bytes, linear)
Mar 14 03:42:09 ubuntu kernel: [    0.190271] pinctrl core: initialized pinctrl subsystem
Mar 14 03:42:09 ubuntu kernel: [    0.190271] PM: RTC time: 03:42:00, date: 2023-03-14
Mar 14 03:42:09 ubuntu kernel: [    0.190629] NET: Registered PF_NETLINK/PF_ROUTE protocol family
Mar 14 03:42:09 ubuntu kernel: [    0.190690] DMA: preallocated 256 KiB GFP_KERNEL pool for atomic allocations
Mar 14 03:42:09 ubuntu kernel: [    0.190711] DMA: preallocated 256 KiB GFP_KERNEL|GFP_DMA pool for atomic allocations
Mar 14 03:42:09 ubuntu kernel: [    0.190721] DMA: preallocated 256 KiB GFP_KERNEL|GFP_DMA32 pool for atomic allocations
Mar 14 03:42:09 ubuntu kernel: [    0.190726] audit: initializing netlink subsys (disabled)
Mar 14 03:42:09 ubuntu kernel: [    0.193775] thermal_sys: Registered thermal governor 'fair_share'
Mar 14 03:42:09 ubuntu kernel: [    0.193776] thermal_sys: Registered thermal governor 'bang_bang'
Mar 14 03:42:09 ubuntu kernel: [    0.193653] audit: type=2000 audit(1678765327.075:1): state=initialized audit_enabled=0 res=1
Mar 14 03:42:09 ubuntu kernel: [    0.193777] thermal_sys: Registered thermal governor 'step_wise'
Mar 14 03:42:09 ubuntu kernel: [    0.193778] thermal_sys: Registered thermal governor 'user_space'
Mar 14 03:42:09 ubuntu kernel: [    0.193779] thermal_sys: Registered thermal governor 'power_allocator'
Mar 14 03:42:09 ubuntu kernel: [    0.193783] EISA bus registered
Mar 14 03:42:09 ubuntu kernel: [    0.193789] cpuidle: using governor ladder
Mar 14 03:42:09 ubuntu kernel: [    0.193791] cpuidle: using governor menu
Mar 14 03:42:09 ubuntu kernel: [    0.193839] acpiphp: ACPI Hot Plug PCI Controller Driver version: 0.5
Mar 14 03:42:09 ubuntu kernel: [    0.193984] PCI: Using configuration type 1 for base access
Mar 14 03:42:09 ubuntu kernel: [    0.194756] kprobes: kprobe jump-optimization is enabled. All kprobes are optimized if possible.
Mar 14 03:42:09 ubuntu kernel: [    0.210556] HugeTLB: can optimize 7 vmemmap pages for hugepages-2048kB
Mar 14 03:42:09 ubuntu kernel: [    0.210556] HugeTLB registered 2.00 MiB page size, pre-allocated 0 pages
Mar 14 03:42:09 ubuntu kernel: [    0.210556] ACPI: Added _OSI(Module Device)
Mar 14 03:42:09 ubuntu kernel: [    0.210556] ACPI: Added _OSI(Processor Device)
Mar 14 03:42:09 ubuntu kernel: [    0.210556] ACPI: Added _OSI(3.0 _SCP Extensions)
Mar 14 03:42:09 ubuntu kernel: [    0.210556] ACPI: Added _OSI(Processor Aggregator Device)
Mar 14 03:42:09 ubuntu kernel: [    0.210556] ACPI: Added _OSI(Linux-Dell-Video)
Mar 14 03:42:09 ubuntu kernel: [    0.210556] ACPI: Added _OSI(Linux-Lenovo-NV-HDMI-Audio)
Mar 14 03:42:09 ubuntu kernel: [    0.210556] ACPI: Added _OSI(Linux-HPI-Hybrid-Graphics)
Mar 14 03:42:09 ubuntu kernel: [    0.211342] ACPI: 2 ACPI AML tables successfully acquired and loaded
Mar 14 03:42:09 ubuntu kernel: [    0.214700] ACPI: Interpreter enabled
Mar 14 03:42:09 ubuntu kernel: [    0.214708] ACPI: PM: (supports S0 S5)
Mar 14 03:42:09 ubuntu kernel: [    0.214709] ACPI: Using IOAPIC for interrupt routing
Mar 14 03:42:09 ubuntu kernel: [    0.214919] PCI: Using host bridge windows from ACPI; if necessary, use "pci=nocrs" and report a bug
Mar 14 03:42:09 ubuntu kernel: [    0.214920] PCI: Using E820 reservations for host bridge windows
Mar 14 03:42:09 ubuntu kernel: [    0.214996] ACPI: Enabled 2 GPEs in block 00 to 07
Mar 14 03:42:09 ubuntu kernel: [    0.219286] ACPI: PCI Root Bridge [PCI0] (domain 0000 [bus 00-ff])
Mar 14 03:42:09 ubuntu kernel: [    0.219290] acpi PNP0A03:00: _OSC: OS supports [ASPM ClockPM Segments MSI EDR HPX-Type3]
Mar 14 03:42:09 ubuntu kernel: [    0.219292] acpi PNP0A03:00: _OSC: not requesting OS control; OS requires [ExtendedConfig ASPM ClockPM MSI]
Mar 14 03:42:09 ubuntu kernel: [    0.219727] acpi PNP0A03:00: fail to add MMCONFIG information, can't access extended PCI configuration space under this bridge.
Mar 14 03:42:09 ubuntu kernel: [    0.220053] PCI host bridge to bus 0000:00
Mar 14 03:42:09 ubuntu kernel: [    0.220054] pci_bus 0000:00: root bus resource [io  0x0000-0x0cf7 window]
Mar 14 03:42:09 ubuntu kernel: [    0.220056] pci_bus 0000:00: root bus resource [io  0x0d00-0xffff window]
Mar 14 03:42:09 ubuntu kernel: [    0.220057] pci_bus 0000:00: root bus resource [mem 0x000a0000-0x000bffff window]
Mar 14 03:42:09 ubuntu kernel: [    0.220058] pci_bus 0000:00: root bus resource [mem 0x80000000-0xfdffffff window]
Mar 14 03:42:09 ubuntu kernel: [    0.220058] pci_bus 0000:00: root bus resource [bus 00-ff]
Mar 14 03:42:09 ubuntu kernel: [    0.220261] pci 0000:00:00.0: [8086:1237] type 00 class 0x060000
Mar 14 03:42:09 ubuntu kernel: [    0.221196] pci 0000:00:01.0: [8086:7000] type 00 class 0x060100
Mar 14 03:42:09 ubuntu kernel: [    0.221629] pci 0000:00:01.1: [8086:7111] type 00 class 0x01018a
Mar 14 03:42:09 ubuntu kernel: [    0.222276] pci 0000:00:01.1: reg 0x20: [io  0xd000-0xd00f]
Mar 14 03:42:09 ubuntu kernel: [    0.222531] pci 0000:00:01.1: legacy IDE quirk: reg 0x10: [io  0x01f0-0x01f7]
Mar 14 03:42:09 ubuntu kernel: [    0.222532] pci 0000:00:01.1: legacy IDE quirk: reg 0x14: [io  0x03f6]
Mar 14 03:42:09 ubuntu kernel: [    0.222533] pci 0000:00:01.1: legacy IDE quirk: reg 0x18: [io  0x0170-0x0177]
Mar 14 03:42:09 ubuntu kernel: [    0.222533] pci 0000:00:01.1: legacy IDE quirk: reg 0x1c: [io  0x0376]
Mar 14 03:42:09 ubuntu kernel: [    0.222844] pci 0000:00:02.0: [15ad:0405] type 00 class 0x030000
Mar 14 03:42:09 ubuntu kernel: [    0.223511] pci 0000:00:02.0: reg 0x10: [io  0xd010-0xd01f]
Mar 14 03:42:09 ubuntu kernel: [    0.224045] pci 0000:00:02.0: reg 0x14: [mem 0xe0000000-0xe0ffffff pref]
Mar 14 03:42:09 ubuntu kernel: [    0.224595] pci 0000:00:02.0: reg 0x18: [mem 0xf0000000-0xf01fffff]
Mar 14 03:42:09 ubuntu kernel: [    0.227266] pci 0000:00:02.0: Video device with shadowed ROM at [mem 0x000c0000-0x000dffff]
Mar 14 03:42:09 ubuntu kernel: [    0.227607] pci 0000:00:03.0: [8086:100e] type 00 class 0x020000
Mar 14 03:42:09 ubuntu kernel: [    0.227846] pci 0000:00:03.0: reg 0x10: [mem 0xf0200000-0xf021ffff]
Mar 14 03:42:09 ubuntu kernel: [    0.228106] pci 0000:00:03.0: reg 0x18: [io  0xd020-0xd027]
Mar 14 03:42:09 ubuntu kernel: [    0.229225] pci 0000:00:04.0: [80ee:cafe] type 00 class 0x088000
Mar 14 03:42:09 ubuntu kernel: [    0.229627] pci 0000:00:04.0: reg 0x10: [io  0xd040-0xd05f]
Mar 14 03:42:09 ubuntu kernel: [    0.229629] pci 0000:00:04.0: reg 0x14: [mem 0xf0400000-0xf07fffff]
Mar 14 03:42:09 ubuntu kernel: [    0.229629] pci 0000:00:04.0: reg 0x18: [mem 0xf0800000-0xf0803fff pref]
Mar 14 03:42:09 ubuntu kernel: [    0.230706] pci 0000:00:05.0: [8086:2415] type 00 class 0x040100
Mar 14 03:42:09 ubuntu kernel: [    0.230899] pci 0000:00:05.0: reg 0x10: [io  0xd100-0xd1ff]
Mar 14 03:42:09 ubuntu kernel: [    0.231002] pci 0000:00:05.0: reg 0x14: [io  0xd200-0xd23f]
Mar 14 03:42:09 ubuntu kernel: [    0.231783] pci 0000:00:06.0: [106b:003f] type 00 class 0x0c0310
Mar 14 03:42:09 ubuntu kernel: [    0.232004] pci 0000:00:06.0: reg 0x10: [mem 0xf0804000-0xf0804fff]
Mar 14 03:42:09 ubuntu kernel: [    0.233081] pci 0000:00:07.0: [8086:7113] type 00 class 0x068000
Mar 14 03:42:09 ubuntu kernel: [    0.233629] pci 0000:00:07.0: quirk: [io  0x4000-0x403f] claimed by PIIX4 ACPI
Mar 14 03:42:09 ubuntu kernel: [    0.233629] pci 0000:00:07.0: quirk: [io  0x4100-0x410f] claimed by PIIX4 SMB
Mar 14 03:42:09 ubuntu kernel: [    0.239092] pci 0000:00:0b.0: [8086:265c] type 00 class 0x0c0320
Mar 14 03:42:09 ubuntu kernel: [    0.239319] pci 0000:00:0b.0: reg 0x10: [mem 0xf0805000-0xf0805fff]
Mar 14 03:42:09 ubuntu kernel: [    0.241751] pci 0000:00:0d.0: [8086:2829] type 00 class 0x010601
Mar 14 03:42:09 ubuntu kernel: [    0.241969] pci 0000:00:0d.0: reg 0x10: [io  0xd240-0xd247]
Mar 14 03:42:09 ubuntu kernel: [    0.242090] pci 0000:00:0d.0: reg 0x14: [io  0xd248-0xd24b]
Mar 14 03:42:09 ubuntu kernel: [    0.242208] pci 0000:00:0d.0: reg 0x18: [io  0xd250-0xd257]
Mar 14 03:42:09 ubuntu kernel: [    0.242326] pci 0000:00:0d.0: reg 0x1c: [io  0xd258-0xd25b]
Mar 14 03:42:09 ubuntu kernel: [    0.242443] pci 0000:00:0d.0: reg 0x20: [io  0xd260-0xd26f]
Mar 14 03:42:09 ubuntu kernel: [    0.242578] pci 0000:00:0d.0: reg 0x24: [mem 0xf0806000-0xf0807fff]
Mar 14 03:42:09 ubuntu kernel: [    0.276187] ACPI: PCI: Interrupt link LNKA configured for IRQ 11
Mar 14 03:42:09 ubuntu kernel: [    0.276468] ACPI: PCI: Interrupt link LNKB configured for IRQ 10
Mar 14 03:42:09 ubuntu kernel: [    0.276566] ACPI: PCI: Interrupt link LNKC configured for IRQ 9
Mar 14 03:42:09 ubuntu kernel: [    0.276687] ACPI: PCI: Interrupt link LNKD configured for IRQ 11
Mar 14 03:42:09 ubuntu kernel: [    0.276893] iommu: Default domain type: Translated 
Mar 14 03:42:09 ubuntu kernel: [    0.276893] iommu: DMA domain TLB invalidation policy: lazy mode 
Mar 14 03:42:09 ubuntu kernel: [    0.276893] SCSI subsystem initialized
Mar 14 03:42:09 ubuntu kernel: [    0.276893] libata version 3.00 loaded.
Mar 14 03:42:09 ubuntu kernel: [    0.276893] ACPI: bus type USB registered
Mar 14 03:42:09 ubuntu kernel: [    0.276893] usbcore: registered new interface driver usbfs
Mar 14 03:42:09 ubuntu kernel: [    0.276893] usbcore: registered new interface driver hub
Mar 14 03:42:09 ubuntu kernel: [    0.276893] usbcore: registered new device driver usb
Mar 14 03:42:09 ubuntu kernel: [    0.276893] pps_core: LinuxPPS API ver. 1 registered
Mar 14 03:42:09 ubuntu kernel: [    0.276893] pps_core: Software ver. 5.3.6 - Copyright 2005-2007 Rodolfo Giometti <giometti@linux.it>
Mar 14 03:42:09 ubuntu kernel: [    0.276893] PTP clock support registered
Mar 14 03:42:09 ubuntu kernel: [    0.277705] EDAC MC: Ver: 3.0.0
Mar 14 03:42:09 ubuntu kernel: [    0.278130] NetLabel: Initializing
Mar 14 03:42:09 ubuntu kernel: [    0.278130] NetLabel:  domain hash size = 128
Mar 14 03:42:09 ubuntu kernel: [    0.278130] NetLabel:  protocols = UNLABELED CIPSOv4 CALIPSO
Mar 14 03:42:09 ubuntu kernel: [    0.278130] NetLabel:  unlabeled traffic allowed by default
Mar 14 03:42:09 ubuntu kernel: [    0.278130] mctp: management component transport protocol core
Mar 14 03:42:09 ubuntu kernel: [    0.278130] NET: Registered PF_MCTP protocol family
Mar 14 03:42:09 ubuntu kernel: [    0.278130] PCI: Using ACPI for IRQ routing
Mar 14 03:42:09 ubuntu kernel: [    0.278130] PCI: pci_cache_line_size set to 64 bytes
Mar 14 03:42:09 ubuntu kernel: [    0.278130] e820: reserve RAM buffer [mem 0x0009fc00-0x0009ffff]
Mar 14 03:42:09 ubuntu kernel: [    0.278130] e820: reserve RAM buffer [mem 0x7fff0000-0x7fffffff]
Mar 14 03:42:09 ubuntu kernel: [    0.278130] pci 0000:00:02.0: vgaarb: setting as boot VGA device
Mar 14 03:42:09 ubuntu kernel: [    0.278130] pci 0000:00:02.0: vgaarb: bridge control possible
Mar 14 03:42:09 ubuntu kernel: [    0.278130] pci 0000:00:02.0: vgaarb: VGA device added: decodes=io+mem,owns=io+mem,locks=none
Mar 14 03:42:09 ubuntu kernel: [    0.278130] vgaarb: loaded
Mar 14 03:42:09 ubuntu kernel: [    0.278368] clocksource: Switched to clocksource kvm-clock
Mar 14 03:42:09 ubuntu kernel: [    0.284281] VFS: Disk quotas dquot_6.6.0
Mar 14 03:42:09 ubuntu kernel: [    0.284289] VFS: Dquot-cache hash table entries: 512 (order 0, 4096 bytes)
Mar 14 03:42:09 ubuntu kernel: [    0.284353] AppArmor: AppArmor Filesystem Enabled
Mar 14 03:42:09 ubuntu kernel: [    0.284364] pnp: PnP ACPI init
Mar 14 03:42:09 ubuntu kernel: [    0.285249] pnp: PnP ACPI: found 2 devices
Mar 14 03:42:09 ubuntu kernel: [    0.306590] clocksource: acpi_pm: mask: 0xffffff max_cycles: 0xffffff, max_idle_ns: 2085701024 ns
Mar 14 03:42:09 ubuntu kernel: [    0.306631] NET: Registered PF_INET protocol family
Mar 14 03:42:09 ubuntu kernel: [    0.306665] IP idents hash table entries: 32768 (order: 6, 262144 bytes, linear)
Mar 14 03:42:09 ubuntu kernel: [    0.307113] tcp_listen_portaddr_hash hash table entries: 1024 (order: 2, 16384 bytes, linear)
Mar 14 03:42:09 ubuntu kernel: [    0.307132] Table-perturb hash table entries: 65536 (order: 6, 262144 bytes, linear)
Mar 14 03:42:09 ubuntu kernel: [    0.307142] TCP established hash table entries: 16384 (order: 5, 131072 bytes, linear)
Mar 14 03:42:09 ubuntu kernel: [    0.307167] TCP bind hash table entries: 16384 (order: 6, 262144 bytes, linear)
Mar 14 03:42:09 ubuntu kernel: [    0.307176] TCP: Hash tables configured (established 16384 bind 16384)
Mar 14 03:42:09 ubuntu kernel: [    0.307208] MPTCP token hash table entries: 2048 (order: 3, 49152 bytes, linear)
Mar 14 03:42:09 ubuntu kernel: [    0.307216] UDP hash table entries: 1024 (order: 3, 32768 bytes, linear)
Mar 14 03:42:09 ubuntu kernel: [    0.307220] UDP-Lite hash table entries: 1024 (order: 3, 32768 bytes, linear)
Mar 14 03:42:09 ubuntu kernel: [    0.307236] NET: Registered PF_UNIX/PF_LOCAL protocol family
Mar 14 03:42:09 ubuntu kernel: [    0.307239] NET: Registered PF_XDP protocol family
Mar 14 03:42:09 ubuntu kernel: [    0.307246] pci_bus 0000:00: resource 4 [io  0x0000-0x0cf7 window]
Mar 14 03:42:09 ubuntu kernel: [    0.307248] pci_bus 0000:00: resource 5 [io  0x0d00-0xffff window]
Mar 14 03:42:09 ubuntu kernel: [    0.307249] pci_bus 0000:00: resource 6 [mem 0x000a0000-0x000bffff window]
Mar 14 03:42:09 ubuntu kernel: [    0.307250] pci_bus 0000:00: resource 7 [mem 0x80000000-0xfdffffff window]
Mar 14 03:42:09 ubuntu kernel: [    0.307287] pci 0000:00:00.0: Limiting direct PCI/PCI transfers
Mar 14 03:42:09 ubuntu kernel: [    0.307304] pci 0000:00:01.0: Activating ISA DMA hang workarounds
Mar 14 03:42:09 ubuntu kernel: [    0.309734] PCI: CLS 0 bytes, default 64
Mar 14 03:42:09 ubuntu kernel: [    0.309764] Trying to unpack rootfs image as initramfs...
Mar 14 03:42:09 ubuntu kernel: [    0.317117] platform rtc_cmos: registered platform RTC device (no PNP device found)
Mar 14 03:42:09 ubuntu kernel: [    0.318021] Initialise system trusted keyrings
Mar 14 03:42:09 ubuntu kernel: [    0.318026] Key type blacklist registered
Mar 14 03:42:09 ubuntu kernel: [    0.318052] workingset: timestamp_bits=36 max_order=19 bucket_order=0
Mar 14 03:42:09 ubuntu kernel: [    0.318641] zbud: loaded
Mar 14 03:42:09 ubuntu kernel: [    0.318772] squashfs: version 4.0 (2009/01/31) Phillip Lougher
Mar 14 03:42:09 ubuntu kernel: [    0.327810] fuse: init (API version 7.36)
Mar 14 03:42:09 ubuntu kernel: [    0.328869] integrity: Platform Keyring initialized
Mar 14 03:42:09 ubuntu kernel: [    0.328871] integrity: Machine keyring initialized
Mar 14 03:42:09 ubuntu kernel: [    0.332116] Key type asymmetric registered
Mar 14 03:42:09 ubuntu kernel: [    0.332116] Asymmetric key parser 'x509' registered
Mar 14 03:42:09 ubuntu kernel: [    1.421189] Freeing initrd memory: 133908K
Mar 14 03:42:09 ubuntu kernel: [    1.442268] alg: self-tests for CTR-KDF (hmac(sha256)) passed
Mar 14 03:42:09 ubuntu kernel: [    1.442303] Block layer SCSI generic (bsg) driver version 0.4 loaded (major 243)
Mar 14 03:42:09 ubuntu kernel: [    1.442695] io scheduler mq-deadline registered
Mar 14 03:42:09 ubuntu kernel: [    1.446649] shpchp: Standard Hot Plug PCI Controller Driver version: 0.4
Mar 14 03:42:09 ubuntu kernel: [    1.446857] ACPI: AC: AC Adapter [AC] (on-line)
Mar 14 03:42:09 ubuntu kernel: [    1.446887] input: Power Button as /devices/LNXSYSTM:00/LNXPWRBN:00/input/input0
Mar 14 03:42:09 ubuntu kernel: [    1.446905] ACPI: button: Power Button [PWRF]
Mar 14 03:42:09 ubuntu kernel: [    1.446953] input: Sleep Button as /devices/LNXSYSTM:00/LNXSLPBN:00/input/input1
Mar 14 03:42:09 ubuntu kernel: [    1.446960] ACPI: button: Sleep Button [SLPF]
Mar 14 03:42:09 ubuntu kernel: [    1.450189] Serial: 8250/16550 driver, 32 ports, IRQ sharing enabled
Mar 14 03:42:09 ubuntu kernel: [    1.467254] Linux agpgart interface v0.103
Mar 14 03:42:09 ubuntu kernel: [    1.476273] loop: module loaded
Mar 14 03:42:09 ubuntu kernel: [    1.477020] ata_piix 0000:00:01.1: version 2.13
Mar 14 03:42:09 ubuntu kernel: [    1.478585] scsi host0: ata_piix
Mar 14 03:42:09 ubuntu kernel: [    1.479214] scsi host1: ata_piix
Mar 14 03:42:09 ubuntu kernel: [    1.479251] ata1: PATA max UDMA/33 cmd 0x1f0 ctl 0x3f6 bmdma 0xd000 irq 14
Mar 14 03:42:09 ubuntu kernel: [    1.479253] ata2: PATA max UDMA/33 cmd 0x170 ctl 0x376 bmdma 0xd008 irq 15
Mar 14 03:42:09 ubuntu kernel: [    1.479365] tun: Universal TUN/TAP device driver, 1.6
Mar 14 03:42:09 ubuntu kernel: [    1.479732] PPP generic driver version 2.4.2
Mar 14 03:42:09 ubuntu kernel: [    1.481355] VFIO - User Level meta-driver version: 0.3
Mar 14 03:42:09 ubuntu kernel: [    1.481918] ehci_hcd: USB 2.0 'Enhanced' Host Controller (EHCI) Driver
Mar 14 03:42:09 ubuntu kernel: [    1.481922] ehci-pci: EHCI PCI platform driver
Mar 14 03:42:09 ubuntu kernel: [    1.482578] ehci-pci 0000:00:0b.0: EHCI Host Controller
Mar 14 03:42:09 ubuntu kernel: [    1.482582] ehci-pci 0000:00:0b.0: new USB bus registered, assigned bus number 1
Mar 14 03:42:09 ubuntu kernel: [    1.483320] ehci-pci 0000:00:0b.0: irq 19, io mem 0xf0805000
Mar 14 03:42:09 ubuntu kernel: [    1.499485] ehci-pci 0000:00:0b.0: USB 2.0 started, EHCI 1.00
Mar 14 03:42:09 ubuntu kernel: [    1.499579] usb usb1: New USB device found, idVendor=1d6b, idProduct=0002, bcdDevice= 5.19
Mar 14 03:42:09 ubuntu kernel: [    1.499583] usb usb1: New USB device strings: Mfr=3, Product=2, SerialNumber=1
Mar 14 03:42:09 ubuntu kernel: [    1.499585] usb usb1: Product: EHCI Host Controller
Mar 14 03:42:09 ubuntu kernel: [    1.499586] usb usb1: Manufacturer: Linux 5.19.0-32-generic ehci_hcd
Mar 14 03:42:09 ubuntu kernel: [    1.499587] usb usb1: SerialNumber: 0000:00:0b.0
Mar 14 03:42:09 ubuntu kernel: [    1.500038] hub 1-0:1.0: USB hub found
Mar 14 03:42:09 ubuntu kernel: [    1.500042] hub 1-0:1.0: 12 ports detected
Mar 14 03:42:09 ubuntu kernel: [    1.500489] ehci-platform: EHCI generic platform driver
Mar 14 03:42:09 ubuntu kernel: [    1.500497] ohci_hcd: USB 1.1 'Open' Host Controller (OHCI) Driver
Mar 14 03:42:09 ubuntu kernel: [    1.500500] ohci-pci: OHCI PCI platform driver
Mar 14 03:42:09 ubuntu kernel: [    1.501546] ohci-pci 0000:00:06.0: OHCI PCI host controller
Mar 14 03:42:09 ubuntu kernel: [    1.501567] ohci-pci 0000:00:06.0: new USB bus registered, assigned bus number 2
Mar 14 03:42:09 ubuntu kernel: [    1.501866] ohci-pci 0000:00:06.0: irq 22, io mem 0xf0804000
Mar 14 03:42:09 ubuntu kernel: [    1.559724] usb usb2: New USB device found, idVendor=1d6b, idProduct=0001, bcdDevice= 5.19
Mar 14 03:42:09 ubuntu kernel: [    1.559727] usb usb2: New USB device strings: Mfr=3, Product=2, SerialNumber=1
Mar 14 03:42:09 ubuntu kernel: [    1.559729] usb usb2: Product: OHCI PCI host controller
Mar 14 03:42:09 ubuntu kernel: [    1.559730] usb usb2: Manufacturer: Linux 5.19.0-32-generic ohci_hcd
Mar 14 03:42:09 ubuntu kernel: [    1.559731] usb usb2: SerialNumber: 0000:00:06.0
Mar 14 03:42:09 ubuntu kernel: [    1.560132] hub 2-0:1.0: USB hub found
Mar 14 03:42:09 ubuntu kernel: [    1.560174] hub 2-0:1.0: 12 ports detected
Mar 14 03:42:09 ubuntu kernel: [    1.561269] ohci-platform: OHCI generic platform driver
Mar 14 03:42:09 ubuntu kernel: [    1.561281] uhci_hcd: USB Universal Host Controller Interface driver
Mar 14 03:42:09 ubuntu kernel: [    1.561460] i8042: PNP: PS/2 Controller [PNP0303:PS2K,PNP0f03:PS2M] at 0x60,0x64 irq 1,12
Mar 14 03:42:09 ubuntu kernel: [    1.563603] serio: i8042 KBD port at 0x60,0x64 irq 1
Mar 14 03:42:09 ubuntu kernel: [    1.563610] serio: i8042 AUX port at 0x60,0x64 irq 12
Mar 14 03:42:09 ubuntu kernel: [    1.564185] mousedev: PS/2 mouse device common for all mice
Mar 14 03:42:09 ubuntu kernel: [    1.567407] input: AT Translated Set 2 keyboard as /devices/platform/i8042/serio0/input/input2
Mar 14 03:42:09 ubuntu kernel: [    1.568434] rtc_cmos rtc_cmos: registered as rtc0
Mar 14 03:42:09 ubuntu kernel: [    1.568652] rtc_cmos rtc_cmos: setting system clock to 2023-03-14T03:42:01 UTC (1678765321)
Mar 14 03:42:09 ubuntu kernel: [    1.568692] rtc_cmos rtc_cmos: alarms up to one day, 114 bytes nvram
Mar 14 03:42:09 ubuntu kernel: [    1.568700] i2c_dev: i2c /dev entries driver
Mar 14 03:42:09 ubuntu kernel: [    1.568715] device-mapper: core: CONFIG_IMA_DISABLE_HTABLE is disabled. Duplicate IMA measurements will not be recorded in the IMA log.
Mar 14 03:42:09 ubuntu kernel: [    1.568757] device-mapper: uevent: version 1.0.3
Mar 14 03:42:09 ubuntu kernel: [    1.569041] device-mapper: ioctl: 4.47.0-ioctl (2022-07-28) initialised: dm-devel@redhat.com
Mar 14 03:42:09 ubuntu kernel: [    1.569057] platform eisa.0: Probing EISA bus 0
Mar 14 03:42:09 ubuntu kernel: [    1.569058] platform eisa.0: EISA: Cannot allocate resource for mainboard
Mar 14 03:42:09 ubuntu kernel: [    1.569059] platform eisa.0: Cannot allocate resource for EISA slot 1
Mar 14 03:42:09 ubuntu kernel: [    1.569060] platform eisa.0: Cannot allocate resource for EISA slot 2
Mar 14 03:42:09 ubuntu kernel: [    1.569061] platform eisa.0: Cannot allocate resource for EISA slot 3
Mar 14 03:42:09 ubuntu kernel: [    1.569061] platform eisa.0: Cannot allocate resource for EISA slot 4
Mar 14 03:42:09 ubuntu kernel: [    1.569062] platform eisa.0: Cannot allocate resource for EISA slot 5
Mar 14 03:42:09 ubuntu kernel: [    1.569062] platform eisa.0: Cannot allocate resource for EISA slot 6
Mar 14 03:42:09 ubuntu kernel: [    1.569063] platform eisa.0: Cannot allocate resource for EISA slot 7
Mar 14 03:42:09 ubuntu kernel: [    1.569064] platform eisa.0: Cannot allocate resource for EISA slot 8
Mar 14 03:42:09 ubuntu kernel: [    1.569064] platform eisa.0: EISA: Detected 0 cards
Mar 14 03:42:09 ubuntu kernel: [    1.569066] intel_pstate: CPU model not supported
Mar 14 03:42:09 ubuntu kernel: [    1.569260] ledtrig-cpu: registered to indicate activity on CPUs
Mar 14 03:42:09 ubuntu kernel: [    1.569351] drop_monitor: Initializing network drop monitor service
Mar 14 03:42:09 ubuntu kernel: [    1.580720] NET: Registered PF_INET6 protocol family
Mar 14 03:42:09 ubuntu kernel: [    1.588016] Segment Routing with IPv6
Mar 14 03:42:09 ubuntu kernel: [    1.588026] In-situ OAM (IOAM) with IPv6
Mar 14 03:42:09 ubuntu kernel: [    1.588043] NET: Registered PF_PACKET protocol family
Mar 14 03:42:09 ubuntu kernel: [    1.588350] Key type dns_resolver registered
Mar 14 03:42:09 ubuntu kernel: [    1.589106] IPI shorthand broadcast: enabled
Mar 14 03:42:09 ubuntu kernel: [    1.589121] sched_clock: Marking stable (1551448140, 37614652)->(1600959929, -11897137)
Mar 14 03:42:09 ubuntu kernel: [    1.589735] registered taskstats version 1
Mar 14 03:42:09 ubuntu kernel: [    1.590019] Loading compiled-in X.509 certificates
Mar 14 03:42:09 ubuntu kernel: [    1.591741] Loaded X.509 cert 'Build time autogenerated kernel key: df64dc4cc2938f618a3838239701e819302d2eb5'
Mar 14 03:42:09 ubuntu kernel: [    1.592041] Loaded X.509 cert 'Canonical Ltd. Live Patch Signing: 14df34d1a87cf37625abec039ef2bf521249b969'
Mar 14 03:42:09 ubuntu kernel: [    1.592490] Loaded X.509 cert 'Canonical Ltd. Kernel Module Signing: 88f752e560a1e0737e31163a466ad7b70a850c19'
Mar 14 03:42:09 ubuntu kernel: [    1.592492] blacklist: Loading compiled-in revocation X.509 certificates
Mar 14 03:42:09 ubuntu kernel: [    1.592504] Loaded X.509 cert 'Canonical Ltd. Secure Boot Signing: 61482aa2830d0ab2ad5af10b7250da9033ddcef0'
Mar 14 03:42:09 ubuntu kernel: [    1.592513] Loaded X.509 cert 'Canonical Ltd. Secure Boot Signing (2017): 242ade75ac4a15e50d50c84b0d45ff3eae707a03'
Mar 14 03:42:09 ubuntu kernel: [    1.592521] Loaded X.509 cert 'Canonical Ltd. Secure Boot Signing (ESM 2018): 365188c1d374d6b07c3c8f240f8ef722433d6a8b'
Mar 14 03:42:09 ubuntu kernel: [    1.592528] Loaded X.509 cert 'Canonical Ltd. Secure Boot Signing (2019): c0746fd6c5da3ae827864651ad66ae47fe24b3e8'
Mar 14 03:42:09 ubuntu kernel: [    1.592537] Loaded X.509 cert 'Canonical Ltd. Secure Boot Signing (2021 v1): a8d54bbb3825cfb94fa13c9f8a594a195c107b8d'
Mar 14 03:42:09 ubuntu kernel: [    1.592547] Loaded X.509 cert 'Canonical Ltd. Secure Boot Signing (2021 v2): 4cf046892d6fd3c9a5b03f98d845f90851dc6a8c'
Mar 14 03:42:09 ubuntu kernel: [    1.592560] Loaded X.509 cert 'Canonical Ltd. Secure Boot Signing (2021 v3): 100437bb6de6e469b581e61cd66bce3ef4ed53af'
Mar 14 03:42:09 ubuntu kernel: [    1.592569] Loaded X.509 cert 'Canonical Ltd. Secure Boot Signing (Ubuntu Core 2019): c1d57b8f6b743f23ee41f4f7ee292f06eecadfb9'
Mar 14 03:42:09 ubuntu kernel: [    1.593125] zswap: loaded using pool lzo/zbud
Mar 14 03:42:09 ubuntu kernel: [    1.594068] Key type .fscrypt registered
Mar 14 03:42:09 ubuntu kernel: [    1.594070] Key type fscrypt-provisioning registered
Mar 14 03:42:09 ubuntu kernel: [    1.600213] Key type encrypted registered
Mar 14 03:42:09 ubuntu kernel: [    1.600217] AppArmor: AppArmor sha1 policy hashing enabled
Mar 14 03:42:09 ubuntu kernel: [    1.600223] ima: No TPM chip found, activating TPM-bypass!
Mar 14 03:42:09 ubuntu kernel: [    1.600225] Loading compiled-in module X.509 certificates
Mar 14 03:42:09 ubuntu kernel: [    1.600496] Loaded X.509 cert 'Build time autogenerated kernel key: df64dc4cc2938f618a3838239701e819302d2eb5'
Mar 14 03:42:09 ubuntu kernel: [    1.600498] ima: Allocated hash algorithm: sha1
Mar 14 03:42:09 ubuntu kernel: [    1.600502] ima: No architecture policies found
Mar 14 03:42:09 ubuntu kernel: [    1.600509] evm: Initialising EVM extended attributes:
Mar 14 03:42:09 ubuntu kernel: [    1.600510] evm: security.selinux
Mar 14 03:42:09 ubuntu kernel: [    1.600510] evm: security.SMACK64
Mar 14 03:42:09 ubuntu kernel: [    1.600511] evm: security.SMACK64EXEC
Mar 14 03:42:09 ubuntu kernel: [    1.600511] evm: security.SMACK64TRANSMUTE
Mar 14 03:42:09 ubuntu kernel: [    1.600512] evm: security.SMACK64MMAP
Mar 14 03:42:09 ubuntu kernel: [    1.600512] evm: security.apparmor
Mar 14 03:42:09 ubuntu kernel: [    1.600512] evm: security.ima
Mar 14 03:42:09 ubuntu kernel: [    1.600513] evm: security.capability
Mar 14 03:42:09 ubuntu kernel: [    1.600513] evm: HMAC attrs: 0x1
Mar 14 03:42:09 ubuntu kernel: [    1.615078] PM:   Magic number: 15:33:715
Mar 14 03:42:09 ubuntu kernel: [    1.615531] RAS: Correctable Errors collector initialized.
Mar 14 03:42:09 ubuntu kernel: [    1.658496] ata2.00: ATAPI: VBOX CD-ROM, 1.0, max UDMA/133
Mar 14 03:42:09 ubuntu kernel: [    1.660616] scsi 1:0:0:0: CD-ROM            VBOX     CD-ROM           1.0  PQ: 0 ANSI: 5
Mar 14 03:42:09 ubuntu kernel: [    1.662245] sr 1:0:0:0: [sr0] scsi3-mmc drive: 32x/32x xa/form2 tray
Mar 14 03:42:09 ubuntu kernel: [    1.662248] cdrom: Uniform CD-ROM driver Revision: 3.20
Mar 14 03:42:09 ubuntu kernel: [    1.667323] sr 1:0:0:0: Attached scsi CD-ROM sr0
Mar 14 03:42:09 ubuntu kernel: [    1.667371] sr 1:0:0:0: Attached scsi generic sg0 type 5
Mar 14 03:42:09 ubuntu kernel: [    1.668597] Freeing unused decrypted memory: 2036K
Mar 14 03:42:09 ubuntu kernel: [    1.669087] Freeing unused kernel image (initmem) memory: 3168K
Mar 14 03:42:09 ubuntu kernel: [    1.682296] Write protecting the kernel read-only data: 32768k
Mar 14 03:42:09 ubuntu kernel: [    1.682913] Freeing unused kernel image (text/rodata gap) memory: 2036K
Mar 14 03:42:09 ubuntu kernel: [    1.683226] Freeing unused kernel image (rodata/data gap) memory: 1000K
Mar 14 03:42:09 ubuntu kernel: [    1.690439] x86/mm: Checked W+X mappings: passed, no W+X pages found.
Mar 14 03:42:09 ubuntu kernel: [    1.690446] Run /init as init process
Mar 14 03:42:09 ubuntu kernel: [    1.690448]   with arguments:
Mar 14 03:42:09 ubuntu kernel: [    1.690449]     /init
Mar 14 03:42:09 ubuntu kernel: [    1.690450]     maybe-ubiquity
Mar 14 03:42:09 ubuntu kernel: [    1.690450]     splash
Mar 14 03:42:09 ubuntu kernel: [    1.690451]     ---
Mar 14 03:42:09 ubuntu kernel: [    1.690451]   with environment:
Mar 14 03:42:09 ubuntu kernel: [    1.690452]     HOME=/
Mar 14 03:42:09 ubuntu kernel: [    1.690453]     TERM=linux
Mar 14 03:42:09 ubuntu kernel: [    1.690453]     BOOT_IMAGE=/casper/vmlinuz
Mar 14 03:42:09 ubuntu kernel: [    1.690454]     file=/cdrom/preseed/ubuntu.seed
Mar 14 03:42:09 ubuntu kernel: [    1.750723] ACPI: video: Video Device [GFX0] (multi-head: yes  rom: no  post: no)
Mar 14 03:42:09 ubuntu kernel: [    1.750783] input: Video Bus as /devices/LNXSYSTM:00/LNXSYBUS:00/PNP0A03:00/LNXVIDEO:00/input/input4
Mar 14 03:42:09 ubuntu kernel: [    1.775984] piix4_smbus 0000:00:07.0: SMBus Host Controller at 0x4100, revision 0
Mar 14 03:42:09 ubuntu kernel: [    1.785291] e1000: Intel(R) PRO/1000 Network Driver
Mar 14 03:42:09 ubuntu kernel: [    1.785295] e1000: Copyright (c) 1999-2006 Intel Corporation.
Mar 14 03:42:09 ubuntu kernel: [    1.797785] cryptd: max_cpu_qlen set to 1000
Mar 14 03:42:09 ubuntu kernel: [    1.804525] ahci 0000:00:0d.0: version 3.0
Mar 14 03:42:09 ubuntu kernel: [    1.805429] ahci 0000:00:0d.0: SSS flag set, parallel bus scan disabled
Mar 14 03:42:09 ubuntu kernel: [    1.805960] ahci 0000:00:0d.0: AHCI 0001.0100 32 slots 1 ports 3 Gbps 0x1 impl SATA mode
Mar 14 03:42:09 ubuntu kernel: [    1.805963] ahci 0000:00:0d.0: flags: 64bit ncq stag only ccc 
Mar 14 03:42:09 ubuntu kernel: [    1.806660] SSE version of gcm_enc/dec engaged.
Mar 14 03:42:09 ubuntu kernel: [    1.815658] scsi host2: ahci
Mar 14 03:42:09 ubuntu kernel: [    1.815713] ata3: SATA max UDMA/133 abar m8192@0xf0806000 port 0xf0806100 irq 21
Mar 14 03:42:09 ubuntu kernel: [    1.817176] ACPI: bus type drm_connector registered
Mar 14 03:42:09 ubuntu kernel: [    1.909740] usb 2-1: new full-speed USB device number 2 using ohci-pci
Mar 14 03:42:09 ubuntu kernel: [    2.094857] input: ImExPS/2 Generic Explorer Mouse as /devices/platform/i8042/serio1/input/input5
Mar 14 03:42:09 ubuntu kernel: [    2.128887] ata3: SATA link up 3.0 Gbps (SStatus 123 SControl 300)
Mar 14 03:42:09 ubuntu kernel: [    2.129436] ata3.00: ATA-6: VBOX HARDDISK, 1.0, max UDMA/133
Mar 14 03:42:09 ubuntu kernel: [    2.129439] ata3.00: 83886080 sectors, multi 128: LBA48 NCQ (depth 32)
Mar 14 03:42:09 ubuntu kernel: [    2.130047] ata3.00: configured for UDMA/133
Mar 14 03:42:09 ubuntu kernel: [    2.130263] scsi 2:0:0:0: Direct-Access     ATA      VBOX HARDDISK    1.0  PQ: 0 ANSI: 5
Mar 14 03:42:09 ubuntu kernel: [    2.130475] sd 2:0:0:0: [sda] 83886080 512-byte logical blocks: (42.9 GB/40.0 GiB)
Mar 14 03:42:09 ubuntu kernel: [    2.130479] sd 2:0:0:0: [sda] Write Protect is off
Mar 14 03:42:09 ubuntu kernel: [    2.130481] sd 2:0:0:0: [sda] Mode Sense: 00 3a 00 00
Mar 14 03:42:09 ubuntu kernel: [    2.130487] sd 2:0:0:0: [sda] Write cache: enabled, read cache: enabled, doesn't support DPO or FUA
Mar 14 03:42:09 ubuntu kernel: [    2.130494] sd 2:0:0:0: [sda] Preferred minimum I/O size 512 bytes
Mar 14 03:42:09 ubuntu kernel: [    2.130655] sd 2:0:0:0: Attached scsi generic sg1 type 0
Mar 14 03:42:09 ubuntu kernel: [    2.142801] sd 2:0:0:0: [sda] Attached SCSI disk
Mar 14 03:42:09 ubuntu kernel: [    2.175547] vmwgfx 0000:00:02.0: vgaarb: deactivate vga console
Mar 14 03:42:09 ubuntu kernel: [    2.176100] Console: switching to colour dummy device 80x25
Mar 14 03:42:09 ubuntu kernel: [    2.176785] vmwgfx 0000:00:02.0: [drm] FIFO at 0x00000000f0000000 size is 2048 kiB
Mar 14 03:42:09 ubuntu kernel: [    2.176881] vmwgfx 0000:00:02.0: [drm] VRAM at 0x00000000e0000000 size is 16384 kiB
Mar 14 03:42:09 ubuntu kernel: [    2.176923] vmwgfx 0000:00:02.0: [drm] Running on SVGA version 2.
Mar 14 03:42:09 ubuntu kernel: [    2.176943] vmwgfx 0000:00:02.0: [drm] Capabilities: rect copy, cursor, cursor bypass, cursor bypass 2, alpha cursor, extended fifo, pitchlock, irq mask, gmr, traces, gmr2, screen object 2, command buffers, 
Mar 14 03:42:09 ubuntu kernel: [    2.176944] vmwgfx 0000:00:02.0: [drm] DMA map mode: Caching DMA mappings.
Mar 14 03:42:09 ubuntu kernel: [    2.177090] vmwgfx 0000:00:02.0: [drm] Legacy memory limits: VRAM = 16384 kB, FIFO = 2048 kB, surface = 507904 kB
Mar 14 03:42:09 ubuntu kernel: [    2.177092] vmwgfx 0000:00:02.0: [drm] MOB limits: max mob size = 0 kB, max mob pages = 0
Mar 14 03:42:09 ubuntu kernel: [    2.177093] vmwgfx 0000:00:02.0: [drm] Max GMR ids is 8192
Mar 14 03:42:09 ubuntu kernel: [    2.177094] vmwgfx 0000:00:02.0: [drm] Max number of GMR pages is 1048576
Mar 14 03:42:09 ubuntu kernel: [    2.177094] vmwgfx 0000:00:02.0: [drm] Maximum display memory size is 16384 kiB
Mar 14 03:42:09 ubuntu kernel: [    2.178062] vmwgfx 0000:00:02.0: [drm] Screen Object display unit initialized
Mar 14 03:42:09 ubuntu kernel: [    2.178337] vmwgfx 0000:00:02.0: [drm] Fifo max 0x00200000 min 0x00001000 cap 0x00000355
Mar 14 03:42:09 ubuntu kernel: [    2.178629] vmwgfx 0000:00:02.0: [drm] Using command buffers with DMA pool.
Mar 14 03:42:09 ubuntu kernel: [    2.178640] vmwgfx 0000:00:02.0: [drm] Available shader model: Legacy.
Mar 14 03:42:09 ubuntu kernel: [    2.178661] [drm:vmw_host_printf [vmwgfx]] *ERROR* Failed to send host log message.
Mar 14 03:42:09 ubuntu kernel: [    2.182433] fbcon: svgadrmfb (fb0) is primary device
Mar 14 03:42:09 ubuntu kernel: [    2.214477] Console: switching to colour frame buffer device 100x37
Mar 14 03:42:09 ubuntu kernel: [    2.216538] [drm] Initialized vmwgfx 2.20.0 20211206 for 0000:00:02.0 on minor 0
Mar 14 03:42:09 ubuntu kernel: [    2.253287] usb 2-1: New USB device found, idVendor=80ee, idProduct=0021, bcdDevice= 1.00
Mar 14 03:42:09 ubuntu kernel: [    2.253294] usb 2-1: New USB device strings: Mfr=1, Product=3, SerialNumber=0
Mar 14 03:42:09 ubuntu kernel: [    2.253295] usb 2-1: Product: USB Tablet
Mar 14 03:42:09 ubuntu kernel: [    2.253297] usb 2-1: Manufacturer: VirtualBox
Mar 14 03:42:09 ubuntu kernel: [    2.272816] hid: raw HID events driver (C) Jiri Kosina
Mar 14 03:42:09 ubuntu kernel: [    2.288051] usbcore: registered new interface driver usbhid
Mar 14 03:42:09 ubuntu kernel: [    2.288053] usbhid: USB HID core driver
Mar 14 03:42:09 ubuntu kernel: [    2.289988] input: VirtualBox USB Tablet as /devices/pci0000:00/0000:00:06.0/usb2/2-1/2-1:1.0/0003:80EE:0021.0001/input/input6
Mar 14 03:42:09 ubuntu kernel: [    2.290115] hid-generic 0003:80EE:0021.0001: input,hidraw0: USB HID v1.10 Mouse [VirtualBox USB Tablet] on usb-0000:00:06.0-1/input0
Mar 14 03:42:09 ubuntu kernel: [    2.374648] e1000 0000:00:03.0 eth0: (PCI:33MHz:32-bit) 08:00:27:b5:ad:88
Mar 14 03:42:09 ubuntu kernel: [    2.374653] e1000 0000:00:03.0 eth0: Intel(R) PRO/1000 Network Connection
Mar 14 03:42:09 ubuntu kernel: [    2.376093] e1000 0000:00:03.0 enp0s3: renamed from eth0
Mar 14 03:42:09 ubuntu kernel: [    2.573487] ISO 9660 Extensions: Microsoft Joliet Level 3
Mar 14 03:42:09 ubuntu kernel: [    2.574413] ISO 9660 Extensions: RRIP_1991A
Mar 14 03:42:09 ubuntu kernel: [    2.591752] loop0: detected capacity change from 0 to 5335696
Mar 14 03:42:09 ubuntu kernel: [    2.599245] overlayfs: null uuid detected in lower fs '/', falling back to xino=off,index=off,nfs_export=off.
Mar 14 03:42:09 ubuntu kernel: [    5.590625] systemd[1]: Inserted module 'autofs4'
Mar 14 03:42:09 ubuntu kernel: [    5.614224] systemd[1]: systemd 249.11-0ubuntu3.6 running in system mode (+PAM +AUDIT +SELINUX +APPARMOR +IMA +SMACK +SECCOMP +GCRYPT +GNUTLS +OPENSSL +ACL +BLKID +CURL +ELFUTILS +FIDO2 +IDN2 -IDN +IPTC +KMOD +LIBCRYPTSETUP +LIBFDISK +PCRE2 -PWQUALITY -P11KIT -QRENCODE +BZIP2 +LZ4 +XZ +ZLIB +ZSTD -XKBCOMMON +UTMP +SYSVINIT default-hierarchy=unified)
Mar 14 03:42:09 ubuntu kernel: [    5.614240] systemd[1]: Detected virtualization oracle.
Mar 14 03:42:09 ubuntu kernel: [    5.614243] systemd[1]: Detected architecture x86-64.
Mar 14 03:42:09 ubuntu kernel: [    5.615706] systemd[1]: Initializing machine ID from random generator.
Mar 14 03:42:09 ubuntu kernel: [    5.783396] systemd[1]: Queued start job for default target Graphical Interface.
Mar 14 03:42:09 ubuntu kernel: [    5.784832] systemd[1]: Created slice Slice /system/modprobe.
Mar 14 03:42:09 ubuntu kernel: [    5.784975] systemd[1]: Created slice User and Session Slice.
Mar 14 03:42:09 ubuntu kernel: [    5.785012] systemd[1]: Started Forward Password Requests to Wall Directory Watch.
Mar 14 03:42:09 ubuntu kernel: [    5.785097] systemd[1]: Set up automount Arbitrary Executable File Formats File System Automount Point.
Mar 14 03:42:09 ubuntu kernel: [    5.785121] systemd[1]: Reached target Remote File Systems.
Mar 14 03:42:09 ubuntu kernel: [    5.785126] systemd[1]: Reached target Slice Units.
Mar 14 03:42:09 ubuntu kernel: [    5.785136] systemd[1]: Reached target Swaps.
Mar 14 03:42:09 ubuntu kernel: [    5.785142] systemd[1]: Reached target Local Verity Protected Volumes.
Mar 14 03:42:09 ubuntu kernel: [    5.785181] systemd[1]: Listening on Device-mapper event daemon FIFOs.
Mar 14 03:42:09 ubuntu kernel: [    5.785458] systemd[1]: Listening on LVM2 poll daemon socket.
Mar 14 03:42:09 ubuntu kernel: [    5.785541] systemd[1]: Listening on Syslog Socket.
Mar 14 03:42:09 ubuntu kernel: [    5.785560] systemd[1]: Listening on initctl Compatibility Named Pipe.
Mar 14 03:42:09 ubuntu kernel: [    5.785732] systemd[1]: Listening on Journal Audit Socket.
Mar 14 03:42:09 ubuntu kernel: [    5.785762] systemd[1]: Listening on Journal Socket (/dev/log).
Mar 14 03:42:09 ubuntu kernel: [    5.786040] systemd[1]: Listening on udev Control Socket.
Mar 14 03:42:09 ubuntu kernel: [    5.786074] systemd[1]: Listening on udev Kernel Socket.
Mar 14 03:42:09 ubuntu kernel: [    5.786755] systemd[1]: Unmounting /cdrom...
Mar 14 03:42:09 ubuntu kernel: [    5.786922] systemd[897]: cdrom.mount: Failed to connect stdout to the journal socket, ignoring: No such file or directory
Mar 14 03:42:09 ubuntu kernel: [    5.792506] systemd[1]: cdrom.mount: Mount process exited, code=exited, status=32/n/a
Mar 14 03:42:09 ubuntu kernel: [    5.792510] systemd[1]: Failed unmounting /cdrom.
Mar 14 03:42:09 ubuntu kernel: [    5.792658] systemd[1]: Listening on Journal Socket.
Mar 14 03:42:09 ubuntu kernel: [    5.793284] systemd[1]: Mounting Huge Pages File System...
Mar 14 03:42:09 ubuntu kernel: [    5.794386] systemd[1]: Mounting POSIX Message Queue File System...
Mar 14 03:42:09 ubuntu kernel: [    5.795423] systemd[1]: Mounting Kernel Debug File System...
Mar 14 03:42:09 ubuntu kernel: [    5.795946] systemd[1]: Mounting Kernel Trace File System...
Mar 14 03:42:09 ubuntu kernel: [    5.797326] systemd[1]: Starting Journal Service...
Mar 14 03:42:09 ubuntu kernel: [    5.797456] systemd[1]: Finished Availability of block devices.
Mar 14 03:42:09 ubuntu kernel: [    5.798319] systemd[1]: Starting Set the console keyboard layout...
Mar 14 03:42:09 ubuntu kernel: [    5.799292] systemd[1]: Starting Create List of Static Device Nodes...
Mar 14 03:42:09 ubuntu kernel: [    5.799881] systemd[1]: Starting Monitoring of LVM2 mirrors, snapshots etc. using dmeventd or progress polling...
Mar 14 03:42:09 ubuntu kernel: [    5.800484] systemd[1]: Starting Load Kernel Module chromeos_pstore...
Mar 14 03:42:09 ubuntu kernel: [    5.801252] systemd[1]: Starting Load Kernel Module configfs...
Mar 14 03:42:09 ubuntu kernel: [    5.802154] systemd[1]: Starting Load Kernel Module drm...
Mar 14 03:42:09 ubuntu kernel: [    5.803020] systemd[1]: Starting Load Kernel Module efi_pstore...
Mar 14 03:42:09 ubuntu kernel: [    5.804961] systemd[1]: Starting Load Kernel Module fuse...
Mar 14 03:42:09 ubuntu kernel: [    5.820123] systemd[1]: Starting Load Kernel Module pstore_blk...
Mar 14 03:42:09 ubuntu kernel: [    5.831945] systemd[1]: Starting Load Kernel Module pstore_zone...
Mar 14 03:42:09 ubuntu kernel: [    5.834214] systemd[1]: Starting Load Kernel Module ramoops...
Mar 14 03:42:09 ubuntu kernel: [    5.854120] systemd[1]: Starting Load Kernel Modules...
Mar 14 03:42:09 ubuntu kernel: [    5.854806] systemd[1]: Starting Remount Root and Kernel File Systems...
Mar 14 03:42:09 ubuntu kernel: [    5.855947] systemd[1]: Starting Coldplug All udev Devices...
Mar 14 03:42:09 ubuntu kernel: [    5.857040] systemd[1]: Started Journal Service.
Mar 14 03:42:09 ubuntu kernel: [    5.910442] lp: driver loaded but no devices found
Mar 14 03:42:09 ubuntu kernel: [    5.919644] systemd-journald[902]: Received client request to flush runtime journal.
Mar 14 03:42:09 ubuntu kernel: [    5.926073] ppdev: user-space parallel port driver
Mar 14 03:42:09 ubuntu kernel: [    6.149831] vboxguest: host-version: 7.0.6r155176 0x8000000f
Mar 14 03:42:09 ubuntu kernel: [    6.190789] vbg_heartbeat_init: Setting up heartbeat to trigger every 2000 milliseconds
Mar 14 03:42:09 ubuntu kernel: [    6.190855] input: VirtualBox mouse integration as /devices/pci0000:00/0000:00:04.0/input/input7
Mar 14 03:42:09 ubuntu kernel: [    6.199686] vboxguest: misc device minor 123, IRQ 20, I/O port d040, MMIO at 0x00000000f0400000 (size 0x0000000000400000)
Mar 14 03:42:09 ubuntu kernel: [    6.356636] RAPL PMU: API unit is 2^-32 Joules, 0 fixed counters, 10737418240 ms ovfl timer
Mar 14 03:42:09 ubuntu kernel: [    6.476611] intel_rapl_msr: PL4 support detected.
Mar 14 03:42:09 ubuntu kernel: [    6.759543] snd_intel8x0 0000:00:05.0: allow list rate for 1028:0177 is 48000
Mar 14 03:42:09 ubuntu kernel: [    6.881017] spl: loading out-of-tree module taints kernel.
Mar 14 03:42:09 ubuntu kernel: [    6.888462] znvpair: module license 'CDDL' taints kernel.
Mar 14 03:42:09 ubuntu kernel: [    6.888464] Disabling lock debugging due to kernel taint
Mar 14 03:42:09 ubuntu kernel: [    7.175314] ZFS: Loaded module v2.1.5-1ubuntu6, ZFS pool version 5000, ZFS filesystem version 5
Mar 14 03:42:09 ubuntu kernel: [    7.190155] loop1: detected capacity change from 0 to 8
Mar 14 03:42:09 ubuntu kernel: [    7.194825] loop2: detected capacity change from 0 to 129600
Mar 14 03:42:09 ubuntu kernel: [    7.195707] loop3: detected capacity change from 0 to 492776
Mar 14 03:42:09 ubuntu kernel: [    7.203938] loop4: detected capacity change from 0 to 187776
Mar 14 03:42:09 ubuntu kernel: [    7.210056] loop5: detected capacity change from 0 to 709280
Mar 14 03:42:09 ubuntu kernel: [    7.212231] loop6: detected capacity change from 0 to 94064
Mar 14 03:42:09 ubuntu kernel: [    7.212611] loop7: detected capacity change from 0 to 102072
Mar 14 03:42:09 ubuntu kernel: [    7.213140] loop8: detected capacity change from 0 to 608
Mar 14 03:42:09 ubuntu kernel: [    7.705315] audit: type=1400 audit(1678765327.532:2): apparmor="STATUS" operation="profile_load" profile="unconfined" name="/snap/snapd/18357/usr/lib/snapd/snap-confine" pid=1144 comm="apparmor_parser"
Mar 14 03:42:09 ubuntu kernel: [    7.706338] audit: type=1400 audit(1678765327.636:3): apparmor="STATUS" operation="profile_load" profile="unconfined" name="/snap/snapd/18357/usr/lib/snapd/snap-confine//mount-namespace-capture-helper" pid=1144 comm="apparmor_parser"
Mar 14 03:42:09 ubuntu kernel: [    7.810485] audit: type=1400 audit(1678765327.740:4): apparmor="STATUS" operation="profile_load" profile="unconfined" name="snap-update-ns.firefox" pid=1145 comm="apparmor_parser"
Mar 14 03:42:09 ubuntu kernel: [    8.080571] audit: type=1400 audit(1678765327.744:5): apparmor="STATUS" operation="profile_load" profile="unconfined" name="snap-update-ns.snap-store" pid=1146 comm="apparmor_parser"
Mar 14 03:42:09 ubuntu kernel: [    8.182138] audit: type=1400 audit(1678765328.016:6): apparmor="STATUS" operation="profile_load" profile="unconfined" name="snap.firefox.firefox" pid=1148 comm="apparmor_parser"
Mar 14 03:42:09 ubuntu kernel: [    8.227864] audit: type=1400 audit(1678765328.156:7): apparmor="STATUS" operation="profile_load" profile="unconfined" name="snap-update-ns.snapd-desktop-integration" pid=1147 comm="apparmor_parser"
Mar 14 03:42:09 ubuntu kernel: [    8.285526] audit: type=1400 audit(1678765328.160:8): apparmor="STATUS" operation="profile_load" profile="unconfined" name="snap.firefox.geckodriver" pid=1149 comm="apparmor_parser"
Mar 14 03:42:09 ubuntu kernel: [    8.323314] audit: type=1400 audit(1678765328.252:9): apparmor="STATUS" operation="profile_load" profile="unconfined" name="snap.firefox.hook.configure" pid=1150 comm="apparmor_parser"
Mar 14 03:42:09 ubuntu kernel: [    8.377130] audit: type=1400 audit(1678765328.256:10): apparmor="STATUS" operation="profile_load" profile="unconfined" name="snap.firefox.hook.connect-plug-host-hunspell" pid=1151 comm="apparmor_parser"
Mar 14 03:42:09 ubuntu kernel: [    8.413543] audit: type=1400 audit(1678765328.340:11): apparmor="STATUS" operation="profile_load" profile="unconfined" name="snap.firefox.hook.disconnect-plug-host-hunspell" pid=1152 comm="apparmor_parser"
Mar 14 03:42:09 ubuntu systemd[1]: Mounted Huge Pages File System.
Mar 14 03:42:09 ubuntu systemd[1]: Mounted POSIX Message Queue File System.
Mar 14 03:42:09 ubuntu systemd[1]: Mounted Kernel Debug File System.
Mar 14 03:42:09 ubuntu systemd[1]: Mounted Kernel Trace File System.
Mar 14 03:42:09 ubuntu systemd[1]: Finished Create List of Static Device Nodes.
Mar 14 03:42:09 ubuntu systemd[1]: modprobe@configfs.service: Deactivated successfully.
Mar 14 03:42:09 ubuntu systemd[1]: Finished Load Kernel Module configfs.
Mar 14 03:42:09 ubuntu systemd[1]: modprobe@drm.service: Deactivated successfully.
Mar 14 03:42:09 ubuntu systemd[1]: Finished Load Kernel Module drm.
Mar 14 03:42:09 ubuntu systemd[1]: modprobe@efi_pstore.service: Deactivated successfully.
Mar 14 03:42:09 ubuntu systemd[1]: Finished Load Kernel Module efi_pstore.
Mar 14 03:42:09 ubuntu systemd[1]: modprobe@fuse.service: Deactivated successfully.
Mar 14 03:42:09 ubuntu systemd[1]: Finished Load Kernel Module fuse.
Mar 14 03:42:09 ubuntu systemd[1]: modprobe@pstore_blk.service: Deactivated successfully.
Mar 14 03:42:09 ubuntu systemd[1]: Finished Load Kernel Module pstore_blk.
Mar 14 03:42:09 ubuntu systemd[1]: modprobe@pstore_zone.service: Deactivated successfully.
Mar 14 03:42:09 ubuntu systemd[1]: Finished Load Kernel Module pstore_zone.
Mar 14 03:42:09 ubuntu systemd[1]: Mounting FUSE Control File System...
Mar 14 03:42:09 ubuntu systemd[1]: Mounting Kernel Configuration File System...
Mar 14 03:42:09 ubuntu systemd[1]: Finished Monitoring of LVM2 mirrors, snapshots etc. using dmeventd or progress polling.
Mar 14 03:42:09 ubuntu systemd[1]: modprobe@chromeos_pstore.service: Deactivated successfully.
Mar 14 03:42:09 ubuntu systemd[1]: Finished Load Kernel Module chromeos_pstore.
Mar 14 03:42:09 ubuntu systemd[1]: modprobe@ramoops.service: Deactivated successfully.
Mar 14 03:42:09 ubuntu systemd[1]: Finished Load Kernel Module ramoops.
Mar 14 03:42:09 ubuntu systemd[1]: Mounted Kernel Configuration File System.
Mar 14 03:42:09 ubuntu systemd[1]: Finished Remount Root and Kernel File Systems.
Mar 14 03:42:09 ubuntu systemd[1]: Starting Flush Journal to Persistent Storage...
Mar 14 03:42:09 ubuntu systemd[1]: Condition check resulted in Platform Persistent Storage Archival being skipped.
Mar 14 03:42:09 ubuntu systemd[1]: Starting Load/Save Random Seed...
Mar 14 03:42:09 ubuntu systemd[1]: Starting Create System Users...
Mar 14 03:42:09 ubuntu systemd[1]: Mounted FUSE Control File System.
Mar 14 03:42:09 ubuntu systemd-modules-load[916]: Inserted module 'lp'
Mar 14 03:42:09 ubuntu systemd[1]: Finished Set the console keyboard layout.
Mar 14 03:42:09 ubuntu systemd-modules-load[916]: Inserted module 'ppdev'
Mar 14 03:42:09 ubuntu systemd[1]: Finished Flush Journal to Persistent Storage.
Mar 14 03:42:09 ubuntu systemd[1]: Finished Load/Save Random Seed.
Mar 14 03:42:09 ubuntu systemd[1]: Condition check resulted in First Boot Complete being skipped.
Mar 14 03:42:09 ubuntu systemd-modules-load[916]: Inserted module 'parport_pc'
Mar 14 03:42:09 ubuntu systemd-modules-load[916]: Inserted module 'msr'
Mar 14 03:42:09 ubuntu systemd[1]: Finished Create System Users.
Mar 14 03:42:09 ubuntu systemd[1]: Starting Create Static Device Nodes in /dev...
Mar 14 03:42:09 ubuntu systemd[1]: Finished Load Kernel Modules.
Mar 14 03:42:09 ubuntu systemd[1]: Starting Apply Kernel Variables...
Mar 14 03:42:09 ubuntu systemd[1]: Finished Coldplug All udev Devices.
Mar 14 03:42:09 ubuntu systemd[1]: Starting Wait for udev To Complete Device Initialization...
Mar 14 03:42:09 ubuntu systemd[1]: Finished Create Static Device Nodes in /dev.
Mar 14 03:42:09 ubuntu systemd[1]: Finished Apply Kernel Variables.
Mar 14 03:42:09 ubuntu systemd[1]: Reached target Preparation for Local File Systems.
Mar 14 03:42:09 ubuntu systemd[1]: tmp.mount: Directory /tmp to mount over is not empty, mounting anyway.
Mar 14 03:42:09 ubuntu systemd[1]: Mounting /tmp...
Mar 14 03:42:09 ubuntu systemd[1]: Starting Rule-based Manager for Device Events and Files...
Mar 14 03:42:09 ubuntu systemd[1]: Mounted /tmp.
Mar 14 03:42:09 ubuntu systemd[1]: Started Rule-based Manager for Device Events and Files.
Mar 14 03:42:09 ubuntu systemd[1]: Starting Show Plymouth Boot Screen...
Mar 14 03:42:09 ubuntu systemd[1]: Started Show Plymouth Boot Screen.
Mar 14 03:42:09 ubuntu systemd[1]: Condition check resulted in Dispatch Password Requests to Console Directory Watch being skipped.
Mar 14 03:42:09 ubuntu systemd[1]: Started Forward Password Requests to Plymouth Directory Watch.
Mar 14 03:42:09 ubuntu systemd[1]: Reached target Local Encrypted Volumes.
Mar 14 03:42:09 ubuntu systemd-udevd[944]: Using default interface naming scheme 'v249'.
Mar 14 03:42:09 ubuntu mtp-probe: checking bus 2, device 2: "/sys/devices/pci0000:00/0000:00:06.0/usb2/2-1"
Mar 14 03:42:09 ubuntu mtp-probe: bus: 2, device: 2 was not an MTP device
Mar 14 03:42:09 ubuntu systemd-udevd[948]: sr0: Process '/usr/bin/unshare -m /usr/bin/snap auto-import --mount=/dev/sr0' failed with exit code 1.
Mar 14 03:42:09 ubuntu systemd-udevd[945]: sda: Process '/usr/bin/unshare -m /usr/bin/snap auto-import --mount=/dev/sda' failed with exit code 1.
Mar 14 03:42:09 ubuntu udevadm[937]: systemd-udev-settle.service is deprecated. Please fix zfs-load-module.service, zfs-import-cache.service not to pull it in.
Mar 14 03:42:09 ubuntu systemd[1]: Listening on Load/Save RF Kill Switch Status /dev/rfkill Watch.
Mar 14 03:42:09 ubuntu systemd-udevd[955]: controlC0: Process '/usr/sbin/alsactl -E HOME=/run/alsa -E XDG_RUNTIME_DIR=/run/alsa/runtime restore 0' failed with exit code 99.
Mar 14 03:42:09 ubuntu systemd[1]: Condition check resulted in Dispatch Password Requests to Console Directory Watch being skipped.
Mar 14 03:42:09 ubuntu systemd[1]: Starting Load Kernel Module chromeos_pstore...
Mar 14 03:42:09 ubuntu systemd[1]: Starting Load Kernel Module efi_pstore...
Mar 14 03:42:09 ubuntu systemd[1]: Starting Load Kernel Module pstore_blk...
Mar 14 03:42:09 ubuntu systemd[1]: Starting Load Kernel Module pstore_zone...
Mar 14 03:42:09 ubuntu systemd[1]: Starting Load Kernel Module ramoops...
Mar 14 03:42:09 ubuntu systemd[1]: Finished Wait for udev To Complete Device Initialization.
Mar 14 03:42:09 ubuntu systemd[1]: Starting Install ZFS kernel module...
Mar 14 03:42:09 ubuntu systemd[1]: modprobe@pstore_zone.service: Deactivated successfully.
Mar 14 03:42:09 ubuntu systemd[1]: Finished Load Kernel Module pstore_zone.
Mar 14 03:42:09 ubuntu systemd[1]: modprobe@pstore_blk.service: Deactivated successfully.
Mar 14 03:42:09 ubuntu systemd[1]: Finished Load Kernel Module pstore_blk.
Mar 14 03:42:09 ubuntu systemd[1]: modprobe@ramoops.service: Deactivated successfully.
Mar 14 03:42:09 ubuntu systemd[1]: Finished Load Kernel Module ramoops.
Mar 14 03:42:09 ubuntu systemd[1]: modprobe@efi_pstore.service: Deactivated successfully.
Mar 14 03:42:09 ubuntu systemd[1]: Finished Load Kernel Module efi_pstore.
Mar 14 03:42:09 ubuntu systemd[1]: modprobe@chromeos_pstore.service: Deactivated successfully.
Mar 14 03:42:09 ubuntu systemd[1]: Finished Load Kernel Module chromeos_pstore.
Mar 14 03:42:09 ubuntu systemd[1]: Condition check resulted in Platform Persistent Storage Archival being skipped.
Mar 14 03:42:09 ubuntu systemd[1]: Finished Install ZFS kernel module.
Mar 14 03:42:09 ubuntu systemd[1]: Condition check resulted in Import ZFS pools by cache file being skipped.
Mar 14 03:42:09 ubuntu systemd[1]: Reached target ZFS pool import target.
Mar 14 03:42:09 ubuntu systemd[1]: Starting Mount ZFS filesystems...
Mar 14 03:42:09 ubuntu systemd[1]: Starting Wait for ZFS Volume (zvol) links in /dev...
Mar 14 03:42:09 ubuntu systemd[1]: Finished Mount ZFS filesystems.
Mar 14 03:42:09 ubuntu systemd[1]: Reached target Mounting snaps.
Mar 14 03:42:09 ubuntu systemd[1]: Mounting Mount unit for bare, revision 5...
Mar 14 03:42:09 ubuntu systemd[1]: Mounting Mount unit for core20, revision 1822...
Mar 14 03:42:09 ubuntu systemd[1]: Mounting Mount unit for firefox, revision 2356...
Mar 14 03:42:09 ubuntu zvol_wait[1102]: No zvols found, nothing to do.
Mar 14 03:42:09 ubuntu systemd[1]: Mounting Mount unit for gnome-3-38-2004, revision 119...
Mar 14 03:42:09 ubuntu systemd[1]: Mounting Mount unit for gtk-common-themes, revision 1535...
Mar 14 03:42:09 ubuntu systemd[1]: Mounting Mount unit for snap-store, revision 638...
Mar 14 03:42:09 ubuntu systemd[1]: Mounting Mount unit for snapd, revision 18357...
Mar 14 03:42:09 ubuntu systemd[1]: Mounting Mount unit for snapd-desktop-integration, revision 49...
Mar 14 03:42:09 ubuntu systemd[1]: Finished Wait for ZFS Volume (zvol) links in /dev.
Mar 14 03:42:09 ubuntu systemd[1]: Reached target ZFS volumes are ready.
Mar 14 03:42:09 ubuntu systemd[1]: Mounted Mount unit for bare, revision 5.
Mar 14 03:42:09 ubuntu systemd[1]: Mounted Mount unit for core20, revision 1822.
Mar 14 03:42:09 ubuntu systemd[1]: Mounted Mount unit for firefox, revision 2356.
Mar 14 03:42:09 ubuntu systemd[1]: Mounted Mount unit for gtk-common-themes, revision 1535.
Mar 14 03:42:09 ubuntu systemd[1]: Mounted Mount unit for snapd, revision 18357.
Mar 14 03:42:09 ubuntu systemd[1]: Mounted Mount unit for gnome-3-38-2004, revision 119.
Mar 14 03:42:09 ubuntu systemd[1]: Mounted Mount unit for snapd-desktop-integration, revision 49.
Mar 14 03:42:09 ubuntu systemd[1]: Mounted Mount unit for snap-store, revision 638.
Mar 14 03:42:09 ubuntu systemd[1]: Reached target Mounted snaps.
Mar 14 03:42:09 ubuntu systemd[1]: Reached target Local File Systems.
Mar 14 03:42:09 ubuntu systemd[1]: Condition check resulted in Load AppArmor profiles being skipped.
Mar 14 03:42:09 ubuntu systemd[1]: Starting Set console font and keymap...
Mar 14 03:42:09 ubuntu systemd[1]: Starting Create final runtime dir for shutdown pivot root...
Mar 14 03:42:09 ubuntu systemd[1]: Starting Tell Plymouth To Write Out Runtime Data...
Mar 14 03:42:09 ubuntu systemd[1]: Starting Load AppArmor profiles managed internally by snapd...
Mar 14 03:42:09 ubuntu systemd[1]: Condition check resulted in Set Up Additional Binary Formats being skipped.
Mar 14 03:42:09 ubuntu systemd[1]: Condition check resulted in Store a System Token in an EFI Variable being skipped.
Mar 14 03:42:09 ubuntu systemd[1]: Condition check resulted in Commit a transient machine-id on disk being skipped.
Mar 14 03:42:09 ubuntu systemd[1]: Starting Create Volatile Files and Directories...
Mar 14 03:42:09 ubuntu systemd[1]: Starting Uncomplicated firewall...
Mar 14 03:42:09 ubuntu systemd[1]: Finished Create final runtime dir for shutdown pivot root.
Mar 14 03:42:09 ubuntu systemd[1]: Finished Tell Plymouth To Write Out Runtime Data.
Mar 14 03:42:09 ubuntu systemd[1]: Received SIGRTMIN+20 from PID 239 (plymouthd).
Mar 14 03:42:09 ubuntu systemd[1]: Finished Set console font and keymap.
Mar 14 03:42:09 ubuntu systemd[1]: Finished Uncomplicated firewall.
Mar 14 03:42:09 ubuntu systemd[1]: Finished Create Volatile Files and Directories.
Mar 14 03:42:09 ubuntu systemd[1]: Reached target Preparation for Network.
Mar 14 03:42:09 ubuntu systemd[1]: Starting Userspace Out-Of-Memory (OOM) Killer...
Mar 14 03:42:09 ubuntu systemd[1]: Starting Network Name Resolution...
Mar 14 03:42:09 ubuntu systemd[1]: Starting Network Time Synchronization...
Mar 14 03:42:09 ubuntu systemd[1]: Starting Record System Boot/Shutdown in UTMP...
Mar 14 03:42:09 ubuntu systemd[1]: Finished Record System Boot/Shutdown in UTMP.
Mar 14 03:42:09 ubuntu systemd[1]: proc-sys-fs-binfmt_misc.automount: Got automount request for /proc/sys/fs/binfmt_misc, triggered by 1121 (snapd-apparmor)
Mar 14 03:42:09 ubuntu systemd[1]: Mounting Arbitrary Executable File Formats File System...
Mar 14 03:42:09 ubuntu systemd[1]: Mounted Arbitrary Executable File Formats File System.
Mar 14 03:42:09 ubuntu systemd[1]: Started Network Time Synchronization.
Mar 14 03:42:09 ubuntu systemd[1]: Reached target System Time Set.
Mar 14 03:42:09 ubuntu systemd-oomd[1125]: Swap is currently not detected; memory pressure usage will be degraded
Mar 14 03:42:09 ubuntu systemd[1]: Started Userspace Out-Of-Memory (OOM) Killer.
Mar 14 03:42:09 ubuntu systemd-resolved[1126]: Positive Trust Anchors:
Mar 14 03:42:09 ubuntu systemd-resolved[1126]: . IN DS 20326 8 2 e06d44b80b8f1d39a95c0b0d7c65d08458e880409bbc683457104237c7f8ec8d
Mar 14 03:42:09 ubuntu systemd-resolved[1126]: Negative trust anchors: home.arpa 10.in-addr.arpa 16.172.in-addr.arpa 17.172.in-addr.arpa 18.172.in-addr.arpa 19.172.in-addr.arpa 20.172.in-addr.arpa 21.172.in-addr.arpa 22.172.in-addr.arpa 23.172.in-addr.arpa 24.172.in-addr.arpa 25.172.in-addr.arpa 26.172.in-addr.arpa 27.172.in-addr.arpa 28.172.in-addr.arpa 29.172.in-addr.arpa 30.172.in-addr.arpa 31.172.in-addr.arpa 168.192.in-addr.arpa d.f.ip6.arpa corp home internal intranet lan local private test
Mar 14 03:42:09 ubuntu systemd-resolved[1126]: Using system hostname 'ubuntu'.
Mar 14 03:42:09 ubuntu systemd[1]: Started Network Name Resolution.
Mar 14 03:42:09 ubuntu systemd[1]: Reached target Host and Network Name Lookups.
Mar 14 03:42:09 ubuntu systemd[1]: Finished Load AppArmor profiles managed internally by snapd.
Mar 14 03:42:09 ubuntu systemd[1]: Reached target System Initialization.
Mar 14 03:42:09 ubuntu systemd[1]: Started ACPI Events Check.
Mar 14 03:42:09 ubuntu systemd[1]: Condition check resulted in Process error reports when automatic reporting is enabled (file watch) being skipped.
Mar 14 03:42:09 ubuntu systemd[1]: Started CUPS Scheduler.
Mar 14 03:42:09 ubuntu systemd[1]: Started Start whoopsie on modification of the /var/crash directory.
Mar 14 03:42:09 ubuntu systemd[1]: Started Trigger anacron every hour.
Mar 14 03:42:09 ubuntu systemd[1]: Condition check resulted in Process error reports when automatic reporting is enabled (timer based) being skipped.
Mar 14 03:42:09 ubuntu systemd[1]: Started Daily apt download activities.
Mar 14 03:42:09 ubuntu systemd[1]: Started Daily apt upgrade and clean activities.
Mar 14 03:42:09 ubuntu systemd[1]: Started Daily dpkg database backup timer.
Mar 14 03:42:09 ubuntu systemd[1]: Started Periodic ext4 Online Metadata Check for All Filesystems.
Mar 14 03:42:09 ubuntu systemd[1]: Started Discard unused blocks once a week.
Mar 14 03:42:09 ubuntu systemd[1]: Started Refresh fwupd metadata regularly.
Mar 14 03:42:09 ubuntu systemd[1]: Started Daily rotation of log files.
Mar 14 03:42:09 ubuntu systemd[1]: Started Daily man-db regeneration.
Mar 14 03:42:09 ubuntu systemd[1]: Started Message of the Day.
Mar 14 03:42:09 ubuntu systemd[1]: Condition check resulted in Timer to automatically fetch and run repair assertions being skipped.
Mar 14 03:42:09 ubuntu systemd[1]: Started Daily Cleanup of Temporary Directories.
Mar 14 03:42:09 ubuntu systemd[1]: Started Ubuntu Advantage Timer for running repeated jobs.
Mar 14 03:42:09 ubuntu systemd[1]: Started Clean up old snapshots to free space.
Mar 14 03:42:09 ubuntu systemd[1]: Reached target Path Units.
Mar 14 03:42:09 ubuntu systemd[1]: Listening on ACPID Listen Socket.
Mar 14 03:42:09 ubuntu systemd[1]: Condition check resulted in Unix socket for apport crash forwarding being skipped.
Mar 14 03:42:09 ubuntu systemd[1]: Listening on Avahi mDNS/DNS-SD Stack Activation Socket.
Mar 14 03:42:09 ubuntu systemd[1]: Listening on CUPS Scheduler.
Mar 14 03:42:09 ubuntu systemd[1]: Listening on D-Bus System Message Bus Socket.
Mar 14 03:42:09 ubuntu systemd[1]: Starting Socket activation for snappy daemon...
Mar 14 03:42:09 ubuntu systemd[1]: Listening on UUID daemon activation socket.
Mar 14 03:42:09 ubuntu systemd[1]: Listening on Socker activation for zsys daemon.
Mar 14 03:42:09 ubuntu systemd[1]: Listening on Socket activation for snappy daemon.
Mar 14 03:42:09 ubuntu systemd[1]: Reached target Socket Units.
Mar 14 03:42:09 ubuntu systemd[1]: Reached target Basic System.
Mar 14 03:42:09 ubuntu systemd[1]: Started ACPI event daemon.
Mar 14 03:42:09 ubuntu systemd[1]: Started Run anacron jobs.
Mar 14 03:42:09 ubuntu systemd[1]: Starting LSB: automatic crash report generation...
Mar 14 03:42:09 ubuntu systemd[1]: Starting Avahi mDNS/DNS-SD Stack...
Mar 14 03:42:09 ubuntu systemd[1]: Started D-Bus System Message Bus.
Mar 14 03:42:09 ubuntu systemd[1]: Starting Network Manager...
Mar 14 03:42:09 ubuntu systemd[1]: Started Save initial kernel messages after boot.
Mar 14 03:42:09 ubuntu systemd[1]: Starting Remove Stale Online ext4 Metadata Check Snapshots...
Mar 14 03:42:09 ubuntu dbus-daemon[1165]: dbus[1165]: Unknown group "power" in message bus configuration file
Mar 14 03:42:09 ubuntu systemd[1]: Condition check resulted in getty on tty2-tty6 if dbus and logind are not available being skipped.
Mar 14 03:42:09 ubuntu systemd[1]: Reached target Login Prompts.
Mar 14 03:42:09 ubuntu systemd[1]: Starting Detect the available GPUs and deal with any system changes...
Mar 14 03:42:09 ubuntu systemd[1]: Condition check resulted in Record successful boot for GRUB being skipped.
Mar 14 03:42:09 ubuntu systemd[1]: Condition check resulted in GRUB failed boot detection being skipped.
Mar 14 03:42:09 ubuntu avahi-daemon[1164]: Found user 'avahi' (UID 114) and group 'avahi' (GID 121).
Mar 14 03:42:09 ubuntu systemd[1]: Started irqbalance daemon.
Mar 14 03:42:09 ubuntu dbus-daemon[1165]: [system] AppArmor D-Bus mediation is enabled
Mar 14 03:42:09 ubuntu systemd[1]: Starting Dispatcher daemon for systemd-networkd...
Mar 14 03:42:09 ubuntu systemd[1]: Starting Authorization Manager...
Mar 14 03:42:09 ubuntu systemd[1]: Starting Power Profiles daemon...
Mar 14 03:42:09 ubuntu systemd[1]: Starting System Logging Service...
Mar 14 03:42:09 ubuntu systemd[1]: Condition check resulted in Secure Boot updates for DB and DBX being skipped.
Mar 14 03:42:09 ubuntu systemd[1]: Condition check resulted in Userspace listener for prompt events being skipped.
Mar 14 03:42:09 ubuntu systemd[1]: Condition check resulted in Automatically repair incorrect owner/permissions on core devices being skipped.
Mar 14 03:42:09 ubuntu systemd[1]: Condition check resulted in Wait for the Ubuntu Core chooser trigger being skipped.
Mar 14 03:42:09 ubuntu systemd[1]: Reached target Preparation for Logins.
Mar 14 03:42:09 ubuntu systemd[1]: Starting Snap Daemon...
Mar 14 03:42:09 ubuntu systemd[1]: Condition check resulted in System Security Services Daemon being skipped.
Mar 14 03:42:09 ubuntu systemd[1]: Reached target User and Group Name Lookups.
Mar 14 03:42:09 ubuntu systemd[1]: sssd-nss.socket: Bound to unit sssd.service, but unit isn't active.
Mar 14 03:42:09 ubuntu systemd[1]: Dependency failed for SSSD NSS Service responder socket.
Mar 14 03:42:09 ubuntu systemd[1]: sssd-nss.socket: Job sssd-nss.socket/start failed with result 'dependency'.
Mar 14 03:42:09 ubuntu systemd[1]: sssd-autofs.socket: Bound to unit sssd.service, but unit isn't active.
Mar 14 03:42:09 ubuntu systemd[1]: Dependency failed for SSSD AutoFS Service responder socket.
Mar 14 03:42:09 ubuntu systemd[1]: sssd-autofs.socket: Job sssd-autofs.socket/start failed with result 'dependency'.
Mar 14 03:42:09 ubuntu systemd[1]: sssd-pac.socket: Bound to unit sssd.service, but unit isn't active.
Mar 14 03:42:09 ubuntu systemd[1]: Dependency failed for SSSD PAC Service responder socket.
Mar 14 03:42:09 ubuntu systemd[1]: sssd-pac.socket: Job sssd-pac.socket/start failed with result 'dependency'.
Mar 14 03:42:09 ubuntu systemd[1]: sssd-pam-priv.socket: Bound to unit sssd.service, but unit isn't active.
Mar 14 03:42:09 ubuntu systemd[1]: Dependency failed for SSSD PAM Service responder private socket.
Mar 14 03:42:09 ubuntu systemd[1]: Dependency failed for SSSD PAM Service responder socket.
Mar 14 03:42:09 ubuntu systemd[1]: sssd-pam.socket: Job sssd-pam.socket/start failed with result 'dependency'.
Mar 14 03:42:09 ubuntu systemd[1]: sssd-pam-priv.socket: Job sssd-pam-priv.socket/start failed with result 'dependency'.
Mar 14 03:42:09 ubuntu systemd[1]: sssd-ssh.socket: Bound to unit sssd.service, but unit isn't active.
Mar 14 03:42:09 ubuntu systemd[1]: Dependency failed for SSSD SSH Service responder socket.
Mar 14 03:42:09 ubuntu systemd[1]: sssd-ssh.socket: Job sssd-ssh.socket/start failed with result 'dependency'.
Mar 14 03:42:09 ubuntu systemd[1]: sssd-sudo.socket: Bound to unit sssd.service, but unit isn't active.
Mar 14 03:42:09 ubuntu systemd[1]: Dependency failed for SSSD Sudo Service responder socket.
Mar 14 03:42:09 ubuntu systemd[1]: sssd-sudo.socket: Job sssd-sudo.socket/start failed with result 'dependency'.
Mar 14 03:42:09 ubuntu systemd[1]: Starting Accounts Service...
Mar 14 03:42:09 ubuntu dbus-daemon[1165]: [system] Activating systemd to hand-off: service name='org.freedesktop.PolicyKit1' unit='polkit.service' requested by ':1.4' (uid=0 pid=1185 comm="/usr/libexec/power-profiles-daemon " label="unconfined")
Mar 14 03:42:09 ubuntu systemd[1]: Started Regular background program processing daemon.
Mar 14 03:42:09 ubuntu systemd[1]: Starting Switcheroo Control Proxy service...
Mar 14 03:42:09 ubuntu acpid: starting up with netlink and the input layer
Mar 14 03:42:09 ubuntu systemd[1]: Starting User Login Management...
Mar 14 03:42:09 ubuntu systemd[1]: Condition check resulted in Thermal Daemon Service being skipped.
Mar 14 03:42:09 ubuntu cron[1198]: (CRON) INFO (pidfile fd = 3)
Mar 14 03:42:09 ubuntu systemd[1]: Condition check resulted in Ubuntu Advantage reboot cmds being skipped.
Mar 14 03:42:09 ubuntu systemd[1]: Starting Ubuntu live CD installer...
Mar 14 03:42:09 ubuntu systemd[1]: Starting Disk Manager...
Mar 14 03:42:09 ubuntu systemd[1]: Starting WPA supplicant...
Mar 14 03:42:09 ubuntu systemd[1]: Starting ZFS file system shares...
Mar 14 03:42:09 ubuntu systemd[1]: Started ZFS Event Daemon (zed).
Mar 14 03:42:09 ubuntu systemd[1]: Starting ZSYS daemon service...
Mar 14 03:42:09 ubuntu systemd[1]: anacron.service: Deactivated successfully.
Mar 14 03:42:09 ubuntu systemd[1]: e2scrub_reap.service: Deactivated successfully.
Mar 14 03:42:09 ubuntu systemd[1]: Finished Remove Stale Online ext4 Metadata Check Snapshots.
Mar 14 03:42:09 ubuntu systemd[1]: Finished ZFS file system shares.
Mar 14 03:42:09 ubuntu avahi-daemon[1164]: Successfully dropped root privileges.
Mar 14 03:42:09 ubuntu avahi-daemon[1164]: avahi-daemon 0.8 starting up.
Mar 14 03:42:09 ubuntu dbus-daemon[1165]: [system] Successfully activated service 'org.freedesktop.systemd1'
Mar 14 03:42:09 ubuntu avahi-daemon[1164]: Successfully called chroot().
Mar 14 03:42:09 ubuntu avahi-daemon[1164]: Successfully dropped remaining capabilities.
Mar 14 03:42:09 ubuntu systemd[1]: Started ZSYS daemon service.
Mar 14 03:42:09 ubuntu systemd[1]: Started Switcheroo Control Proxy service.
Mar 14 03:42:09 ubuntu systemd[1]: Started Avahi mDNS/DNS-SD Stack.
Mar 14 03:42:09 ubuntu systemd[1]: Reached target ZFS startup target.
Mar 14 03:42:09 ubuntu systemd[1]: Condition check resulted in Manage Sound Card State (restore and store) being skipped.
Mar 14 03:42:09 ubuntu systemd[1]: Starting Save/Restore Sound Card State...
Mar 14 03:42:09 ubuntu alsactl[1223]: /usr/sbin/alsactl: load_state:1689: Cannot open /var/lib/alsa/asound.state for reading: No such file or directory
Mar 14 03:42:09 ubuntu apport[1163]:  * Starting automatic crash report generation: apport
Mar 14 03:42:09 ubuntu alsactl[1223]: alsa-lib main.c:1412:(snd_use_case_mgr_open) error: failed to import hw:0 use case configuration -2
Mar 14 03:42:09 ubuntu alsactl[1223]: Found hardware: "ICH" "Analog Devices AD1980" "AC97a:41445370" "0x1028" "0x0177"
Mar 14 03:42:09 ubuntu alsactl[1223]: Hardware is initialized using a generic method
Mar 14 03:42:09 ubuntu systemd[1]: Finished Save/Restore Sound Card State.
Mar 14 03:42:09 ubuntu systemd[1]: Reached target Sound Card.
Mar 14 03:42:09 ubuntu avahi-daemon[1164]: No service file found in /etc/avahi/services.
Mar 14 03:42:09 ubuntu apport[1163]:    ...done.
Mar 14 03:42:09 ubuntu avahi-daemon[1164]: Joining mDNS multicast group on interface lo.IPv6 with address ::1.
Mar 14 03:42:09 ubuntu avahi-daemon[1164]: New relevant interface lo.IPv6 for mDNS.
Mar 14 03:42:09 ubuntu avahi-daemon[1164]: Joining mDNS multicast group on interface lo.IPv4 with address 127.0.0.1.
Mar 14 03:42:09 ubuntu avahi-daemon[1164]: New relevant interface lo.IPv4 for mDNS.
Mar 14 03:42:09 ubuntu avahi-daemon[1164]: Network interface enumeration completed.
Mar 14 03:42:09 ubuntu avahi-daemon[1164]: Registering new address record for ::1 on lo.*.
Mar 14 03:42:09 ubuntu avahi-daemon[1164]: Registering new address record for 127.0.0.1 on lo.IPv4.
Mar 14 03:42:09 ubuntu systemd[1]: Started LSB: automatic crash report generation.
Mar 14 03:42:09 ubuntu rsyslogd: imuxsock: Acquired UNIX socket '/run/systemd/journal/syslog' (fd 3) from systemd.  [v8.2112.0]
Mar 14 03:42:09 ubuntu systemd[1]: Started System Logging Service.
Mar 14 03:42:09 ubuntu rsyslogd: rsyslogd's groupid changed to 111
Mar 14 03:42:09 ubuntu rsyslogd: rsyslogd's userid changed to 104
Mar 14 03:42:09 ubuntu rsyslogd: [origin software="rsyslogd" swVersion="8.2112.0" x-pid="1186" x-info="https://www.rsyslog.com"] start
Mar 14 03:42:09 ubuntu cron[1198]: (CRON) INFO (Running @reboot jobs)
Mar 14 03:42:09 ubuntu acpid: 8 rules loaded
Mar 14 03:42:09 ubuntu acpid: waiting for events: event logging is off
Mar 14 03:42:09 ubuntu polkitd[1184]: started daemon version 0.105 using authority implementation `local' version `0.105'
Mar 14 03:42:09 ubuntu dbus-daemon[1165]: [system] Successfully activated service 'org.freedesktop.PolicyKit1'
Mar 14 03:42:09 ubuntu systemd[1]: Started Authorization Manager.
Mar 14 03:42:09 ubuntu accounts-daemon[1191]: started daemon version 22.07.5
Mar 14 03:42:09 ubuntu systemd[1]: Started Accounts Service.
Mar 14 03:42:09 ubuntu systemd[1]: Started Power Profiles daemon.
Mar 14 03:42:09 ubuntu systemd[1]: Starting Modem Manager...
Mar 14 03:42:09 ubuntu systemd[1]: Started User Login Management.
Mar 14 03:42:09 ubuntu systemd[1]: Started WPA supplicant.
Mar 14 03:42:09 ubuntu wpa_supplicant[1206]: Successfully initialized wpa_supplicant
Mar 14 03:42:09 ubuntu zed[1208]: ZFS Event Daemon 2.1.5-1ubuntu6~22.04.1 (PID 1208)
Mar 14 03:42:09 ubuntu zed[1208]: Processing events since eid=0
Mar 14 03:42:09 ubuntu udisksd[1205]: udisks daemon version 2.9.4 starting
Mar 14 03:42:09 ubuntu systemd[1]: gpu-manager.service: Deactivated successfully.
Mar 14 03:42:09 ubuntu systemd[1]: Finished Detect the available GPUs and deal with any system changes.
Mar 14 03:42:09 ubuntu NetworkManager[1166]: <info>  [1678765329.6959] NetworkManager (version 1.36.6) is starting... (for the first time)
Mar 14 03:42:09 ubuntu NetworkManager[1166]: <info>  [1678765329.6981] Read config: /etc/NetworkManager/NetworkManager.conf (lib: 10-dns-resolved.conf, 20-connectivity-ubuntu.conf, no-mac-addr-change.conf) (run: 10-globally-managed-devices.conf) (etc: default-wifi-powersave-on.conf)
Mar 14 03:42:09 ubuntu systemd[1]: Started Network Manager.
Mar 14 03:42:09 ubuntu systemd[1]: Reached target Network.
Mar 14 03:42:09 ubuntu systemd[1]: Starting Network Manager Wait Online...
Mar 14 03:42:09 ubuntu systemd[1]: Starting CUPS Scheduler...
Mar 14 03:42:09 ubuntu NetworkManager[1166]: <info>  [1678765329.7091] bus-manager: acquired D-Bus service "org.freedesktop.NetworkManager"
Mar 14 03:42:09 ubuntu systemd[1]: Starting OpenVPN service...
Mar 14 03:42:09 ubuntu systemd[1]: Starting Permit User Sessions...
Mar 14 03:42:09 ubuntu systemd[1]: Started Unattended Upgrades Shutdown.
Mar 14 03:42:09 ubuntu systemd[1]: Finished OpenVPN service.
Mar 14 03:42:09 ubuntu systemd[1]: Finished Permit User Sessions.
Mar 14 03:42:09 ubuntu systemd[1]: Starting Hold until boot process finishes up...
Mar 14 03:42:09 ubuntu NetworkManager[1166]: <info>  [1678765329.7569] manager[0x5649d32ea040]: monitoring kernel firmware directory '/lib/firmware'.
Mar 14 03:42:09 ubuntu NetworkManager[1166]: <info>  [1678765329.7569] monitoring ifupdown state file '/run/network/ifstate'.
Mar 14 03:42:09 ubuntu dbus-daemon[1165]: [system] Activating via systemd: service name='org.freedesktop.hostname1' unit='dbus-org.freedesktop.hostname1.service' requested by ':1.13' (uid=0 pid=1166 comm="/usr/sbin/NetworkManager --no-daemon " label="unconfined")
Mar 14 03:42:09 ubuntu systemd[1]: Starting Hostname Service...
Mar 14 03:42:09 ubuntu ModemManager[1237]: <info>  ModemManager (version 1.18.6) starting in system bus...
Mar 14 03:42:09 ubuntu udisksd[1205]: failed to load module mdraid: libbd_mdraid.so.2: cannot open shared object file: No such file or directory
Mar 14 03:42:09 ubuntu dbus-daemon[1165]: [system] Successfully activated service 'org.freedesktop.hostname1'
Mar 14 03:42:09 ubuntu systemd[1]: Started Hostname Service.
Mar 14 03:42:09 ubuntu NetworkManager[1166]: <info>  [1678765329.8605] hostname: hostname: using hostnamed
Mar 14 03:42:09 ubuntu NetworkManager[1166]: <info>  [1678765329.8605] hostname: static hostname changed from (none) to "ubuntu"
Mar 14 03:42:09 ubuntu NetworkManager[1166]: <info>  [1678765329.8662] dns-mgr[0x5649d32c72a0]: init: dns=systemd-resolved rc-manager=unmanaged (auto), plugin=systemd-resolved
Mar 14 03:42:09 ubuntu udisksd[1205]: Failed to load the 'mdraid' libblockdev plugin
Mar 14 03:42:09 ubuntu NetworkManager[1166]: <info>  [1678765329.8736] manager[0x5649d32ea040]: rfkill: Wi-Fi hardware radio set enabled
Mar 14 03:42:09 ubuntu NetworkManager[1166]: <info>  [1678765329.8740] manager[0x5649d32ea040]: rfkill: WWAN hardware radio set enabled
Mar 14 03:42:09 ubuntu systemd[1]: Started Disk Manager.
Mar 14 03:42:09 ubuntu udisksd[1205]: Acquired the name org.freedesktop.UDisks2 on the system message bus
Mar 14 03:42:09 ubuntu NetworkManager[1166]: <info>  [1678765329.9075] Loaded device plugin: NMAtmManager (/usr/lib/x86_64-linux-gnu/NetworkManager/1.36.6/libnm-device-plugin-adsl.so)
Mar 14 03:42:09 ubuntu NetworkManager[1166]: <info>  [1678765329.9229] Loaded device plugin: NMBluezManager (/usr/lib/x86_64-linux-gnu/NetworkManager/1.36.6/libnm-device-plugin-bluetooth.so)
Mar 14 03:42:09 ubuntu NetworkManager[1166]: <info>  [1678765329.9480] Loaded device plugin: NMTeamFactory (/usr/lib/x86_64-linux-gnu/NetworkManager/1.36.6/libnm-device-plugin-team.so)
Mar 14 03:42:09 ubuntu NetworkManager[1166]: <info>  [1678765329.9521] Loaded device plugin: NMWifiFactory (/usr/lib/x86_64-linux-gnu/NetworkManager/1.36.6/libnm-device-plugin-wifi.so)
Mar 14 03:42:09 ubuntu NetworkManager[1166]: <info>  [1678765329.9531] Loaded device plugin: NMWwanFactory (/usr/lib/x86_64-linux-gnu/NetworkManager/1.36.6/libnm-device-plugin-wwan.so)
Mar 14 03:42:09 ubuntu NetworkManager[1166]: <info>  [1678765329.9536] manager: rfkill: Wi-Fi enabled by radio killswitch; enabled by state file
Mar 14 03:42:09 ubuntu NetworkManager[1166]: <info>  [1678765329.9536] manager: rfkill: WWAN enabled by radio killswitch; enabled by state file
Mar 14 03:42:09 ubuntu NetworkManager[1166]: <info>  [1678765329.9536] manager: Networking is enabled by state file
Mar 14 03:42:09 ubuntu dbus-daemon[1165]: [system] Activating via systemd: service name='org.freedesktop.nm_dispatcher' unit='dbus-org.freedesktop.nm-dispatcher.service' requested by ':1.13' (uid=0 pid=1166 comm="/usr/sbin/NetworkManager --no-daemon " label="unconfined")
Mar 14 03:42:09 ubuntu systemd[1]: Starting Network Manager Script Dispatcher Service...
Mar 14 03:42:09 ubuntu NetworkManager[1166]: <info>  [1678765329.9655] settings: Loaded settings plugin: ifupdown ("/usr/lib/x86_64-linux-gnu/NetworkManager/1.36.6/libnm-settings-plugin-ifupdown.so")
Mar 14 03:42:09 ubuntu NetworkManager[1166]: <info>  [1678765329.9656] settings: Loaded settings plugin: keyfile (internal)
Mar 14 03:42:09 ubuntu NetworkManager[1166]: <info>  [1678765329.9657] ifupdown: management mode: unmanaged
Mar 14 03:42:09 ubuntu NetworkManager[1166]: <info>  [1678765329.9664] ifupdown: interfaces file /etc/network/interfaces doesn't exist
Mar 14 03:42:09 ubuntu dbus-daemon[1165]: [system] Successfully activated service 'org.freedesktop.nm_dispatcher'
Mar 14 03:42:09 ubuntu systemd[1]: Started Network Manager Script Dispatcher Service.
Mar 14 03:42:09 ubuntu NetworkManager[1166]: <info>  [1678765329.9719] dhcp-init: Using DHCP client 'internal'
Mar 14 03:42:09 ubuntu NetworkManager[1166]: <info>  [1678765329.9719] device (lo): carrier: link connected
Mar 14 03:42:09 ubuntu NetworkManager[1166]: <info>  [1678765329.9721] manager: (lo): new Generic device (/org/freedesktop/NetworkManager/Devices/1)
Mar 14 03:42:09 ubuntu NetworkManager[1166]: <info>  [1678765329.9727] manager: (enp0s3): new Ethernet device (/org/freedesktop/NetworkManager/Devices/2)
Mar 14 03:42:09 ubuntu NetworkManager[1166]: <info>  [1678765329.9740] settings: (enp0s3): created default wired connection 'Wired connection 1'
Mar 14 03:42:09 ubuntu NetworkManager[1166]: <info>  [1678765329.9741] device (enp0s3): state change: unmanaged -> unavailable (reason 'managed', sys-iface-state: 'external')
Mar 14 03:42:09 ubuntu NetworkManager[1166]: <info>  [1678765329.9867] device (enp0s3): carrier: link connected
Mar 14 03:42:09 ubuntu NetworkManager[1166]: <info>  [1678765329.9883] failed to open /run/network/ifstate
Mar 14 03:42:09 ubuntu kernel: [   10.054857] e1000: enp0s3 NIC Link is Up 1000 Mbps Full Duplex, Flow Control: RX
Mar 14 03:42:09 ubuntu kernel: [   10.056259] IPv6: ADDRCONF(NETDEV_CHANGE): enp0s3: link becomes ready
Mar 14 03:42:09 ubuntu NetworkManager[1166]: <info>  [1678765329.9943] device (enp0s3): state change: unavailable -> disconnected (reason 'none', sys-iface-state: 'managed')
Mar 14 03:42:10 ubuntu NetworkManager[1166]: <info>  [1678765330.0062] policy: auto-activating connection 'Wired connection 1' (d4935066-45f5-3a8f-976d-f6db2bb82df0)
Mar 14 03:42:10 ubuntu NetworkManager[1166]: <info>  [1678765330.0094] device (enp0s3): Activation: starting connection 'Wired connection 1' (d4935066-45f5-3a8f-976d-f6db2bb82df0)
Mar 14 03:42:10 ubuntu NetworkManager[1166]: <info>  [1678765330.0131] device (enp0s3): state change: disconnected -> prepare (reason 'none', sys-iface-state: 'managed')
Mar 14 03:42:10 ubuntu NetworkManager[1166]: <info>  [1678765330.0154] manager: NetworkManager state is now CONNECTING
Mar 14 03:42:10 ubuntu NetworkManager[1166]: <info>  [1678765330.0157] device (enp0s3): state change: prepare -> config (reason 'none', sys-iface-state: 'managed')
Mar 14 03:42:10 ubuntu NetworkManager[1166]: <info>  [1678765330.0204] device (enp0s3): state change: config -> ip-config (reason 'none', sys-iface-state: 'managed')
Mar 14 03:42:10 ubuntu NetworkManager[1166]: <info>  [1678765330.0275] dhcp4 (enp0s3): activation: beginning transaction (timeout in 45 seconds)
Mar 14 03:42:10 ubuntu avahi-daemon[1164]: Joining mDNS multicast group on interface enp0s3.IPv6 with address fe80::9970:ed1f:33d1:80de.
Mar 14 03:42:10 ubuntu NetworkManager[1166]: <info>  [1678765330.0365] dhcp4 (enp0s3): state changed new lease, address=10.0.2.15
Mar 14 03:42:10 ubuntu avahi-daemon[1164]: New relevant interface enp0s3.IPv6 for mDNS.
Mar 14 03:42:10 ubuntu avahi-daemon[1164]: Registering new address record for fe80::9970:ed1f:33d1:80de on enp0s3.*.
Mar 14 03:42:10 ubuntu NetworkManager[1166]: <info>  [1678765330.0389] device (enp0s3): state change: ip-config -> ip-check (reason 'none', sys-iface-state: 'managed')
Mar 14 03:42:10 ubuntu avahi-daemon[1164]: Joining mDNS multicast group on interface enp0s3.IPv4 with address 10.0.2.15.
Mar 14 03:42:10 ubuntu avahi-daemon[1164]: New relevant interface enp0s3.IPv4 for mDNS.
Mar 14 03:42:10 ubuntu avahi-daemon[1164]: Registering new address record for 10.0.2.15 on enp0s3.IPv4.
Mar 14 03:42:10 ubuntu NetworkManager[1166]: <info>  [1678765330.0528] device (enp0s3): state change: ip-check -> secondaries (reason 'none', sys-iface-state: 'managed')
Mar 14 03:42:10 ubuntu NetworkManager[1166]: <info>  [1678765330.0530] device (enp0s3): state change: secondaries -> activated (reason 'none', sys-iface-state: 'managed')
Mar 14 03:42:10 ubuntu NetworkManager[1166]: <info>  [1678765330.0531] manager: NetworkManager state is now CONNECTED_LOCAL
Mar 14 03:42:10 ubuntu NetworkManager[1166]: <info>  [1678765330.0532] manager: NetworkManager state is now CONNECTED_SITE
Mar 14 03:42:10 ubuntu NetworkManager[1166]: <info>  [1678765330.0533] policy: set 'Wired connection 1' (enp0s3) as default for IPv4 routing and DNS
Mar 14 03:42:10 ubuntu NetworkManager[1166]: <info>  [1678765330.0537] device (enp0s3): Activation: successful, device activated.
Mar 14 03:42:10 ubuntu NetworkManager[1166]: <info>  [1678765330.0543] manager: startup complete
Mar 14 03:42:10 ubuntu systemd-resolved[1126]: enp0s3: Bus client set default route setting: yes
Mar 14 03:42:10 ubuntu systemd[1]: Finished Network Manager Wait Online.
Mar 14 03:42:10 ubuntu systemd[1]: Reached target Network is Online.
Mar 14 03:42:10 ubuntu systemd[1]: Started Download data for packages that failed at package install time.
Mar 14 03:42:10 ubuntu systemd[1]: Started Check to see whether there is a new version of Ubuntu available.
Mar 14 03:42:10 ubuntu systemd[1]: Reached target Timer Units.
Mar 14 03:42:10 ubuntu systemd-resolved[1126]: enp0s3: Bus client set DNS server list to: 10.6.15.200
Mar 14 03:42:10 ubuntu systemd[1]: Starting Tool to automatically collect and submit kernel crash signatures...
Mar 14 03:42:10 ubuntu systemd[1]: Condition check resulted in Ubuntu Pro Background Auto Attach being skipped.
Mar 14 03:42:10 ubuntu systemd[1]: Started crash report submission.
Mar 14 03:42:10 ubuntu whoopsie[1293]: [03:42:10] Using lock path: /var/lock/whoopsie/lock
Mar 14 03:42:10 ubuntu systemd[1]: kerneloops.service: Found left-over process 1298 (kerneloops) in control group while starting unit. Ignoring.
Mar 14 03:42:10 ubuntu systemd[1]: This usually indicates unclean termination of a previous run, or service implementation deficiencies.
Mar 14 03:42:10 ubuntu systemd[1]: whoopsie.service: Deactivated successfully.
Mar 14 03:42:10 ubuntu systemd[1]: Started Tool to automatically collect and submit kernel crash signatures.
Mar 14 03:42:10 ubuntu systemd-resolved[1126]: Using degraded feature set UDP instead of UDP+EDNS0 for DNS server 10.6.15.200.
Mar 14 03:42:10 ubuntu systemd[1]: Started Modem Manager.
Mar 14 03:42:10 ubuntu NetworkManager[1166]: <info>  [1678765330.1718] modem-manager: ModemManager not available
Mar 14 03:42:10 ubuntu NetworkManager[1166]: <info>  [1678765330.2067] modem-manager: ModemManager now available
Mar 14 03:42:10 ubuntu systemd[1]: Started CUPS Scheduler.
Mar 14 03:42:10 ubuntu systemd[1]: Started Make remote CUPS printers available locally.
Mar 14 03:42:10 ubuntu networkd-dispatcher[1183]: No valid path found for iw
Mar 14 03:42:10 ubuntu dbus-daemon[1165]: [system] Activating via systemd: service name='org.freedesktop.network1' unit='dbus-org.freedesktop.network1.service' requested by ':1.22' (uid=0 pid=1317 comm="/usr/bin/networkctl list --no-pager --no-legend " label="unconfined")
Mar 14 03:42:10 ubuntu dbus-daemon[1165]: [system] Activation via systemd failed for unit 'dbus-org.freedesktop.network1.service': Unit dbus-org.freedesktop.network1.service not found.
Mar 14 03:42:10 ubuntu networkd-dispatcher[1317]: WARNING: systemd-networkd is not running, output will be incomplete.
Mar 14 03:42:10 ubuntu networkd-dispatcher[1183]: ERROR:Unknown state for interface NetworkctlListState(idx=1, name='lo', type='loopback', operational='n/a', administrative='unmanaged'): n/a
Mar 14 03:42:10 ubuntu networkd-dispatcher[1183]: Traceback (most recent call last):
Mar 14 03:42:10 ubuntu networkd-dispatcher[1183]:   File "/usr/bin/networkd-dispatcher", line 298, in trigger_all
Mar 14 03:42:10 ubuntu networkd-dispatcher[1183]:     self.handle_state(iface_name,
